Component: ARM Compiler 5.06 update 7 (build 960) Tool: armlink [4d3601]

==============================================================================

Section Cross References

    main.o(.text) refers to _printf_pad.o(.text) for _printf_pre_padding
    main.o(.text) refers to _printf_percent.o(.ARM.Collect$$_printf_percent$$00000000) for _printf_percent
    main.o(.text) refers to _printf_d.o(.ARM.Collect$$_printf_percent$$00000009) for _printf_d
    main.o(.text) refers to _printf_s.o(.ARM.Collect$$_printf_percent$$00000014) for _printf_s
    main.o(.text) refers to _printf_dec.o(.text) for _printf_int_dec
    main.o(.text) refers to _printf_str.o(.text) for _printf_str
    main.o(.text) refers to h1_alloc.o(.text) for malloc
    main.o(.text) refers to aeabi_memset.o(.text) for __aeabi_memset
    main.o(.text) refers to h1_free.o(.text) for free
    main.o(.text) refers to w25qxx.o(.text) for W25QXX_Read
    main.o(.text) refers to rc522.o(.text) for PcdRequest
    main.o(.text) refers to lcd.o(.text) for LCD_ShowString
    main.o(.text) refers to beep.o(.text) for ERR_BEEP
    main.o(.text) refers to delay.o(.text) for delay_ms
    main.o(.text) refers to main.o(.data) for .data
    main.o(.text) refers to stm32f4xx_rtc.o(.text) for RTC_GetTime
    main.o(.text) refers to noretval__2sprintf.o(.text) for __2sprintf
    main.o(.text) refers to led.o(.text) for ERR_LED
    main.o(.text) refers to misc.o(.text) for NVIC_PriorityGroupConfig
    main.o(.text) refers to key.o(.text) for KEY_Init
    main.o(.text) refers to exti.o(.text) for EXTIX_Init
    main.o(.text) refers to usart.o(.text) for uart_init
    main.o(.text) refers to spi.o(.text) for RC522_SPI3_Init
    main.o(.text) refers to lcd.o(.data) for BACK_COLOR
    system_stm32f4xx.o(.text) refers to system_stm32f4xx.o(.data) for .data
    led.o(.text) refers to stm32f4xx_rcc.o(.text) for RCC_AHB1PeriphClockCmd
    led.o(.text) refers to stm32f4xx_gpio.o(.text) for GPIO_Init
    led.o(.text) refers to delay.o(.text) for delay_ms
    lcd.o(.text) refers to delay.o(.text) for delay_us
    lcd.o(.text) refers to lcd.o(.bss) for .bss
    lcd.o(.text) refers to dflt_clz.o(x$fpl$dfltu) for __aeabi_ui2d
    lcd.o(.text) refers to dmul.o(x$fpl$dmul) for __aeabi_dmul
    lcd.o(.text) refers to dfixu.o(x$fpl$dfixu) for __aeabi_d2uiz
    lcd.o(.text) refers to lcd.o(.data) for .data
    lcd.o(.text) refers to stm32f4xx_rcc.o(.text) for RCC_AHB1PeriphClockCmd
    lcd.o(.text) refers to stm32f4xx_gpio.o(.text) for GPIO_Init
    lcd.o(.text) refers to stm32f4xx_fsmc.o(.text) for FSMC_NORSRAMInit
    lcd.o(.text) refers to lcd.o(.constdata) for .constdata
    key.o(.text) refers to stm32f4xx_rcc.o(.text) for RCC_AHB1PeriphClockCmd
    key.o(.text) refers to stm32f4xx_gpio.o(.text) for GPIO_Init
    key.o(.text) refers to delay.o(.text) for delay_ms
    key.o(.text) refers to key.o(.data) for .data
    spi.o(.text) refers to stm32f4xx_spi.o(.text) for SPI_I2S_GetFlagStatus
    spi.o(.text) refers to stm32f4xx_rcc.o(.text) for RCC_AHB1PeriphClockCmd
    spi.o(.text) refers to stm32f4xx_gpio.o(.text) for GPIO_Init
    w25qxx.o(.text) refers to _printf_percent.o(.ARM.Collect$$_printf_percent$$00000000) for _printf_percent
    w25qxx.o(.text) refers to _printf_x.o(.ARM.Collect$$_printf_percent$$0000000C) for _printf_x
    w25qxx.o(.text) refers to _printf_hex_int.o(.text) for _printf_longlong_hex
    w25qxx.o(.text) refers to spi.o(.text) for SPI1_ReadWriteByte
    w25qxx.o(.text) refers to stm32f4xx_rcc.o(.text) for RCC_AHB1PeriphClockCmd
    w25qxx.o(.text) refers to stm32f4xx_gpio.o(.text) for GPIO_Init
    w25qxx.o(.text) refers to noretval__2printf.o(.text) for __2printf
    w25qxx.o(.text) refers to delay.o(.text) for delay_us
    w25qxx.o(.text) refers to w25qxx.o(.data) for .data
    w25qxx.o(.text) refers to w25qxx.o(.bss) for .bss
    rtc.o(.text) refers to stm32f4xx_rtc.o(.text) for RTC_SetTime
    rtc.o(.text) refers to stm32f4xx_rcc.o(.text) for RCC_APB1PeriphClockCmd
    rtc.o(.text) refers to stm32f4xx_pwr.o(.text) for PWR_BackupAccessCmd
    rtc.o(.text) refers to delay.o(.text) for delay_ms
    rtc.o(.text) refers to stm32f4xx_exti.o(.text) for EXTI_ClearITPendingBit
    rtc.o(.text) refers to misc.o(.text) for NVIC_Init
    rtc.o(.text) refers to noretval__2printf.o(.text) for __2printf
    rtc.o(.text) refers to rtc.o(.data) for .data
    timer.o(.text) refers to stm32f4xx_rcc.o(.text) for RCC_APB1PeriphClockCmd
    timer.o(.text) refers to stm32f4xx_tim.o(.text) for TIM_TimeBaseInit
    timer.o(.text) refers to misc.o(.text) for NVIC_Init
    beep.o(.text) refers to stm32f4xx_rcc.o(.text) for RCC_AHB1PeriphClockCmd
    beep.o(.text) refers to stm32f4xx_gpio.o(.text) for GPIO_Init
    beep.o(.text) refers to delay.o(.text) for delay_ms
    exti.o(.text) refers to delay.o(.text) for delay_ms
    exti.o(.text) refers to stm32f4xx_gpio.o(.text) for GPIO_ReadInputDataBit
    exti.o(.text) refers to stm32f4xx_exti.o(.text) for EXTI_ClearITPendingBit
[...]
    .text                                    0x08009688   Section        0  _printf_intcommon.o(.text)
    .text                                    0x0800973c   Section        0  _printf_char_common.o(.text)
    _printf_input_char                       0x0800973d   Thumb Code    10  _printf_char_common.o(.text)
    .text                                    0x0800976c   Section        0  _sputc.o(.text)
    .text                                    0x08009776   Section        0  _printf_char.o(.text)
    .text                                    0x080097a4   Section        0  _printf_char_file.o(.text)
    .text                                    0x080097c8   Section       68  rt_memclr.o(.text)
    .text                                    0x0800980c   Section        8  libspace.o(.text)
    .text                                    0x08009814   Section        0  h1_extend.o(.text)
    .text                                    0x08009848   Section        0  ferror.o(.text)
    .text                                    0x08009850   Section        0  defsig_rtmem_outer.o(.text)
    .text                                    0x0800985e   Section       78  rt_memclr_w.o(.text)
    .text                                    0x080098ac   Section       74  sys_stackheap_outer.o(.text)
    .text                                    0x080098f6   Section        0  exit.o(.text)
    .text                                    0x08009908   Section        0  defsig_exit.o(.text)
    .text                                    0x08009914   Section        0  defsig_rtmem_inner.o(.text)
    .text                                    0x08009964   Section        0  defsig_general.o(.text)
    i._is_digit                              0x08009996   Section        0  __printf_wp.o(i._is_digit)
    x$fpl$dfixu                              0x080099a4   Section       90  dfixu.o(x$fpl$dfixu)
    $v0                                      0x080099a4   Number         0  dfixu.o(x$fpl$dfixu)
    x$fpl$dfltu                              0x080099fe   Section       38  dflt_clz.o(x$fpl$dfltu)
    $v0                                      0x080099fe   Number         0  dflt_clz.o(x$fpl$dfltu)
    x$fpl$dmul                               0x08009a24   Section      340  dmul.o(x$fpl$dmul)
    $v0                                      0x08009a24   Number         0  dmul.o(x$fpl$dmul)
    x$fpl$dnaninf                            0x08009b78   Section      156  dnaninf.o(x$fpl$dnaninf)
    $v0                                      0x08009b78   Number         0  dnaninf.o(x$fpl$dnaninf)
    x$fpl$dretinf                            0x08009c14   Section       12  dretinf.o(x$fpl$dretinf)
    $v0                                      0x08009c14   Number         0  dretinf.o(x$fpl$dretinf)
    x$fpl$fpinit                             0x08009c20   Section       10  fpinit.o(x$fpl$fpinit)
    $v0                                      0x08009c20   Number         0  fpinit.o(x$fpl$fpinit)
    .constdata                               0x08009c2a   Section     6080  lcd.o(.constdata)
    x$fpl$usenofp                            0x08009c2a   Section        0  usenofp.o(x$fpl$usenofp)
    .constdata                               0x0800b3ec   Section       28  stm32f4xx_fsmc.o(.constdata)
    .constdata                               0x0800b408   Section       40  _printf_hex_int.o(.constdata)
    uc_hextab                                0x0800b408   Data          20  _printf_hex_int.o(.constdata)
    lc_hextab                                0x0800b41c   Data          20  _printf_hex_int.o(.constdata)
    .constdata                               0x0800b430   Section       17  __printf_flags_wp.o(.constdata)
    maptable                                 0x0800b430   Data          17  __printf_flags_wp.o(.constdata)
    .data                                    0x20000000   Section       15  main.o(.data)
    .data                                    0x20000010   Section       20  system_stm32f4xx.o(.data)
    .data                                    0x20000024   Section        4  lcd.o(.data)
    .data                                    0x20000028   Section        1  key.o(.data)
    key_up                                   0x20000028   Data           1  key.o(.data)
    .data                                    0x2000002a   Section        2  w25qxx.o(.data)
    .data                                    0x2000002c   Section        4  rtc.o(.data)
    .data                                    0x20000030   Section        4  delay.o(.data)
    fac_us                                   0x20000030   Data           1  delay.o(.data)
    fac_ms                                   0x20000032   Data           2  delay.o(.data)
    .data                                    0x20000034   Section        2  usart.o(.data)
    .data                                    0x20000038   Section        4  usart.o(.data)
    .data                                    0x2000003c   Section       16  stm32f4xx_rcc.o(.data)
    APBAHBPrescTable                         0x2000003c   Data          16  stm32f4xx_rcc.o(.data)
    .bss                                     0x2000004c   Section       14  lcd.o(.bss)
    .bss                                     0x2000005a   Section     4096  w25qxx.o(.bss)
    .bss                                     0x2000105a   Section      200  usart.o(.bss)
    .bss                                     0x20001124   Section       96  libspace.o(.bss)
    HEAP                                     0x20001188   Section      512  startup_stm32f40_41xxx.o(HEAP)
    Heap_Mem                                 0x20001188   Data         512  startup_stm32f40_41xxx.o(HEAP)
    STACK                                    0x20001388   Section     1024  startup_stm32f40_41xxx.o(STACK)
    Stack_Mem                                0x20001388   Data        1024  startup_stm32f40_41xxx.o(STACK)
    __initial_sp                             0x20001788   Data           0  startup_stm32f40_41xxx.o(STACK)

    Global Symbols

    Symbol Name                              Value     Ov Type        Size  Object(Section)

    BuildAttributes$$THM_ISAv4$E$P$D$K$B$S$7EM$VFPi3$EXTD16$VFPS$VFMA$PE$A:L22UL41UL21$X:L11$S22US41US21$IEEE1$IW$USESV6$~STKCKD$USESV7$~SHL$OTIME$ROPI$EBA8$UX$STANDARDLIB$REQ8$PRES8$EABIv2 0x00000000   Number         0  anon$$obj.o ABSOLUTE
    __ARM_use_no_argv                        0x00000000   Number         0  main.o ABSOLUTE
    _printf_flags                            0x00000000   Number         0  printf_stubs.o ABSOLUTE
    _printf_return_value                     0x00000000   Number         0  printf_stubs.o ABSOLUTE
    _printf_sizespec                         0x00000000   Number         0  printf_stubs.o ABSOLUTE
    _printf_widthprec                        0x00000000   Number         0  printf_stubs.o ABSOLUTE
    __ARM_exceptions_init                     - Undefined Weak Reference
    __alloca_initialize                       - Undefined Weak Reference
    __arm_fini_                               - Undefined Weak Reference
    __arm_preinit_                            - Undefined Weak Reference
    __cpp_initialize__aeabi_                  - Undefined Weak Reference
    __cxa_finalize                            - Undefined Weak Reference
    __rt_locale                               - Undefined Weak Reference
    __sigvec_lookup                           - Undefined Weak Reference
    __user_heap_extent                        - Undefined Weak Reference
    _atexit_init                              - Undefined Weak Reference
    _call_atexit_fns                          - Undefined Weak Reference
    _clock_init                               - Undefined Weak Reference
    _fp_trap_init                             - Undefined Weak Reference
    _fp_trap_shutdown                         - Undefined Weak Reference
    _get_lc_collate                           - Undefined Weak Reference
    _get_lc_ctype                             - Undefined Weak Reference
    _get_lc_monetary                          - Undefined Weak Reference
    _get_lc_numeric                           - Undefined Weak Reference
    _get_lc_time                              - Undefined Weak Reference
    _getenv_init                              - Undefined Weak Reference
    _handle_redirection                       - Undefined Weak Reference
    _initio                                   - Undefined Weak Reference
    _mutex_acquire                            - Undefined Weak Reference
    _mutex_free                               - Undefined Weak Reference
    _mutex_release                            - Undefined Weak Reference
    _printf_mbtowc                            - Undefined Weak Reference
    _printf_truncate_signed                   - Undefined Weak Reference
    _printf_truncate_unsigned                 - Undefined Weak Reference
    _rand_init                                - Undefined Weak Reference
    _signal_finish                            - Undefined Weak Reference
    _signal_init                              - Undefined Weak Reference
    _terminateio                              - Undefined Weak Reference
    __Vectors_Size                           0x00000188   Number         0  startup_stm32f40_41xxx.o ABSOLUTE
    __Vectors                                0x08000000   Data           4  startup_stm32f40_41xxx.o(RESET)
    __Vectors_End                            0x08000188   Data           0  startup_stm32f40_41xxx.o(RESET)
    __main                                   0x08000189   Thumb Code     8  __main.o(!!!main)
    __scatterload                            0x08000191   Thumb Code     0  __scatter.o(!!!scatter)
    __scatterload_rt2                        0x08000191   Thumb Code    44  __scatter.o(!!!scatter)
    __scatterload_rt2_thumb_only             0x08000191   Thumb Code     0  __scatter.o(!!!scatter)
    __scatterload_null                       0x0800019f   Thumb Code     0  __scatter.o(!!!scatter)
    __scatterload_copy                       0x080001c5   Thumb Code    26  __scatter_copy.o(!!handler_copy)
    __scatterload_zeroinit                   0x080001e1   Thumb Code    28  __scatter_zi.o(!!handler_zi)
    _printf_d                                0x080001fd   Thumb Code     0  _printf_d.o(.ARM.Collect$$_printf_percent$$00000009)
    _printf_percent                          0x080001fd   Thumb Code     0  _printf_percent.o(.ARM.Collect$$_printf_percent$$00000000)
    _printf_x                                0x08000203   Thumb Code     0  _printf_x.o(.ARM.Collect$$_printf_percent$$0000000C)
    _printf_s                                0x08000209   Thumb Code     0  _printf_s.o(.ARM.Collect$$_printf_percent$$00000014)
    _printf_percent_end                      0x0800020f   Thumb Code     0  _printf_percent_end.o(.ARM.Collect$$_printf_percent$$00000017)
    __rt_lib_init                            0x08000213   Thumb Code     0  libinit.o(.ARM.Collect$$libinit$$00000000)
    __rt_lib_init_fp_1                       0x08000215   Thumb Code     0  libinit2.o(.ARM.Collect$$libinit$$00000001)
    __rt_lib_init_heap_2                     0x08000219   Thumb Code     0  libinit2.o(.ARM.Collect$$libinit$$00000005)
    __rt_lib_init_preinit_1                  0x08000219   Thumb Code     0  libinit2.o(.ARM.Collect$$libinit$$00000004)
    __rt_lib_init_alloca_1                   0x08000221   Thumb Code     0  libinit2.o(.ARM.Collect$$libinit$$0000002E)
    __rt_lib_init_argv_1                     0x08000221   Thumb Code     0  libinit2.o(.ARM.Collect$$libinit$$0000002C)
    __rt_lib_init_atexit_1                   0x08000221   Thumb Code     0  libinit2.o(.ARM.Collect$$libinit$$0000001B)
    __rt_lib_init_clock_1                    0x08000221   Thumb Code     0  libinit2.o(.ARM.Collect$$libinit$$00000021)
    __rt_lib_init_cpp_1                      0x08000221   Thumb Code     0  libinit2.o(.ARM.Collect$$libinit$$00000032)
    __rt_lib_init_exceptions_1               0x08000221   Thumb Code     0  libinit2.o(.ARM.Collect$$libinit$$00000030)
    __rt_lib_init_fp_trap_1                  0x08000221   Thumb Code     0  libinit2.o(.ARM.Collect$$libinit$$0000001F)
    __rt_lib_init_getenv_1                   0x08000221   Thumb Code     0  libinit2.o(.ARM.Collect$$libinit$$00000023)
    __rt_lib_init_heap_1                     0x08000221   Thumb Code     0  libinit2.o(.ARM.Collect$$libinit$$0000000A)
    __rt_lib_init_lc_collate_1               0x08000221   Thumb Code     0  libinit2.o(.ARM.Collect$$libinit$$00000011)
    __rt_lib_init_lc_ctype_1                 0x08000221   Thumb Code     0  libinit2.o(.ARM.Collect$$libinit$$00000013)
    __rt_lib_init_lc_monetary_1              0x08000221   Thumb Code     0  libinit2.o(.ARM.Collect$$libinit$$00000015)
    __rt_lib_init_lc_numeric_1               0x08000221   Thumb Code     0  libinit2.o(.ARM.Collect$$libinit$$00000017)
    __rt_lib_init_lc_time_1                  0x08000221   Thumb Code     0  libinit2.o(.ARM.Collect$$libinit$$00000019)
    __rt_lib_init_rand_1                     0x08000221   Thumb Code     0  libinit2.o(.ARM.Collect$$libinit$$0000000E)
    __rt_lib_init_return                     0x08000221   Thumb Code     0  libinit2.o(.ARM.Collect$$libinit$$00000033)
    __rt_lib_init_signal_1                   0x08000221   Thumb Code     0  libinit2.o(.ARM.Collect$$libinit$$0000001D)
    __rt_lib_init_stdio_1                    0x08000221   Thumb Code     0  libinit2.o(.ARM.Collect$$libinit$$00000025)
    __rt_lib_init_user_alloc_1               0x08000221   Thumb Code     0  libinit2.o(.ARM.Collect$$libinit$$0000000C)
    __rt_lib_shutdown                        0x08000223   Thumb Code     0  libshutdown.o(.ARM.Collect$$libshutdown$$00000000)
    __rt_lib_shutdown_cpp_1                  0x08000225   Thumb Code     0  libshutdown2.o(.ARM.Collect$$libshutdown$$00000004)
    __rt_lib_shutdown_fini_1                 0x08000225   Thumb Code     0  libshutdown2.o(.ARM.Collect$$libshutdown$$00000002)
    __rt_lib_shutdown_fp_trap_1              0x08000225   Thumb Code     0  libshutdown2.o(.ARM.Collect$$libshutdown$$00000009)
    __rt_lib_shutdown_heap_1                 0x08000225   Thumb Code     0  libshutdown2.o(.ARM.Collect$$libshutdown$$00000011)
    __rt_lib_shutdown_return                 0x08000225   Thumb Code     0  libshutdown2.o(.ARM.Collect$$libshutdown$$00000012)
    __rt_lib_shutdown_signal_1               0x08000225   Thumb Code     0  libshutdown2.o(.ARM.Collect$$libshutdown$$0000000C)
    __rt_lib_shutdown_stdio_1                0x08000225   Thumb Code     0  libshutdown2.o(.ARM.Collect$$libshutdown$$00000006)
    __rt_lib_shutdown_user_alloc_1           0x08000225   Thumb Code     0  libshutdown2.o(.ARM.Collect$$libshutdown$$0000000E)
    __rt_entry                               0x08000227   Thumb Code     0  __rtentry.o(.ARM.Collect$$rtentry$$00000000)
    __rt_entry_presh_1                       0x08000227   Thumb Code     0  __rtentry2.o(.ARM.Collect$$rtentry$$00000002)
    __rt_entry_sh                            0x08000227   Thumb Code     0  __rtentry4.o(.ARM.Collect$$rtentry$$00000004)
    __rt_entry_li                            0x0800022d   Thumb Code     0  __rtentry2.o(.ARM.Collect$$rtentry$$0000000A)
    __rt_entry_postsh_1                      0x0800022d   Thumb Code     0  __rtentry2.o(.ARM.Collect$$rtentry$$00000009)
    __rt_entry_main                          0x08000231   Thumb Code     0  __rtentry2.o(.ARM.Collect$$rtentry$$0000000D)
    __rt_entry_postli_1                      0x08000231   Thumb Code     0  __rtentry2.o(.ARM.Collect$$rtentry$$0000000C)
    __rt_exit                                0x08000239   Thumb Code     0  rtexit.o(.ARM.Collect$$rtexit$$00000000)
    __rt_exit_ls                             0x0800023b   Thumb Code     0  rtexit2.o(.ARM.Collect$$rtexit$$00000003)
    __rt_exit_prels_1                        0x0800023b   Thumb Code     0  rtexit2.o(.ARM.Collect$$rtexit$$00000002)
    __rt_exit_exit                           0x0800023f   Thumb Code     0  rtexit2.o(.ARM.Collect$$rtexit$$00000004)
    IsEquals                                 0x08000245   Thumb Code    34  main.o(.text)
    _maybe_terminate_alloc                   0x08000245   Thumb Code     0  maybetermalloc1.o(.emb_text)
    IsNullID                                 0x08000267   Thumb Code    46  main.o(.text)
    SearchID                                 0x08000295   Thumb Code    68  main.o(.text)
    GetBalance                               0x080002d9   Thumb Code    36  main.o(.text)
    SetBalance                               0x080002fd   Thumb Code    30  main.o(.text)
    ReadCard                                 0x0800031b   Thumb Code    48  main.o(.text)
    ReadCardTips                             0x0800034b   Thumb Code    96  main.o(.text)
    RechargeMenu                             0x080003ab   Thumb Code   132  main.o(.text)
    BalanceRecharge                          0x0800042f   Thumb Code   292  main.o(.text)
    RemoveAllData                            0x08000553   Thumb Code    62  main.o(.text)
    RemoveAllUser                            0x08000591   Thumb Code   154  main.o(.text)
    IsNullData                               0x0800062b   Thumb Code    46  main.o(.text)
    RemoveData                               0x08000659   Thumb Code    66  main.o(.text)
    RemoveUser                               0x0800069b   Thumb Code   542  main.o(.text)
    DelUserMenu                              0x080008b9   Thumb Code   138  main.o(.text)
    DeleteUser                               0x08000943   Thumb Code    86  main.o(.text)
    AddData                                  0x08000999   Thumb Code   146  main.o(.text)
    AddUser                                  0x08000a2b   Thumb Code   196  main.o(.text)
    ShowTime                                 0x08000aef   Thumb Code   130  main.o(.text)
    AddUserMenu                              0x08000b71   Thumb Code   158  main.o(.text)
    UserSignup                               0x08000c0f   Thumb Code   554  main.o(.text)
    ManageUserMenu                           0x08000e39   Thumb Code   140  main.o(.text)
    ManageUser                               0x08000ec5   Thumb Code   160  main.o(.text)
    ConsumeTips                              0x08000f65   Thumb Code    48  main.o(.text)
    BCSRunning                               0x08000f95   Thumb Code   264  main.o(.text)
    LcdDesktop                               0x0800109d   Thumb Code   234  main.o(.text)
    SysRunning                               0x08001187   Thumb Code    68  main.o(.text)
    BCSInit                                  0x080011cb   Thumb Code    28  main.o(.text)
    main                                     0x080011e7   Thumb Code   658  main.o(.text)
    NMI_Handler                              0x080014c9   Thumb Code     2  stm32f4xx_it.o(.text)
    HardFault_Handler                        0x080014cb   Thumb Code     2  stm32f4xx_it.o(.text)
    MemManage_Handler                        0x080014cd   Thumb Code     2  stm32f4xx_it.o(.text)
    BusFault_Handler                         0x080014cf   Thumb Code     2  stm32f4xx_it.o(.text)
    UsageFault_Handler                       0x080014d1   Thumb Code     2  stm32f4xx_it.o(.text)
    SVC_Handler                              0x080014d3   Thumb Code     2  stm32f4xx_it.o(.text)
    DebugMon_Handler                         0x080014d5   Thumb Code     2  stm32f4xx_it.o(.text)
    PendSV_Handler                           0x080014d7   Thumb Code     2  stm32f4xx_it.o(.text)
    SysTick_Handler                          0x080014d9   Thumb Code     2  stm32f4xx_it.o(.text)
    SystemInit                               0x08001585   Thumb Code    74  system_stm32f4xx.o(.text)
    SystemCoreClockUpdate                    0x080015cf   Thumb Code   122  system_stm32f4xx.o(.text)
    LED_Init                                 0x0800166d   Thumb Code    58  led.o(.text)
    OK_LED                                   0x080016a7   Thumb Code    22  led.o(.text)
    ERR_LED                                  0x080016bd   Thumb Code    24  led.o(.text)
    LCD_WR_REG                               0x080016dd   Thumb Code    18  lcd.o(.text)
    LCD_WR_DATA                              0x080016ef   Thumb Code    20  lcd.o(.text)
    LCD_RD_DATA                              0x08001703   Thumb Code    16  lcd.o(.text)
    LCD_WriteReg                             0x08001713   Thumb Code     8  lcd.o(.text)
    LCD_ReadReg                              0x0800171b   Thumb Code    18  lcd.o(.text)
    LCD_WriteRAM_Prepare                     0x0800172d   Thumb Code    10  lcd.o(.text)
    LCD_WriteRAM                             0x08001737   Thumb Code     8  lcd.o(.text)
    LCD_BGR2RGB                              0x0800173f   Thumb Code    18  lcd.o(.text)
    opt_delay                                0x08001751   Thumb Code     8  lcd.o(.text)
    LCD_SetCursor                            0x08001759   Thumb Code   362  lcd.o(.text)
    LCD_ReadPoint                            0x080018c3   Thumb Code   270  lcd.o(.text)
    LCD_DisplayOn                            0x080019d1   Thumb Code    62  lcd.o(.text)
    LCD_DisplayOff                           0x08001a0f   Thumb Code    60  lcd.o(.text)
    LCD_Scan_Dir                             0x08001a4b   Thumb Code   532  lcd.o(.text)
    LCD_DrawPoint                            0x08001c5f   Thumb Code    20  lcd.o(.text)
    LCD_Fast_DrawPoint                       0x08001c73   Thumb Code   314  lcd.o(.text)
    LCD_SSD_BackLightSet                     0x08001dad   Thumb Code    70  lcd.o(.text)
    LCD_Display_Dir                          0x08001df3   Thumb Code   314  lcd.o(.text)
    LCD_Set_Window                           0x08001f2d   Thumb Code   506  lcd.o(.text)
    LCD_Clear                                0x08002127   Thumb Code   104  lcd.o(.text)
    LCD_Init                                 0x0800218f   Thumb Code 14164  lcd.o(.text)
    LCD_Fill                                 0x080058e3   Thumb Code   140  lcd.o(.text)
    LCD_Color_Fill                           0x0800596f   Thumb Code    84  lcd.o(.text)
    LCD_DrawLine                             0x080059c3   Thumb Code   160  lcd.o(.text)
    LCD_DrawRectangle                        0x08005a63   Thumb Code    60  lcd.o(.text)
    LCD_Draw_Circle                          0x08005a9f   Thumb Code   180  lcd.o(.text)
    LCD_ShowChar                             0x08005b53   Thumb Code   202  lcd.o(.text)
    LCD_Pow                                  0x08005c1d   Thumb Code    16  lcd.o(.text)
    LCD_ShowNum                              0x08005c2d   Thumb Code   122  lcd.o(.text)
    LCD_ShowxNum                             0x08005ca7   Thumb Code   152  lcd.o(.text)
    LCD_ShowString                           0x08005d3f   Thumb Code    82  lcd.o(.text)
    KEY_Init                                 0x08005da5   Thumb Code    58  key.o(.text)
    KEY_Scan                                 0x08005ddf   Thumb Code   190  key.o(.text)
    SPI1_ReadWriteByte                       0x08005ea9   Thumb Code    48  spi.o(.text)
    SPI1_Init                                0x08005ed9   Thumb Code   186  spi.o(.text)
    SPI1_SetSpeed                            0x08005f93   Thumb Code    24  spi.o(.text)
    SPI3_ReadWriteByte                       0x08005fab   Thumb Code    48  spi.o(.text)
    RC522_SPI3_Init                          0x08005fdb   Thumb Code   222  spi.o(.text)
    W25QXX_ReadID                            0x080060d1   Thumb Code    56  w25qxx.o(.text)
    W25QXX_Init                              0x08006109   Thumb Code   100  w25qxx.o(.text)
    W25QXX_ReadSR                            0x0800616d   Thumb Code    26  w25qxx.o(.text)
    W25QXX_Write_SR                          0x08006187   Thumb Code    28  w25qxx.o(.text)
    W25QXX_Write_Enable                      0x080061a3   Thumb Code    20  w25qxx.o(.text)
    W25QXX_Write_Disable                     0x080061b7   Thumb Code    20  w25qxx.o(.text)
    W25QXX_Read                              0x080061cb   Thumb Code    76  w25qxx.o(.text)
    W25QXX_Wait_Busy                         0x08006217   Thumb Code    12  w25qxx.o(.text)
    W25QXX_Write_Page                        0x08006223   Thumb Code    80  w25qxx.o(.text)
    W25QXX_Write_NoCheck                     0x08006273   Thumb Code    60  w25qxx.o(.text)
    W25QXX_Erase_Sector                      0x080062af   Thumb Code    66  w25qxx.o(.text)
    W25QXX_Write                             0x080062f1   Thumb Code   158  w25qxx.o(.text)
    W25QXX_Erase_Chip                        0x0800638f   Thumb Code    32  w25qxx.o(.text)
    W25QXX_PowerDown                         0x080063af   Thumb Code    28  w25qxx.o(.text)
    W25QXX_WAKEUP                            0x080063cb   Thumb Code    28  w25qxx.o(.text)
    RTC_Set_Time                             0x08006409   Thumb Code    28  rtc.o(.text)
    RTC_Set_Date                             0x08006425   Thumb Code    28  rtc.o(.text)
    My_RTC_Init                              0x08006441   Thumb Code   136  rtc.o(.text)
    RTC_Set_AlarmA                           0x080064c9   Thumb Code   152  rtc.o(.text)
    RTC_Set_WakeUp                           0x08006561   Thumb Code   102  rtc.o(.text)
    RTC_Alarm_IRQHandler                     0x080065c7   Thumb Code    40  rtc.o(.text)
    RTC_WKUP_IRQHandler                      0x080065ef   Thumb Code    52  rtc.o(.text)
    BEEP_Init                                0x08006639   Thumb Code    60  beep.o(.text)
    OK_BEEP                                  0x08006675   Thumb Code    20  beep.o(.text)
    ERR_BEEP                                 0x08006689   Thumb Code    52  beep.o(.text)
    EXTI0_IRQHandler                         0x080066c5   Thumb Code    36  exti.o(.text)
    EXTI2_IRQHandler                         0x080066e9   Thumb Code    34  exti.o(.text)
    EXTI3_IRQHandler                         0x0800670b   Thumb Code    34  exti.o(.text)
    EXTI4_IRQHandler                         0x0800672d   Thumb Code    34  exti.o(.text)
    EXTIX_Init                               0x0800674f   Thumb Code   196  exti.o(.text)
    delay_init                               0x08006821   Thumb Code    38  delay.o(.text)
    delay_us                                 0x08006847   Thumb Code    46  delay.o(.text)
    delay_xms                                0x08006875   Thumb Code    46  delay.o(.text)
    delay_ms                                 0x080068a3   Thumb Code    50  delay.o(.text)
    _sys_exit                                0x080068d9   Thumb Code     2  usart.o(.text)
    fputc                                    0x080068db   Thumb Code    14  usart.o(.text)
    _ttywrch                                 0x080068e9   Thumb Code     2  usart.o(.text)
    uart_init                                0x080068eb   Thumb Code   172  usart.o(.text)
    USART1_IRQHandler                        0x08006997   Thumb Code    92  usart.o(.text)
    Reset_Handler                            0x08006a05   Thumb Code     8  startup_stm32f40_41xxx.o(.text)
    ADC_IRQHandler                           0x08006a1f   Thumb Code     0  startup_stm32f40_41xxx.o(.text)
    CAN1_RX0_IRQHandler                      0x08006a1f   Thumb Code     0  startup_stm32f40_41xxx.o(.text)
    CAN1_RX1_IRQHandler                      0x08006a1f   Thumb Code     0  startup_stm32f40_41xxx.o(.text)
    CAN1_SCE_IRQHandler                      0x08006a1f   Thumb Code     0  startup_stm32f40_41xxx.o(.text)
    CAN1_TX_IRQHandler                       0x08006a1f   Thumb Code     0  startup_stm32f40_41xxx.o(.text)
    CAN2_RX0_IRQHandler                      0x08006a1f   Thumb Code     0  startup_stm32f40_41xxx.o(.text)
    CAN2_RX1_IRQHandler                      0x08006a1f   Thumb Code     0  startup_stm32f40_41xxx.o(.text)
    CAN2_SCE_IRQHandler                      0x08006a1f   Thumb Code     0  startup_stm32f40_41xxx.o(.text)
    CAN2_TX_IRQHandler                       0x08006a1f   Thumb Code     0  startup_stm32f40_41xxx.o(.text)
    CRYP_IRQHandler                          0x08006a1f   Thumb Code     0  startup_stm32f40_41xxx.o(.text)
    DCMI_IRQHandler                          0x08006a1f   Thumb Code     0  startup_stm32f40_41xxx.o(.text)
    DMA1_Stream0_IRQHandler                  0x08006a1f   Thumb Code     0  startup_stm32f40_41xxx.o(.text)
    DMA1_Stream1_IRQHandler                  0x08006a1f   Thumb Code     0  startup_stm32f40_41xxx.o(.text)
    DMA1_Stream2_IRQHandler                  0x08006a1f   Thumb Code     0  startup_stm32f40_41xxx.o(.text)
    DMA1_Stream3_IRQHandler                  0x08006a1f   Thumb Code     0  startup_stm32f40_41xxx.o(.text)
    DMA1_Stream4_IRQHandler                  0x08006a1f   Thumb Code     0  startup_stm32f40_41xxx.o(.text)
    DMA1_Stream5_IRQHandler                  0x08006a1f   Thumb Code     0  startup_stm32f40_41xxx.o(.text)
    DMA1_Stream6_IRQHandler                  0x08006a1f   Thumb Code     0  startup_stm32f40_41xxx.o(.text)
    DMA1_Stream7_IRQHandler                  0x08006a1f   Thumb Code     0  startup_stm32f40_41xxx.o(.text)
    DMA2_Stream0_IRQHandler                  0x08006a1f   Thumb Code     0  startup_stm32f40_41xxx.o(.text)
    DMA2_Stream1_IRQHandler                  0x08006a1f   Thumb Code     0  startup_stm32f40_41xxx.o(.text)
    DMA2_Stream2_IRQHandler                  0x08006a1f   Thumb Code     0  startup_stm32f40_41xxx.o(.text)
    DMA2_Stream3_IRQHandler                  0x08006a1f   Thumb Code     0  startup_stm32f40_41xxx.o(.text)
    DMA2_Stream4_IRQHandler                  0x08006a1f   Thumb Code     0  startup_stm32f40_41xxx.o(.text)
    DMA2_Stream5_IRQHandler                  0x08006a1f   Thumb Code     0  startup_stm32f40_41xxx.o(.text)
    DMA2_Stream6_IRQHandler                  0x08006a1f   Thumb Code     0  startup_stm32f40_41xxx.o(.text)
    DMA2_Stream7_IRQHandler                  0x08006a1f   Thumb Code     0  startup_stm32f40_41xxx.o(.text)
    ETH_IRQHandler                           0x08006a1f   Thumb Code     0  startup_stm32f40_41xxx.o(.text)
    ETH_WKUP_IRQHandler                      0x08006a1f   Thumb Code     0  startup_stm32f40_41xxx.o(.text)
    EXTI15_10_IRQHandler                     0x08006a1f   Thumb Code     0  startup_stm32f40_41xxx.o(.text)
    EXTI1_IRQHandler                         0x08006a1f   Thumb Code     0  startup_stm32f40_41xxx.o(.text)
    EXTI9_5_IRQHandler                       0x08006a1f   Thumb Code     0  startup_stm32f40_41xxx.o(.text)
    FLASH_IRQHandler                         0x08006a1f   Thumb Code     0  startup_stm32f40_41xxx.o(.text)
    FPU_IRQHandler                           0x08006a1f   Thumb Code     0  startup_stm32f40_41xxx.o(.text)
    FSMC_IRQHandler                          0x08006a1f   Thumb Code     0  startup_stm32f40_41xxx.o(.text)
    HASH_RNG_IRQHandler                      0x08006a1f   Thumb Code     0  startup_stm32f40_41xxx.o(.text)
    I2C1_ER_IRQHandler                       0x08006a1f   Thumb Code     0  startup_stm32f40_41xxx.o(.text)
    I2C1_EV_IRQHandler                       0x08006a1f   Thumb Code     0  startup_stm32f40_41xxx.o(.text)
    I2C2_ER_IRQHandler                       0x08006a1f   Thumb Code     0  startup_stm32f40_41xxx.o(.text)
    I2C2_EV_IRQHandler                       0x08006a1f   Thumb Code     0  startup_stm32f40_41xxx.o(.text)
    I2C3_ER_IRQHandler                       0x08006a1f   Thumb Code     0  startup_stm32f40_41xxx.o(.text)
    I2C3_EV_IRQHandler                       0x08006a1f   Thumb Code     0  startup_stm32f40_41xxx.o(.text)
    OTG_FS_IRQHandler                        0x08006a1f   Thumb Code     0  startup_stm32f40_41xxx.o(.text)
    OTG_FS_WKUP_IRQHandler                   0x08006a1f   Thumb Code     0  startup_stm32f40_41xxx.o(.text)
    OTG_HS_EP1_IN_IRQHandler                 0x08006a1f   Thumb Code     0  startup_stm32f40_41xxx.o(.text)
    OTG_HS_EP1_OUT_IRQHandler                0x08006a1f   Thumb Code     0  startup_stm32f40_41xxx.o(.text)
    OTG_HS_IRQHandler                        0x08006a1f   Thumb Code     0  startup_stm32f40_41xxx.o(.text)
    OTG_HS_WKUP_IRQHandler                   0x08006a1f   Thumb Code     0  startup_stm32f40_41xxx.o(.text)
    PVD_IRQHandler                           0x08006a1f   Thumb Code     0  startup_stm32f40_41xxx.o(.text)
    RCC_IRQHandler                           0x08006a1f   Thumb Code     0  startup_stm32f40_41xxx.o(.text)
    SDIO_IRQHandler                          0x08006a1f   Thumb Code     0  startup_stm32f40_41xxx.o(.text)
    SPI1_IRQHandler                          0x08006a1f   Thumb Code     0  startup_stm32f40_41xxx.o(.text)
    SPI2_IRQHandler                          0x08006a1f   Thumb Code     0  startup_stm32f40_41xxx.o(.text)
    SPI3_IRQHandler                          0x08006a1f   Thumb Code     0  startup_stm32f40_41xxx.o(.text)
    TAMP_STAMP_IRQHandler                    0x08006a1f   Thumb Code     0  startup_stm32f40_41xxx.o(.text)
    TIM1_BRK_TIM9_IRQHandler                 0x08006a1f   Thumb Code     0  startup_stm32f40_41xxx.o(.text)
    TIM1_CC_IRQHandler                       0x08006a1f   Thumb Code     0  startup_stm32f40_41xxx.o(.text)
    TIM1_TRG_COM_TIM11_IRQHandler            0x08006a1f   Thumb Code     0  startup_stm32f40_41xxx.o(.text)
    TIM1_UP_TIM10_IRQHandler                 0x08006a1f   Thumb Code     0  startup_stm32f40_41xxx.o(.text)
    TIM2_IRQHandler                          0x08006a1f   Thumb Code     0  startup_stm32f40_41xxx.o(.text)
    TIM3_IRQHandler                          0x08006a1f   Thumb Code     0  startup_stm32f40_41xxx.o(.text)
    TIM4_IRQHandler                          0x08006a1f   Thumb Code     0  startup_stm32f40_41xxx.o(.text)
    TIM5_IRQHandler                          0x08006a1f   Thumb Code     0  startup_stm32f40_41xxx.o(.text)
    TIM6_DAC_IRQHandler                      0x08006a1f   Thumb Code     0  startup_stm32f40_41xxx.o(.text)
    TIM7_IRQHandler                          0x08006a1f   Thumb Code     0  startup_stm32f40_41xxx.o(.text)
    TIM8_BRK_TIM12_IRQHandler                0x08006a1f   Thumb Code     0  startup_stm32f40_41xxx.o(.text)
    TIM8_CC_IRQHandler                       0x08006a1f   Thumb Code     0  startup_stm32f40_41xxx.o(.text)
    TIM8_TRG_COM_TIM14_IRQHandler            0x08006a1f   Thumb Code     0  startup_stm32f40_41xxx.o(.text)
    TIM8_UP_TIM13_IRQHandler                 0x08006a1f   Thumb Code     0  startup_stm32f40_41xxx.o(.text)
    UART4_IRQHandler                         0x08006a1f   Thumb Code     0  startup_stm32f40_41xxx.o(.text)
    UART5_IRQHandler                         0x08006a1f   Thumb Code     0  startup_stm32f40_41xxx.o(.text)
    USART2_IRQHandler                        0x08006a1f   Thumb Code     0  startup_stm32f40_41xxx.o(.text)
    USART3_IRQHandler                        0x08006a1f   Thumb Code     0  startup_stm32f40_41xxx.o(.text)
    USART6_IRQHandler                        0x08006a1f   Thumb Code     0  startup_stm32f40_41xxx.o(.text)
    WWDG_IRQHandler                          0x08006a1f   Thumb Code     0  startup_stm32f40_41xxx.o(.text)
    __user_initial_stackheap                 0x08006a21   Thumb Code     0  startup_stm32f40_41xxx.o(.text)
    NVIC_PriorityGroupConfig                 0x08006a45   Thumb Code    10  misc.o(.text)
    NVIC_Init                                0x08006a4f   Thumb Code    98  misc.o(.text)
    NVIC_SetVectorTable                      0x08006ab1   Thumb Code    14  misc.o(.text)
    NVIC_SystemLPConfig                      0x08006abf   Thumb Code    24  misc.o(.text)
    SysTick_CLKSourceConfig                  0x08006ad7   Thumb Code    28  misc.o(.text)
    GPIO_DeInit                              0x08006b01   Thumb Code   296  stm32f4xx_gpio.o(.text)
    GPIO_Init                                0x08006c29   Thumb Code   124  stm32f4xx_gpio.o(.text)
    GPIO_StructInit                          0x08006ca5   Thumb Code    18  stm32f4xx_gpio.o(.text)
    GPIO_PinLockConfig                       0x08006cb7   Thumb Code    26  stm32f4xx_gpio.o(.text)
    GPIO_ReadInputDataBit                    0x08006cd1   Thumb Code    14  stm32f4xx_gpio.o(.text)
    GPIO_ReadInputData                       0x08006cdf   Thumb Code     6  stm32f4xx_gpio.o(.text)
    GPIO_ReadOutputDataBit                   0x08006ce5   Thumb Code    14  stm32f4xx_gpio.o(.text)
    GPIO_ReadOutputData                      0x08006cf3   Thumb Code     6  stm32f4xx_gpio.o(.text)
    GPIO_SetBits                             0x08006cf9   Thumb Code     4  stm32f4xx_gpio.o(.text)
    GPIO_ResetBits                           0x08006cfd   Thumb Code     4  stm32f4xx_gpio.o(.text)
    GPIO_WriteBit                            0x08006d01   Thumb Code    12  stm32f4xx_gpio.o(.text)
    GPIO_Write                               0x08006d0d   Thumb Code     4  stm32f4xx_gpio.o(.text)
    GPIO_ToggleBits                          0x08006d11   Thumb Code     8  stm32f4xx_gpio.o(.text)
    GPIO_PinAFConfig                         0x08006d19   Thumb Code    32  stm32f4xx_gpio.o(.text)
    FSMC_NORSRAMDeInit                       0x08006d65   Thumb Code    48  stm32f4xx_fsmc.o(.text)
    FSMC_NORSRAMInit                         0x08006d95   Thumb Code   202  stm32f4xx_fsmc.o(.text)
    FSMC_NORSRAMStructInit                   0x08006e5f   Thumb Code    42  stm32f4xx_fsmc.o(.text)
    FSMC_NORSRAMCmd                          0x08006e89   Thumb Code    30  stm32f4xx_fsmc.o(.text)
    FSMC_NANDDeInit                          0x08006ea7   Thumb Code    40  stm32f4xx_fsmc.o(.text)
    FSMC_NANDInit                            0x08006ecf   Thumb Code   104  stm32f4xx_fsmc.o(.text)
    FSMC_NANDStructInit                      0x08006f37   Thumb Code    54  stm32f4xx_fsmc.o(.text)
    FSMC_NANDCmd                             0x08006f6d   Thumb Code    60  stm32f4xx_fsmc.o(.text)
    FSMC_NANDECCCmd                          0x08006fa9   Thumb Code    60  stm32f4xx_fsmc.o(.text)
    FSMC_GetECC                              0x08006fe5   Thumb Code    18  stm32f4xx_fsmc.o(.text)
    FSMC_PCCARDDeInit                        0x08006ff7   Thumb Code    22  stm32f4xx_fsmc.o(.text)
    FSMC_PCCARDInit                          0x0800700d   Thumb Code    98  stm32f4xx_fsmc.o(.text)
    FSMC_PCCARDStructInit                    0x0800706f   Thumb Code    60  stm32f4xx_fsmc.o(.text)
    FSMC_PCCARDCmd                           0x080070ab   Thumb Code    34  stm32f4xx_fsmc.o(.text)
    FSMC_ITConfig                            0x080070cd   Thumb Code    86  stm32f4xx_fsmc.o(.text)
    FSMC_GetFlagStatus                       0x08007123   Thumb Code    40  stm32f4xx_fsmc.o(.text)
    FSMC_ClearFlag                           0x0800714b   Thumb Code    42  stm32f4xx_fsmc.o(.text)
    FSMC_GetITStatus                         0x08007175   Thumb Code    52  stm32f4xx_fsmc.o(.text)
    FSMC_ClearITPendingBit                   0x080071a9   Thumb Code    48  stm32f4xx_fsmc.o(.text)
    RCC_DeInit                               0x080071e5   Thumb Code    68  stm32f4xx_rcc.o(.text)
    RCC_HSEConfig                            0x08007229   Thumb Code    12  stm32f4xx_rcc.o(.text)
    RCC_GetFlagStatus                        0x08007235   Thumb Code    50  stm32f4xx_rcc.o(.text)
    RCC_WaitForHSEStartUp                    0x08007267   Thumb Code    48  stm32f4xx_rcc.o(.text)
    RCC_AdjustHSICalibrationValue            0x08007297   Thumb Code    16  stm32f4xx_rcc.o(.text)
    RCC_HSICmd                               0x080072a7   Thumb Code     6  stm32f4xx_rcc.o(.text)
    RCC_LSEConfig                            0x080072ad   Thumb Code    30  stm32f4xx_rcc.o(.text)
    RCC_LSICmd                               0x080072cb   Thumb Code     6  stm32f4xx_rcc.o(.text)
    RCC_PLLConfig                            0x080072d1   Thumb Code    34  stm32f4xx_rcc.o(.text)
    RCC_PLLCmd                               0x080072f3   Thumb Code     6  stm32f4xx_rcc.o(.text)
    RCC_PLLI2SConfig                         0x080072f9   Thumb Code    14  stm32f4xx_rcc.o(.text)
    RCC_PLLI2SCmd                            0x08007307   Thumb Code     6  stm32f4xx_rcc.o(.text)
    RCC_PLLSAIConfig                         0x0800730d   Thumb Code    18  stm32f4xx_rcc.o(.text)
    RCC_PLLSAICmd                            0x0800731f   Thumb Code     6  stm32f4xx_rcc.o(.text)
    RCC_ClockSecuritySystemCmd               0x08007325   Thumb Code     6  stm32f4xx_rcc.o(.text)
    RCC_MCO1Config                           0x0800732b   Thumb Code    18  stm32f4xx_rcc.o(.text)
    RCC_MCO2Config                           0x0800733d   Thumb Code    18  stm32f4xx_rcc.o(.text)
    RCC_SYSCLKConfig                         0x0800734f   Thumb Code    16  stm32f4xx_rcc.o(.text)
    RCC_GetSYSCLKSource                      0x0800735f   Thumb Code    12  stm32f4xx_rcc.o(.text)
    RCC_HCLKConfig                           0x0800736b   Thumb Code    16  stm32f4xx_rcc.o(.text)
    RCC_PCLK1Config                          0x0800737b   Thumb Code    16  stm32f4xx_rcc.o(.text)
    RCC_PCLK2Config                          0x0800738b   Thumb Code    18  stm32f4xx_rcc.o(.text)
    RCC_GetClocksFreq                        0x0800739d   Thumb Code   150  stm32f4xx_rcc.o(.text)
    RCC_RTCCLKConfig                         0x08007433   Thumb Code    42  stm32f4xx_rcc.o(.text)
    RCC_RTCCLKCmd                            0x0800745d   Thumb Code     8  stm32f4xx_rcc.o(.text)
    RCC_BackupResetCmd                       0x08007465   Thumb Code     8  stm32f4xx_rcc.o(.text)
    RCC_I2SCLKConfig                         0x0800746d   Thumb Code     6  stm32f4xx_rcc.o(.text)
    RCC_SAIPLLI2SClkDivConfig                0x08007473   Thumb Code    18  stm32f4xx_rcc.o(.text)
    RCC_SAIPLLSAIClkDivConfig                0x08007485   Thumb Code    20  stm32f4xx_rcc.o(.text)
    RCC_SAIBlockACLKConfig                   0x08007499   Thumb Code    16  stm32f4xx_rcc.o(.text)
    RCC_SAIBlockBCLKConfig                   0x080074a9   Thumb Code    16  stm32f4xx_rcc.o(.text)
    RCC_LTDCCLKDivConfig                     0x080074b9   Thumb Code    16  stm32f4xx_rcc.o(.text)
    RCC_TIMCLKPresConfig                     0x080074c9   Thumb Code     6  stm32f4xx_rcc.o(.text)
    RCC_AHB1PeriphClockCmd                   0x080074cf   Thumb Code    24  stm32f4xx_rcc.o(.text)
    RCC_AHB2PeriphClockCmd                   0x080074e7   Thumb Code    24  stm32f4xx_rcc.o(.text)
    RCC_AHB3PeriphClockCmd                   0x080074ff   Thumb Code    24  stm32f4xx_rcc.o(.text)
    RCC_APB1PeriphClockCmd                   0x08007517   Thumb Code    24  stm32f4xx_rcc.o(.text)
    RCC_APB2PeriphClockCmd                   0x0800752f   Thumb Code    24  stm32f4xx_rcc.o(.text)
    RCC_AHB1PeriphResetCmd                   0x08007547   Thumb Code    24  stm32f4xx_rcc.o(.text)
    RCC_AHB2PeriphResetCmd                   0x0800755f   Thumb Code    24  stm32f4xx_rcc.o(.text)
    RCC_AHB3PeriphResetCmd                   0x08007577   Thumb Code    24  stm32f4xx_rcc.o(.text)
    RCC_APB1PeriphResetCmd                   0x0800758f   Thumb Code    24  stm32f4xx_rcc.o(.text)
    RCC_APB2PeriphResetCmd                   0x080075a7   Thumb Code    24  stm32f4xx_rcc.o(.text)
    RCC_AHB1PeriphClockLPModeCmd             0x080075bf   Thumb Code    70  stm32f4xx_rcc.o(.text)
    RCC_AHB2PeriphClockLPModeCmd             0x08007605   Thumb Code    22  stm32f4xx_rcc.o(.text)
    RCC_AHB3PeriphClockLPModeCmd             0x0800761b   Thumb Code    24  stm32f4xx_rcc.o(.text)
    RCC_APB1PeriphClockLPModeCmd             0x08007633   Thumb Code    24  stm32f4xx_rcc.o(.text)
    RCC_APB2PeriphClockLPModeCmd             0x0800764b   Thumb Code    24  stm32f4xx_rcc.o(.text)
    RCC_LSEModeConfig                        0x08007663   Thumb Code    28  stm32f4xx_rcc.o(.text)
    RCC_ITConfig                             0x0800767f   Thumb Code    24  stm32f4xx_rcc.o(.text)
    RCC_ClearFlag                            0x08007697   Thumb Code    14  stm32f4xx_rcc.o(.text)
    RCC_GetITStatus                          0x080076a5   Thumb Code    18  stm32f4xx_rcc.o(.text)
    RCC_ClearITPendingBit                    0x080076b7   Thumb Code     8  stm32f4xx_rcc.o(.text)
    USART_DeInit                             0x080076c5   Thumb Code   224  stm32f4xx_usart.o(.text)
    USART_Init                               0x080077a5   Thumb Code   180  stm32f4xx_usart.o(.text)
    USART_StructInit                         0x08007859   Thumb Code    22  stm32f4xx_usart.o(.text)
    USART_ClockInit                          0x0800786f   Thumb Code    28  stm32f4xx_usart.o(.text)
    USART_ClockStructInit                    0x0800788b   Thumb Code    12  stm32f4xx_usart.o(.text)
    USART_Cmd                                0x08007897   Thumb Code    24  stm32f4xx_usart.o(.text)
    USART_SetPrescaler                       0x080078af   Thumb Code    16  stm32f4xx_usart.o(.text)
    USART_OverSampling8Cmd                   0x080078bf   Thumb Code    24  stm32f4xx_usart.o(.text)
    USART_OneBitMethodCmd                    0x080078d7   Thumb Code    24  stm32f4xx_usart.o(.text)
    USART_SendData                           0x080078ef   Thumb Code     8  stm32f4xx_usart.o(.text)
    USART_ReceiveData                        0x080078f7   Thumb Code     8  stm32f4xx_usart.o(.text)
    USART_SetAddress                         0x080078ff   Thumb Code    16  stm32f4xx_usart.o(.text)
    USART_ReceiverWakeUpCmd                  0x0800790f   Thumb Code    24  stm32f4xx_usart.o(.text)
    USART_WakeUpConfig                       0x08007927   Thumb Code    16  stm32f4xx_usart.o(.text)
    USART_LINBreakDetectLengthConfig         0x08007937   Thumb Code    16  stm32f4xx_usart.o(.text)
    USART_LINCmd                             0x08007947   Thumb Code    24  stm32f4xx_usart.o(.text)
    USART_SendBreak                          0x0800795f   Thumb Code    10  stm32f4xx_usart.o(.text)
    USART_HalfDuplexCmd                      0x08007969   Thumb Code    24  stm32f4xx_usart.o(.text)
    USART_SetGuardTime                       0x08007981   Thumb Code    16  stm32f4xx_usart.o(.text)
    USART_SmartCardCmd                       0x08007991   Thumb Code    24  stm32f4xx_usart.o(.text)
    USART_SmartCardNACKCmd                   0x080079a9   Thumb Code    24  stm32f4xx_usart.o(.text)
    USART_IrDAConfig                         0x080079c1   Thumb Code    16  stm32f4xx_usart.o(.text)
    USART_IrDACmd                            0x080079d1   Thumb Code    24  stm32f4xx_usart.o(.text)
    USART_DMACmd                             0x080079e9   Thumb Code    20  stm32f4xx_usart.o(.text)
    USART_ITConfig                           0x080079fd   Thumb Code    54  stm32f4xx_usart.o(.text)
    USART_GetFlagStatus                      0x08007a33   Thumb Code    14  stm32f4xx_usart.o(.text)
    USART_ClearFlag                          0x08007a41   Thumb Code     8  stm32f4xx_usart.o(.text)
    USART_GetITStatus                        0x08007a49   Thumb Code    64  stm32f4xx_usart.o(.text)
    USART_ClearITPendingBit                  0x08007a89   Thumb Code    16  stm32f4xx_usart.o(.text)
    SYSCFG_DeInit                            0x08007ab9   Thumb Code    24  stm32f4xx_syscfg.o(.text)
    SYSCFG_MemoryRemapConfig                 0x08007ad1   Thumb Code     6  stm32f4xx_syscfg.o(.text)
    SYSCFG_MemorySwappingBank                0x08007ad7   Thumb Code     6  stm32f4xx_syscfg.o(.text)
    SYSCFG_EXTILineConfig                    0x08007add   Thumb Code    38  stm32f4xx_syscfg.o(.text)
    SYSCFG_ETH_MediaInterfaceConfig          0x08007b03   Thumb Code     8  stm32f4xx_syscfg.o(.text)
    SYSCFG_CompensationCellCmd               0x08007b0b   Thumb Code     6  stm32f4xx_syscfg.o(.text)
    SYSCFG_GetCompensationCellStatus         0x08007b11   Thumb Code    16  stm32f4xx_syscfg.o(.text)
    SPI_I2S_DeInit                           0x08007b31   Thumb Code   172  stm32f4xx_spi.o(.text)
    SPI_Init                                 0x08007bdd   Thumb Code    56  stm32f4xx_spi.o(.text)
    I2S_Init                                 0x08007c15   Thumb Code   226  stm32f4xx_spi.o(.text)
    SPI_StructInit                           0x08007cf7   Thumb Code    24  stm32f4xx_spi.o(.text)
    I2S_StructInit                           0x08007d0f   Thumb Code    18  stm32f4xx_spi.o(.text)
    SPI_Cmd                                  0x08007d21   Thumb Code    24  stm32f4xx_spi.o(.text)
    I2S_Cmd                                  0x08007d39   Thumb Code    24  stm32f4xx_spi.o(.text)
    SPI_DataSizeConfig                       0x08007d51   Thumb Code    16  stm32f4xx_spi.o(.text)
    SPI_BiDirectionalLineConfig              0x08007d61   Thumb Code    26  stm32f4xx_spi.o(.text)
    SPI_NSSInternalSoftwareConfig            0x08007d7b   Thumb Code    28  stm32f4xx_spi.o(.text)
    SPI_SSOutputCmd                          0x08007d97   Thumb Code    24  stm32f4xx_spi.o(.text)
    SPI_TIModeCmd                            0x08007daf   Thumb Code    24  stm32f4xx_spi.o(.text)
    I2S_FullDuplexConfig                     0x08007dc7   Thumb Code    58  stm32f4xx_spi.o(.text)
    SPI_I2S_ReceiveData                      0x08007e01   Thumb Code     4  stm32f4xx_spi.o(.text)
    SPI_I2S_SendData                         0x08007e05   Thumb Code     4  stm32f4xx_spi.o(.text)
    SPI_CalculateCRC                         0x08007e09   Thumb Code    24  stm32f4xx_spi.o(.text)
    SPI_TransmitCRC                          0x08007e21   Thumb Code    10  stm32f4xx_spi.o(.text)
    SPI_GetCRC                               0x08007e2b   Thumb Code    12  stm32f4xx_spi.o(.text)
    SPI_GetCRCPolynomial                     0x08007e37   Thumb Code     4  stm32f4xx_spi.o(.text)
    SPI_I2S_DMACmd                           0x08007e3b   Thumb Code    20  stm32f4xx_spi.o(.text)
    SPI_I2S_ITConfig                         0x08007e4f   Thumb Code    28  stm32f4xx_spi.o(.text)
    SPI_I2S_GetFlagStatus                    0x08007e6b   Thumb Code    14  stm32f4xx_spi.o(.text)
    SPI_I2S_ClearFlag                        0x08007e79   Thumb Code     6  stm32f4xx_spi.o(.text)
    SPI_I2S_GetITStatus                      0x08007e7f   Thumb Code    44  stm32f4xx_spi.o(.text)
    SPI_I2S_ClearITPendingBit                0x08007eab   Thumb Code    14  stm32f4xx_spi.o(.text)
    RTC_WaitForSynchro                       0x08007edd   Thumb Code    72  stm32f4xx_rtc.o(.text)
    RTC_EnterInitMode                        0x08007f25   Thumb Code    64  stm32f4xx_rtc.o(.text)
    RTC_DeInit                               0x08007f65   Thumb Code   174  stm32f4xx_rtc.o(.text)
    RTC_ExitInitMode                         0x08008013   Thumb Code    14  stm32f4xx_rtc.o(.text)
    RTC_Init                                 0x08008021   Thumb Code    74  stm32f4xx_rtc.o(.text)
    RTC_StructInit                           0x0800806b   Thumb Code    14  stm32f4xx_rtc.o(.text)
    RTC_WriteProtectionCmd                   0x08008079   Thumb Code    22  stm32f4xx_rtc.o(.text)
    RTC_RefClockCmd                          0x0800808f   Thumb Code    60  stm32f4xx_rtc.o(.text)
    RTC_BypassShadowCmd                      0x080080cb   Thumb Code    42  stm32f4xx_rtc.o(.text)
    RTC_SetTime                              0x0800811f   Thumb Code   160  stm32f4xx_rtc.o(.text)
    RTC_TimeStructInit                       0x080081bf   Thumb Code    12  stm32f4xx_rtc.o(.text)
    RTC_GetTime                              0x080081cb   Thumb Code    70  stm32f4xx_rtc.o(.text)
    RTC_GetSubSecond                         0x08008211   Thumb Code    14  stm32f4xx_rtc.o(.text)
    RTC_SetDate                              0x0800821f   Thumb Code   156  stm32f4xx_rtc.o(.text)
    RTC_DateStructInit                       0x080082bb   Thumb Code    30  stm32f4xx_rtc.o(.text)
    RTC_GetDate                              0x080082d9   Thumb Code    64  stm32f4xx_rtc.o(.text)
    RTC_SetAlarm                             0x08008319   Thumb Code   186  stm32f4xx_rtc.o(.text)
    RTC_AlarmStructInit                      0x080083d3   Thumb Code    20  stm32f4xx_rtc.o(.text)
    RTC_GetAlarm                             0x080083e7   Thumb Code   106  stm32f4xx_rtc.o(.text)
    RTC_AlarmCmd                             0x08008451   Thumb Code    90  stm32f4xx_rtc.o(.text)
    RTC_AlarmSubSecondConfig                 0x080084ab   Thumb Code    42  stm32f4xx_rtc.o(.text)
    RTC_GetAlarmSubSecond                    0x080084d5   Thumb Code    30  stm32f4xx_rtc.o(.text)
    RTC_WakeUpClockConfig                    0x080084f3   Thumb Code    36  stm32f4xx_rtc.o(.text)
    RTC_SetWakeUpCounter                     0x08008517   Thumb Code    24  stm32f4xx_rtc.o(.text)
    RTC_GetWakeUpCounter                     0x0800852f   Thumb Code    10  stm32f4xx_rtc.o(.text)
    RTC_WakeUpCmd                            0x08008539   Thumb Code    92  stm32f4xx_rtc.o(.text)
    RTC_DayLightSavingConfig                 0x08008595   Thumb Code    40  stm32f4xx_rtc.o(.text)
    RTC_GetStoreOperation                    0x080085bd   Thumb Code    12  stm32f4xx_rtc.o(.text)
    RTC_OutputConfig                         0x080085c9   Thumb Code    40  stm32f4xx_rtc.o(.text)
    RTC_CoarseCalibConfig                    0x080085f1   Thumb Code    48  stm32f4xx_rtc.o(.text)
    RTC_CoarseCalibCmd                       0x08008621   Thumb Code    62  stm32f4xx_rtc.o(.text)
    RTC_CalibOutputCmd                       0x0800865f   Thumb Code    44  stm32f4xx_rtc.o(.text)
    RTC_CalibOutputConfig                    0x0800868b   Thumb Code    36  stm32f4xx_rtc.o(.text)
    RTC_SmoothCalibConfig                    0x080086af   Thumb Code    80  stm32f4xx_rtc.o(.text)
    RTC_TimeStampCmd                         0x080086ff   Thumb Code    48  stm32f4xx_rtc.o(.text)
    RTC_GetTimeStamp                         0x0800872f   Thumb Code   130  stm32f4xx_rtc.o(.text)
    RTC_GetTimeStampSubSecond                0x080087b1   Thumb Code     8  stm32f4xx_rtc.o(.text)
    RTC_TamperTriggerConfig                  0x080087b9   Thumb Code    28  stm32f4xx_rtc.o(.text)
    RTC_TamperCmd                            0x080087d5   Thumb Code    24  stm32f4xx_rtc.o(.text)
    RTC_TamperFilterConfig                   0x080087ed   Thumb Code    20  stm32f4xx_rtc.o(.text)
    RTC_TamperSamplingFreqConfig             0x08008801   Thumb Code    20  stm32f4xx_rtc.o(.text)
    RTC_TamperPinsPrechargeDuration          0x08008815   Thumb Code    20  stm32f4xx_rtc.o(.text)
    RTC_TimeStampOnTamperDetectionCmd        0x08008829   Thumb Code    28  stm32f4xx_rtc.o(.text)
    RTC_TamperPullUpCmd                      0x08008845   Thumb Code    28  stm32f4xx_rtc.o(.text)
    RTC_WriteBackupRegister                  0x08008861   Thumb Code    18  stm32f4xx_rtc.o(.text)
    RTC_ReadBackupRegister                   0x08008873   Thumb Code    18  stm32f4xx_rtc.o(.text)
    RTC_TamperPinSelection                   0x08008885   Thumb Code    20  stm32f4xx_rtc.o(.text)
    RTC_TimeStampPinSelection                0x08008899   Thumb Code    20  stm32f4xx_rtc.o(.text)
    RTC_OutputTypeConfig                     0x080088ad   Thumb Code    20  stm32f4xx_rtc.o(.text)
    RTC_SynchroShiftConfig                   0x080088c1   Thumb Code    92  stm32f4xx_rtc.o(.text)
    RTC_ITConfig                             0x0800891d   Thumb Code    66  stm32f4xx_rtc.o(.text)
    RTC_GetFlagStatus                        0x0800895f   Thumb Code    22  stm32f4xx_rtc.o(.text)
    RTC_ClearFlag                            0x08008975   Thumb Code    24  stm32f4xx_rtc.o(.text)
    RTC_GetITStatus                          0x0800898d   Thumb Code    52  stm32f4xx_rtc.o(.text)
    RTC_ClearITPendingBit                    0x080089c1   Thumb Code    26  stm32f4xx_rtc.o(.text)
    EXTI_DeInit                              0x080089e9   Thumb Code    28  stm32f4xx_exti.o(.text)
    EXTI_Init                                0x08008a05   Thumb Code   110  stm32f4xx_exti.o(.text)
    EXTI_StructInit                          0x08008a73   Thumb Code    14  stm32f4xx_exti.o(.text)
    EXTI_GenerateSWInterrupt                 0x08008a81   Thumb Code    12  stm32f4xx_exti.o(.text)
    EXTI_GetFlagStatus                       0x08008a8d   Thumb Code    18  stm32f4xx_exti.o(.text)
    EXTI_ClearFlag                           0x08008a9f   Thumb Code     8  stm32f4xx_exti.o(.text)
    EXTI_GetITStatus                         0x08008aa7   Thumb Code    18  stm32f4xx_exti.o(.text)
    EXTI_ClearITPendingBit                   0x08008ab9   Thumb Code     8  stm32f4xx_exti.o(.text)
    PWR_DeInit                               0x08008ac9   Thumb Code    24  stm32f4xx_pwr.o(.text)
    PWR_BackupAccessCmd                      0x08008ae1   Thumb Code     6  stm32f4xx_pwr.o(.text)
    PWR_PVDLevelConfig                       0x08008ae7   Thumb Code    14  stm32f4xx_pwr.o(.text)
    PWR_PVDCmd                               0x08008af5   Thumb Code     6  stm32f4xx_pwr.o(.text)
    PWR_WakeUpPinCmd                         0x08008afb   Thumb Code     8  stm32f4xx_pwr.o(.text)
    PWR_BackupRegulatorCmd                   0x08008b03   Thumb Code     8  stm32f4xx_pwr.o(.text)
    PWR_MainRegulatorModeConfig              0x08008b0b   Thumb Code    14  stm32f4xx_pwr.o(.text)
    PWR_OverDriveCmd                         0x08008b19   Thumb Code     6  stm32f4xx_pwr.o(.text)
    PWR_OverDriveSWCmd                       0x08008b1f   Thumb Code     6  stm32f4xx_pwr.o(.text)
    PWR_UnderDriveCmd                        0x08008b25   Thumb Code    26  stm32f4xx_pwr.o(.text)
    PWR_MainRegulatorLowVoltageCmd           0x08008b3f   Thumb Code    18  stm32f4xx_pwr.o(.text)
    PWR_LowRegulatorLowVoltageCmd            0x08008b51   Thumb Code    18  stm32f4xx_pwr.o(.text)
    PWR_FlashPowerDownCmd                    0x08008b63   Thumb Code     6  stm32f4xx_pwr.o(.text)
    PWR_EnterSTOPMode                        0x08008b69   Thumb Code    46  stm32f4xx_pwr.o(.text)
    PWR_EnterUnderDriveSTOPMode              0x08008b97   Thumb Code    46  stm32f4xx_pwr.o(.text)
    PWR_EnterSTANDBYMode                     0x08008bc5   Thumb Code    24  stm32f4xx_pwr.o(.text)
    PWR_GetFlagStatus                        0x08008bdd   Thumb Code    16  stm32f4xx_pwr.o(.text)
    PWR_ClearFlag                            0x08008bed   Thumb Code    12  stm32f4xx_pwr.o(.text)
    ReadRawRC                                0x08008c05   Thumb Code    34  rc522.o(.text)
    WriteRawRC                               0x08008c27   Thumb Code    40  rc522.o(.text)
    ClearBitMask                             0x08008c4f   Thumb Code    24  rc522.o(.text)
    SetBitMask                               0x08008c67   Thumb Code    24  rc522.o(.text)
    AntennaOn                                0x08008c7f   Thumb Code    38  rc522.o(.text)
    MFRC522_Reset                            0x08008ca5   Thumb Code   152  rc522.o(.text)
    MFRC522_Initializtion                    0x08008d3d   Thumb Code   122  rc522.o(.text)
    PcdComMF522                              0x08008db7   Thumb Code   280  rc522.o(.text)
    CalulateCRC                              0x08008ecf   Thumb Code   100  rc522.o(.text)
    PcdHalt                                  0x08008f33   Thumb Code    50  rc522.o(.text)
    ReadID                                   0x08008f65   Thumb Code   114  rc522.o(.text)
    PcdRequest                               0x08008fd7   Thumb Code    98  rc522.o(.text)
    PcdRead                                  0x08009039   Thumb Code    76  rc522.o(.text)
    PcdWrite                                 0x08009085   Thumb Code   142  rc522.o(.text)
    PcdAuthState                             0x08009113   Thumb Code    84  rc522.o(.text)
    PcdSelect                                0x08009167   Thumb Code   102  rc522.o(.text)
    PcdAnticoll                              0x080091cd   Thumb Code   106  rc522.o(.text)
    __use_no_semihosting                     0x08009237   Thumb Code     2  use_no_semi_2.o(.text)
    malloc                                   0x08009239   Thumb Code    94  h1_alloc.o(.text)
    free                                     0x08009297   Thumb Code    78  h1_free.o(.text)
    __2printf                                0x080092e5   Thumb Code    20  noretval__2printf.o(.text)
    __2sprintf                               0x080092fd   Thumb Code    34  noretval__2sprintf.o(.text)
    _printf_pre_padding                      0x08009325   Thumb Code    44  _printf_pad.o(.text)
    _printf_post_padding                     0x08009351   Thumb Code    34  _printf_pad.o(.text)
    _printf_str                              0x08009373   Thumb Code    82  _printf_str.o(.text)
    _printf_int_dec                          0x080093c5   Thumb Code   104  _printf_dec.o(.text)
    _printf_int_hex                          0x0800943d   Thumb Code    84  _printf_hex_int.o(.text)
    _printf_longlong_hex                     0x0800943d   Thumb Code     0  _printf_hex_int.o(.text)
    __printf                                 0x08009495   Thumb Code   308  __printf_flags_wp.o(.text)
    __aeabi_memset                           0x080095cd   Thumb Code    16  aeabi_memset.o(.text)
    __use_two_region_memory                  0x080095dd   Thumb Code     2  heapauxi.o(.text)
    __rt_heap_escrow                         0x080095df   Thumb Code     2  heapauxi.o(.text)
    __rt_heap_expand                         0x080095e1   Thumb Code     2  heapauxi.o(.text)
    __I$use$semihosting                      0x080095e3   Thumb Code     0  use_no_semi.o(.text)
    __use_no_semihosting_swi                 0x080095e3   Thumb Code     2  use_no_semi.o(.text)
    __rt_heap_descriptor                     0x080095e5   Thumb Code     8  rt_heap_descriptor_intlibspace.o(.text)
    __use_no_heap                            0x080095ed   Thumb Code     2  hguard.o(.text)
    __heap$guard                             0x080095ef   Thumb Code     2  hguard.o(.text)
    _terminate_user_alloc                    0x080095f1   Thumb Code     2  init_alloc.o(.text)
    _init_user_alloc                         0x080095f3   Thumb Code     2  init_alloc.o(.text)
    __Heap_Full                              0x080095f5   Thumb Code    34  init_alloc.o(.text)
    __Heap_Broken                            0x08009617   Thumb Code     6  init_alloc.o(.text)
    _init_alloc                              0x0800961d   Thumb Code    94  init_alloc.o(.text)
    __Heap_Initialize                        0x0800967b   Thumb Code    10  h1_init.o(.text)
    __Heap_DescSize                          0x08009685   Thumb Code     4  h1_init.o(.text)
    _printf_int_common                       0x08009689   Thumb Code   178  _printf_intcommon.o(.text)
    _printf_char_common                      0x08009747   Thumb Code    32  _printf_char_common.o(.text)
    _sputc                                   0x0800976d   Thumb Code    10  _sputc.o(.text)
    _printf_cs_common                        0x08009777   Thumb Code    20  _printf_char.o(.text)
    _printf_char                             0x0800978b   Thumb Code    16  _printf_char.o(.text)
    _printf_string                           0x0800979b   Thumb Code     8  _printf_char.o(.text)
    _printf_char_file                        0x080097a5   Thumb Code    32  _printf_char_file.o(.text)
    __aeabi_memclr                           0x080097c9   Thumb Code     0  rt_memclr.o(.text)
    __rt_memclr                              0x080097c9   Thumb Code    68  rt_memclr.o(.text)
    _memset                                  0x080097cd   Thumb Code     0  rt_memclr.o(.text)
    __user_libspace                          0x0800980d   Thumb Code     8  libspace.o(.text)
    __user_perproc_libspace                  0x0800980d   Thumb Code     0  libspace.o(.text)
    __user_perthread_libspace                0x0800980d   Thumb Code     0  libspace.o(.text)
    __Heap_ProvideMemory                     0x08009815   Thumb Code    52  h1_extend.o(.text)
    ferror                                   0x08009849   Thumb Code     8  ferror.o(.text)
    __rt_SIGRTMEM                            0x08009851   Thumb Code    14  defsig_rtmem_outer.o(.text)
    __aeabi_memclr4                          0x0800985f   Thumb Code     0  rt_memclr_w.o(.text)
    __aeabi_memclr8                          0x0800985f   Thumb Code     0  rt_memclr_w.o(.text)
    __rt_memclr_w                            0x0800985f   Thumb Code    78  rt_memclr_w.o(.text)
    _memset_w                                0x08009863   Thumb Code     0  rt_memclr_w.o(.text)
    __user_setup_stackheap                   0x080098ad   Thumb Code    74  sys_stackheap_outer.o(.text)
    exit                                     0x080098f7   Thumb Code    18  exit.o(.text)
    __sig_exit                               0x08009909   Thumb Code    10  defsig_exit.o(.text)
    __rt_SIGRTMEM_inner                      0x08009915   Thumb Code    22  defsig_rtmem_inner.o(.text)
    __default_signal_display                 0x08009965   Thumb Code    50  defsig_general.o(.text)
    _is_digit                                0x08009997   Thumb Code    14  __printf_wp.o(i._is_digit)
    __aeabi_d2uiz                            0x080099a5   Thumb Code     0  dfixu.o(x$fpl$dfixu)
    _dfixu                                   0x080099a5   Thumb Code    90  dfixu.o(x$fpl$dfixu)
    __aeabi_ui2d                             0x080099ff   Thumb Code     0  dflt_clz.o(x$fpl$dfltu)
    _dfltu                                   0x080099ff   Thumb Code    38  dflt_clz.o(x$fpl$dfltu)
    __aeabi_dmul                             0x08009a25   Thumb Code     0  dmul.o(x$fpl$dmul)
    _dmul                                    0x08009a25   Thumb Code   332  dmul.o(x$fpl$dmul)
    __fpl_dnaninf                            0x08009b79   Thumb Code   156  dnaninf.o(x$fpl$dnaninf)
    __fpl_dretinf                            0x08009c15   Thumb Code    12  dretinf.o(x$fpl$dretinf)
    _fp_init                                 0x08009c21   Thumb Code    10  fpinit.o(x$fpl$fpinit)
    __fplib_config_fpu_vfp                   0x08009c29   Thumb Code     0  fpinit.o(x$fpl$fpinit)
    __fplib_config_pureend_doubles           0x08009c29   Thumb Code     0  fpinit.o(x$fpl$fpinit)
    __I$use$fp                               0x08009c2a   Number         0  usenofp.o(x$fpl$usenofp)
    asc2_1206                                0x08009c2a   Data        1140  lcd.o(.constdata)
    asc2_1608                                0x0800a09e   Data        1520  lcd.o(.constdata)
    asc2_2412                                0x0800a68e   Data        3420  lcd.o(.constdata)
    FSMC_DefaultTimingStruct                 0x0800b3ec   Data          28  stm32f4xx_fsmc.o(.constdata)
    Region$$Table$$Base                      0x0800b444   Number         0  anon$$obj.o(Region$$Table)
    Region$$Table$$Limit                     0x0800b464   Number         0  anon$$obj.o(Region$$Table)
    balance                                  0x20000000   Data           1  main.o(.data)
    keyFun                                   0x20000001   Data           1  main.o(.data)
    adminID                                  0x20000002   Data           4  main.o(.data)
    userName                                 0x20000006   Data           4  main.o(.data)
    cardID                                   0x2000000a   Data           5  main.o(.data)
    SystemCoreClock                          0x20000010   Data           4  system_stm32f4xx.o(.data)
    AHBPrescTable                            0x20000014   Data          16  system_stm32f4xx.o(.data)
    POINT_COLOR                              0x20000024   Data           2  lcd.o(.data)
    BACK_COLOR                               0x20000026   Data           2  lcd.o(.data)
    W25QXX_TYPE                              0x2000002a   Data           2  w25qxx.o(.data)
    NVIC_InitStructure                       0x2000002c   Data           4  rtc.o(.data)
    USART_RX_STA                             0x20000034   Data           2  usart.o(.data)
    __stdout                                 0x20000038   Data           4  usart.o(.data)
    lcddev                                   0x2000004c   Data          14  lcd.o(.bss)
    W25QXX_BUFFER                            0x2000005a   Data        4096  w25qxx.o(.bss)
    USART_RX_BUF                             0x2000105a   Data         200  usart.o(.bss)
    __libspace_start                         0x20001124   Data          96  libspace.o(.bss)
    __temporary_stack_top$libspace           0x20001184   Data           0  libspace.o(.bss)



==============================================================================

Memory Map of the image

  Image Entry point : 0x08000189

  Load Region LR_IROM1 (Base: 0x08000000, Size: 0x0000b4b0, Max: 0x00100000, ABSOLUTE)

    Execution Region ER_IROM1 (Exec base: 0x08000000, Load base: 0x08000000, Size: 0x0000b464, Max: 0x00100000, ABSOLUTE)

    Exec Addr    Load Addr    Size         Type   Attr      Idx    E Section Name        Object

    0x08000000   0x08000000   0x00000188   Data   RO          556    RESET               startup_stm32f40_41xxx.o
    0x08000188   0x08000188   0x00000008   Code   RO         1036  * !!!main             c_w.l(__main.o)
    0x08000190   0x08000190   0x00000034   Code   RO         1275    !!!scatter          c_w.l(__scatter.o)
    0x080001c4   0x080001c4   0x0000001a   Code   RO         1277    !!handler_copy      c_w.l(__scatter_copy.o)
    0x080001de   0x080001de   0x00000002   PAD
    0x080001e0   0x080001e0   0x0000001c   Code   RO         1279    !!handler_zi        c_w.l(__scatter_zi.o)
    0x080001fc   0x080001fc   0x00000000   Code   RO         1029    .ARM.Collect$$_printf_percent$$00000000  c_w.l(_printf_percent.o)
    0x080001fc   0x080001fc   0x00000006   Code   RO         1028    .ARM.Collect$$_printf_percent$$00000009  c_w.l(_printf_d.o)
    0x08000202   0x08000202   0x00000006   Code   RO         1027    .ARM.Collect$$_printf_percent$$0000000C  c_w.l(_printf_x.o)
    0x08000208   0x08000208   0x00000006   Code   RO         1026    .ARM.Collect$$_printf_percent$$00000014  c_w.l(_printf_s.o)
    0x0800020e   0x0800020e   0x00000004   Code   RO         1090    .ARM.Collect$$_printf_percent$$00000017  c_w.l(_printf_percent_end.o)
    0x08000212   0x08000212   0x00000002   Code   RO         1216    .ARM.Collect$$libinit$$00000000  c_w.l(libinit.o)
    0x08000214   0x08000214   0x00000004   Code   RO         1097    .ARM.Collect$$libinit$$00000001  c_w.l(libinit2.o)
    0x08000218   0x08000218   0x00000000   Code   RO         1100    .ARM.Collect$$libinit$$00000004  c_w.l(libinit2.o)
    0x08000218   0x08000218   0x00000008   Code   RO         1101    .ARM.Collect$$libinit$$00000005  c_w.l(libinit2.o)
    0x08000220   0x08000220   0x00000000   Code   RO         1103    .ARM.Collect$$libinit$$0000000A  c_w.l(libinit2.o)
    0x08000220   0x08000220   0x00000000   Code   RO         1105    .ARM.Collect$$libinit$$0000000C  c_w.l(libinit2.o)
    0x08000220   0x08000220   0x00000000   Code   RO         1107    .ARM.Collect$$libinit$$0000000E  c_w.l(libinit2.o)
    0x08000220   0x08000220   0x00000000   Code   RO         1110    .ARM.Collect$$libinit$$00000011  c_w.l(libinit2.o)
    0x08000220   0x08000220   0x00000000   Code   RO         1112    .ARM.Collect$$libinit$$00000013  c_w.l(libinit2.o)
    0x08000220   0x08000220   0x00000000   Code   RO         1114    .ARM.Collect$$libinit$$00000015  c_w.l(libinit2.o)
    0x08000220   0x08000220   0x00000000   Code   RO         1116    .ARM.Collect$$libinit$$00000017  c_w.l(libinit2.o)
    0x08000220   0x08000220   0x00000000   Code   RO         1118    .ARM.Collect$$libinit$$00000019  c_w.l(libinit2.o)
    0x08000220   0x08000220   0x00000000   Code   RO         1120    .ARM.Collect$$libinit$$0000001B  c_w.l(libinit2.o)
    0x08000220   0x08000220   0x00000000   Code   RO         1122    .ARM.Collect$$libinit$$0000001D  c_w.l(libinit2.o)
    0x08000220   0x08000220   0x00000000   Code   RO         1124    .ARM.Collect$$libinit$$0000001F  c_w.l(libinit2.o)
    0x08000220   0x08000220   0x00000000   Code   RO         1126    .ARM.Collect$$libinit$$00000021  c_w.l(libinit2.o)
    0x08000220   0x08000220   0x00000000   Code   RO         1128    .ARM.Collect$$libinit$$00000023  c_w.l(libinit2.o)
    0x08000220   0x08000220   0x00000000   Code   RO         1130    .ARM.Collect$$libinit$$00000025  c_w.l(libinit2.o)
    0x08000220   0x08000220   0x00000000   Code   RO         1134    .ARM.Collect$$libinit$$0000002C  c_w.l(libinit2.o)
    0x08000220   0x08000220   0x00000000   Code   RO         1136    .ARM.Collect$$libinit$$0000002E  c_w.l(libinit2.o)
    0x08000220   0x08000220   0x00000000   Code   RO         1138    .ARM.Collect$$libinit$$00000030  c_w.l(libinit2.o)
    0x08000220   0x08000220   0x00000000   Code   RO         1140    .ARM.Collect$$libinit$$00000032  c_w.l(libinit2.o)
    0x08000220   0x08000220   0x00000002   Code   RO         1141    .ARM.Collect$$libinit$$00000033  c_w.l(libinit2.o)
    0x08000222   0x08000222   0x00000002   Code   RO         1272    .ARM.Collect$$libshutdown$$00000000  c_w.l(libshutdown.o)
    0x08000224   0x08000224   0x00000000   Code   RO         1228    .ARM.Collect$$libshutdown$$00000002  c_w.l(libshutdown2.o)
    0x08000224   0x08000224   0x00000000   Code   RO         1230    .ARM.Collect$$libshutdown$$00000004  c_w.l(libshutdown2.o)
    0x08000224   0x08000224   0x00000000   Code   RO         1232    .ARM.Collect$$libshutdown$$00000006  c_w.l(libshutdown2.o)
    0x08000224   0x08000224   0x00000000   Code   RO         1235    .ARM.Collect$$libshutdown$$00000009  c_w.l(libshutdown2.o)
    0x08000224   0x08000224   0x00000000   Code   RO         1238    .ARM.Collect$$libshutdown$$0000000C  c_w.l(libshutdown2.o)
    0x08000224   0x08000224   0x00000000   Code   RO         1240    .ARM.Collect$$libshutdown$$0000000E  c_w.l(libshutdown2.o)
    0x08000224   0x08000224   0x00000000   Code   RO         1243    .ARM.Collect$$libshutdown$$00000011  c_w.l(libshutdown2.o)
    0x08000224   0x08000224   0x00000002   Code   RO         1244    .ARM.Collect$$libshutdown$$00000012  c_w.l(libshutdown2.o)
    0x08000226   0x08000226   0x00000000   Code   RO         1054    .ARM.Collect$$rtentry$$00000000  c_w.l(__rtentry.o)
    0x08000226   0x08000226   0x00000000   Code   RO         1153    .ARM.Collect$$rtentry$$00000002  c_w.l(__rtentry2.o)
    0x08000226   0x08000226   0x00000006   Code   RO         1165    .ARM.Collect$$rtentry$$00000004  c_w.l(__rtentry4.o)
    0x0800022c   0x0800022c   0x00000000   Code   RO         1155    .ARM.Collect$$rtentry$$00000009  c_w.l(__rtentry2.o)
    0x0800022c   0x0800022c   0x00000004   Code   RO         1156    .ARM.Collect$$rtentry$$0000000A  c_w.l(__rtentry2.o)
    0x08000230   0x08000230   0x00000000   Code   RO         1158    .ARM.Collect$$rtentry$$0000000C  c_w.l(__rtentry2.o)
    0x08000230   0x08000230   0x00000008   Code   RO         1159    .ARM.Collect$$rtentry$$0000000D  c_w.l(__rtentry2.o)
    0x08000238   0x08000238   0x00000002   Code   RO         1217    .ARM.Collect$$rtexit$$00000000  c_w.l(rtexit.o)
    0x0800023a   0x0800023a   0x00000000   Code   RO         1246    .ARM.Collect$$rtexit$$00000002  c_w.l(rtexit2.o)
    0x0800023a   0x0800023a   0x00000004   Code   RO         1247    .ARM.Collect$$rtexit$$00000003  c_w.l(rtexit2.o)
    0x0800023e   0x0800023e   0x00000006   Code   RO         1248    .ARM.Collect$$rtexit$$00000004  c_w.l(rtexit2.o)
    0x08000244   0x08000244   0x00000000   Code   RO         1169    .emb_text           c_w.l(maybetermalloc1.o)
    0x08000244   0x08000244   0x00001284   Code   RO            3    .text               main.o
    0x080014c8   0x080014c8   0x00000012   Code   RO          192    .text               stm32f4xx_it.o
    0x080014da   0x080014da   0x00000002   PAD
    0x080014dc   0x080014dc   0x00000190   Code   RO          241    .text               system_stm32f4xx.o
    0x0800166c   0x0800166c   0x00000070   Code   RO          267    .text               led.o
    0x080016dc   0x080016dc   0x000046c8   Code   RO          287    .text               lcd.o
    0x08005da4   0x08005da4   0x00000104   Code   RO          325    .text               key.o
    0x08005ea8   0x08005ea8   0x00000228   Code   RO          346    .text               spi.o
    0x080060d0   0x080060d0   0x00000338   Code   RO          366    .text               w25qxx.o
    0x08006408   0x08006408   0x00000230   Code   RO          393    .text               rtc.o
    0x08006638   0x08006638   0x0000008c   Code   RO          443    .text               beep.o
    0x080066c4   0x080066c4   0x0000015c   Code   RO          463    .text               exti.o
    0x08006820   0x08006820   0x000000b8   Code   RO          484    .text               delay.o
    0x080068d8   0x080068d8   0x0000012c   Code   RO          524    .text               usart.o
    0x08006a04   0x08006a04   0x00000040   Code   RO          557    .text               startup_stm32f40_41xxx.o
    0x08006a44   0x08006a44   0x000000bc   Code   RO          563    .text               misc.o
    0x08006b00   0x08006b00   0x00000264   Code   RO          583    .text               stm32f4xx_gpio.o
    0x08006d64   0x08006d64   0x00000480   Code   RO          603    .text               stm32f4xx_fsmc.o
    0x080071e4   0x080071e4   0x000004e0   Code   RO          626    .text               stm32f4xx_rcc.o
    0x080076c4   0x080076c4   0x000003f4   Code   RO          648    .text               stm32f4xx_usart.o
    0x08007ab8   0x08007ab8   0x00000078   Code   RO          688    .text               stm32f4xx_syscfg.o
    0x08007b30   0x08007b30   0x000003ac   Code   RO          708    .text               stm32f4xx_spi.o
    0x08007edc   0x08007edc   0x00000b0c   Code   RO          748    .text               stm32f4xx_rtc.o
    0x080089e8   0x080089e8   0x000000e0   Code   RO          768    .text               stm32f4xx_exti.o
    0x08008ac8   0x08008ac8   0x0000013c   Code   RO          788    .text               stm32f4xx_pwr.o
    0x08008c04   0x08008c04   0x00000632   Code   RO          882    .text               rc522.o
    0x08009236   0x08009236   0x00000002   Code   RO          905    .text               c_w.l(use_no_semi_2.o)
    0x08009238   0x08009238   0x0000005e   Code   RO          911    .text               c_w.l(h1_alloc.o)
    0x08009296   0x08009296   0x0000004e   Code   RO          913    .text               c_w.l(h1_free.o)
    0x080092e4   0x080092e4   0x00000018   Code   RO          973    .text               c_w.l(noretval__2printf.o)
    0x080092fc   0x080092fc   0x00000028   Code   RO          975    .text               c_w.l(noretval__2sprintf.o)
    0x08009324   0x08009324   0x0000004e   Code   RO          979    .text               c_w.l(_printf_pad.o)
    0x08009372   0x08009372   0x00000052   Code   RO          981    .text               c_w.l(_printf_str.o)
    0x080093c4   0x080093c4   0x00000078   Code   RO          983    .text               c_w.l(_printf_dec.o)
    0x0800943c   0x0800943c   0x00000058   Code   RO          988    .text               c_w.l(_printf_hex_int.o)
    0x08009494   0x08009494   0x00000138   Code   RO         1018    .text               c_w.l(__printf_flags_wp.o)
    0x080095cc   0x080095cc   0x00000010   Code   RO         1032    .text               c_w.l(aeabi_memset.o)
    0x080095dc   0x080095dc   0x00000006   Code   RO         1034    .text               c_w.l(heapauxi.o)
    0x080095e2   0x080095e2   0x00000002   Code   RO         1050    .text               c_w.l(use_no_semi.o)
    0x080095e4   0x080095e4   0x00000008   Code   RO         1058    .text               c_w.l(rt_heap_descriptor_intlibspace.o)
    0x080095ec   0x080095ec   0x00000004   Code   RO         1060    .text               c_w.l(hguard.o)
    0x080095f0   0x080095f0   0x0000008a   Code   RO         1062    .text               c_w.l(init_alloc.o)
    0x0800967a   0x0800967a   0x0000000e   Code   RO         1066    .text               c_w.l(h1_init.o)
    0x08009688   0x08009688   0x000000b2   Code   RO         1080    .text               c_w.l(_printf_intcommon.o)
    0x0800973a   0x0800973a   0x00000002   PAD
    0x0800973c   0x0800973c   0x00000030   Code   RO         1082    .text               c_w.l(_printf_char_common.o)
    0x0800976c   0x0800976c   0x0000000a   Code   RO         1084    .text               c_w.l(_sputc.o)
    0x08009776   0x08009776   0x0000002c   Code   RO         1086    .text               c_w.l(_printf_char.o)
    0x080097a2   0x080097a2   0x00000002   PAD
    0x080097a4   0x080097a4   0x00000024   Code   RO         1088    .text               c_w.l(_printf_char_file.o)
    0x080097c8   0x080097c8   0x00000044   Code   RO         1093    .text               c_w.l(rt_memclr.o)
    0x0800980c   0x0800980c   0x00000008   Code   RO         1149    .text               c_w.l(libspace.o)
    0x08009814   0x08009814   0x00000034   Code   RO         1171    .text               c_w.l(h1_extend.o)
    0x08009848   0x08009848   0x00000008   Code   RO         1177    .text               c_w.l(ferror.o)
    0x08009850   0x08009850   0x0000000e   Code   RO         1181    .text               c_w.l(defsig_rtmem_outer.o)
    0x0800985e   0x0800985e   0x0000004e   Code   RO         1185    .text               c_w.l(rt_memclr_w.o)
    0x080098ac   0x080098ac   0x0000004a   Code   RO         1195    .text               c_w.l(sys_stackheap_outer.o)
    0x080098f6   0x080098f6   0x00000012   Code   RO         1201    .text               c_w.l(exit.o)
    0x08009908   0x08009908   0x0000000a   Code   RO         1203    .text               c_w.l(defsig_exit.o)
    0x08009912   0x08009912   0x00000002   PAD
    0x08009914   0x08009914   0x00000050   Code   RO         1205    .text               c_w.l(defsig_rtmem_inner.o)
    0x08009964   0x08009964   0x00000032   Code   RO         1225    .text               c_w.l(defsig_general.o)
    0x08009996   0x08009996   0x0000000e   Code   RO         1016    i._is_digit         c_w.l(__printf_wp.o)
    0x080099a4   0x080099a4   0x0000005a   Code   RO         1038    x$fpl$dfixu         fz_wm.l(dfixu.o)
    0x080099fe   0x080099fe   0x00000026   Code   RO         1042    x$fpl$dfltu         fz_wm.l(dflt_clz.o)
    0x08009a24   0x08009a24   0x00000154   Code   RO         1048    x$fpl$dmul          fz_wm.l(dmul.o)
    0x08009b78   0x08009b78   0x0000009c   Code   RO         1142    x$fpl$dnaninf       fz_wm.l(dnaninf.o)
    0x08009c14   0x08009c14   0x0000000c   Code   RO         1144    x$fpl$dretinf       fz_wm.l(dretinf.o)
    0x08009c20   0x08009c20   0x0000000a   Code   RO         1192    x$fpl$fpinit        fz_wm.l(fpinit.o)
    0x08009c2a   0x08009c2a   0x00000000   Code   RO         1146    x$fpl$usenofp       fz_wm.l(usenofp.o)
    0x08009c2a   0x08009c2a   0x000017c0   Data   RO          289    .constdata          lcd.o
    0x0800b3ea   0x0800b3ea   0x00000002   PAD
    0x0800b3ec   0x0800b3ec   0x0000001c   Data   RO          604    .constdata          stm32f4xx_fsmc.o
    0x0800b408   0x0800b408   0x00000028   Data   RO          989    .constdata          c_w.l(_printf_hex_int.o)
    0x0800b430   0x0800b430   0x00000011   Data   RO         1019    .constdata          c_w.l(__printf_flags_wp.o)
    0x0800b441   0x0800b441   0x00000003   PAD
    0x0800b444   0x0800b444   0x00000020   Data   RO         1273    Region$$Table       anon$$obj.o


    Execution Region RW_IRAM1 (Exec base: 0x20000000, Load base: 0x0800b464, Size: 0x00001788, Max: 0x00020000, ABSOLUTE)

    Exec Addr    Load Addr    Size         Type   Attr      Idx    E Section Name        Object

    0x20000000   0x0800b464   0x0000000f   Data   RW            7    .data               main.o
    0x2000000f   0x0800b473   0x00000001   PAD
    0x20000010   0x0800b474   0x00000014   Data   RW          242    .data               system_stm32f4xx.o
    0x20000024   0x0800b488   0x00000004   Data   RW          290    .data               lcd.o
    0x20000028   0x0800b48c   0x00000001   Data   RW          326    .data               key.o
    0x20000029   0x0800b48d   0x00000001   PAD
    0x2000002a   0x0800b48e   0x00000002   Data   RW          368    .data               w25qxx.o
    0x2000002c   0x0800b490   0x00000004   Data   RW          394    .data               rtc.o
    0x20000030   0x0800b494   0x00000004   Data   RW          485    .data               delay.o
    0x20000034   0x0800b498   0x00000002   Data   RW          526    .data               usart.o
    0x20000036   0x0800b49a   0x00000002   PAD
    0x20000038   0x0800b49c   0x00000004   Data   RW          527    .data               usart.o
    0x2000003c   0x0800b4a0   0x00000010   Data   RW          627    .data               stm32f4xx_rcc.o
    0x2000004c        -       0x0000000e   Zero   RW          288    .bss                lcd.o
    0x2000005a        -       0x00001000   Zero   RW          367    .bss                w25qxx.o
    0x2000105a        -       0x000000c8   Zero   RW          525    .bss                usart.o
    0x20001122   0x0800b4b0   0x00000002   PAD
    0x20001124        -       0x00000060   Zero   RW         1150    .bss                c_w.l(libspace.o)
    0x20001184   0x0800b4b0   0x00000004   PAD
    0x20001188        -       0x00000200   Zero   RW          555    HEAP                startup_stm32f40_41xxx.o
    0x20001388        -       0x00000400   Zero   RW          554    STACK               startup_stm32f40_41xxx.o


==============================================================================

Image component sizes


      Code (inc. data)   RO Data    RW Data    ZI Data      Debug   Object Name

       140          8          0          0          0        809   beep.o
       184          4          0          4          0       1529   delay.o
       348         14          0          0          0       1321   exti.o
       260         12          0          1          0        948   key.o
     18120        108       6080          4         14      23122   lcd.o
       112          8          0          0          0        778   led.o
      4740       1418          0         15          0     304633   main.o
       188         14          0          0          0       2037   misc.o
      1586         12          0          0          0       6923   rc522.o
       560         22          0          4          0       2812   rtc.o
       552         24          0          0          0       1660   spi.o
        64         26        392          0       1536        848   startup_stm32f40_41xxx.o
       224          8          0          0          0       2467   stm32f4xx_exti.o
      1152         12         28          0          0       6290   stm32f4xx_fsmc.o
       612         44          0          0          0       4793   stm32f4xx_gpio.o
        18          0          0          0          0       1218   stm32f4xx_it.o
       316         12          0          0          0       3899   stm32f4xx_pwr.o
      1248         52          0         16          0      13768   stm32f4xx_rcc.o
      2828         40          0          0          0      16348   stm32f4xx_rtc.o
       940         36          0          0          0       7761   stm32f4xx_spi.o
       120         16          0          0          0       1901   stm32f4xx_syscfg.o
      1012         32          0          0          0       8824   stm32f4xx_usart.o
       400         36          0         20          0       1923   system_stm32f4xx.o
       300         18          0          6        200       3511   usart.o
       824         34          0          2       4096       4773   w25qxx.o

    ----------------------------------------------------------------------
     36850       2010       6534         76       5848     424896   Object Totals
         0          0         32          0          0          0   (incl. Generated)
         2          0          2          4          2          0   (incl. Padding)

    ----------------------------------------------------------------------

      Code (inc. data)   RO Data    RW Data    ZI Data      Debug   Library Member Name

         8          0          0          0          0         68   __main.o
       312          4         17          0          0         92   __printf_flags_wp.o
        14          0          0          0          0         68   __printf_wp.o
         0          0          0          0          0          0   __rtentry.o
        12          0          0          0          0          0   __rtentry2.o
         6          0          0          0          0          0   __rtentry4.o
        52          8          0          0          0          0   __scatter.o
        26          0          0          0          0          0   __scatter_copy.o
        28          0          0          0          0          0   __scatter_zi.o
        44          0          0          0          0        108   _printf_char.o
        48          6          0          0          0         96   _printf_char_common.o
        36          4          0          0          0         80   _printf_char_file.o
         6          0          0          0          0          0   _printf_d.o
       120         16          0          0          0         92   _printf_dec.o
        88          4         40          0          0         88   _printf_hex_int.o
       178          0          0          0          0         88   _printf_intcommon.o
        78          0          0          0          0        108   _printf_pad.o
         0          0          0          0          0          0   _printf_percent.o
         4          0          0          0          0          0   _printf_percent_end.o
         6          0          0          0          0          0   _printf_s.o
        82          0          0          0          0         80   _printf_str.o
         6          0          0          0          0          0   _printf_x.o
        10          0          0          0          0         68   _sputc.o
        16          0          0          0          0         68   aeabi_memset.o
        10          0          0          0          0         68   defsig_exit.o
        50          0          0          0          0         88   defsig_general.o
        80         58          0          0          0         76   defsig_rtmem_inner.o
        14          0          0          0          0         80   defsig_rtmem_outer.o
        18          0          0          0          0         80   exit.o
         8          0          0          0          0         68   ferror.o
        94          0          0          0          0         80   h1_alloc.o
        52          0          0          0          0         68   h1_extend.o
        78          0          0          0          0         80   h1_free.o
        14          0          0          0          0         84   h1_init.o
         6          0          0          0          0        152   heapauxi.o
         4          0          0          0          0        136   hguard.o
       138          0          0          0          0        168   init_alloc.o
         2          0          0          0          0          0   libinit.o
        14          0          0          0          0          0   libinit2.o
         2          0          0          0          0          0   libshutdown.o
         2          0          0          0          0          0   libshutdown2.o
         8          4          0          0         96         68   libspace.o
         0          0          0          0          0          0   maybetermalloc1.o
        24          4          0          0          0         84   noretval__2printf.o
        40          6          0          0          0         84   noretval__2sprintf.o
         8          4          0          0          0         68   rt_heap_descriptor_intlibspace.o
        68          0          0          0          0         68   rt_memclr.o
        78          0          0          0          0         80   rt_memclr_w.o
         2          0          0          0          0          0   rtexit.o
        10          0          0          0          0          0   rtexit2.o
        74          0          0          0          0         80   sys_stackheap_outer.o
         2          0          0          0          0         68   use_no_semi.o
         2          0          0          0          0         68   use_no_semi_2.o
        90          4          0          0          0        140   dfixu.o
        38          0          0          0          0        116   dflt_clz.o
       340         12          0          0          0        152   dmul.o
       156          4          0          0          0        140   dnaninf.o
        12          0          0          0          0        116   dretinf.o
        10          0          0          0          0        116   fpinit.o
         0          0          0          0          0          0   usenofp.o

    ----------------------------------------------------------------------
      2736        138         60          0        100       3780   Library Totals
         8          0          3          0          4          0   (incl. Padding)

    ----------------------------------------------------------------------

      Code (inc. data)   RO Data    RW Data    ZI Data      Debug   Library Name

      2082        118         57          0         96       3000   c_w.l
       646         20          0          0          0        780   fz_wm.l

    ----------------------------------------------------------------------
      2736        138         60          0        100       3780   Library Totals

    ----------------------------------------------------------------------

==============================================================================


      Code (inc. data)   RO Data    RW Data    ZI Data      Debug   

     39586       2148       6594         76       5948     420812   Grand Totals
     39586       2148       6594         76       5948     420812   ELF Image Totals
     39586       2148       6594         76          0          0   ROM Totals

==============================================================================

    Total RO  Size (Code + RO Data)                46180 (  45.10kB)
    Total RW  Size (RW Data + ZI Data)              6024 (   5.88kB)
    Total ROM Size (Code + RO Data + RW Data)      46256 (  45.17kB)

==============================================================================

