<html>
<body>
<pre>
<h1>µVision Build Log</h1>
<h2>Tool Versions:</h2>
IDE-Version: ¦ÌVision V5.35.0.0
Copyright (C) 2021 ARM Ltd and ARM Germany GmbH. All rights reserved.
License Information: D DXR, DX, LIC=UJWP0-BEQLH-DYPV3-ADKM4-YMS3J-XK964
 
Tool Versions:
Toolchain:       MDK-ARM Plus  Version: 5.35.0.2
Toolchain Path:  D:\Keil_v5\ARM\ARMCC\Bin
C Compiler:      Armcc.exe V5.06 update 7 (build 960)
Assembler:       Armasm.exe V5.06 update 7 (build 960)
Linker/Locator:  ArmLink.exe V5.06 update 7 (build 960)
Library Manager: ArmAr.exe V5.06 update 7 (build 960)
Hex Converter:   FromElf.exe V5.06 update 7 (build 960)
CPU DLL:         SARMCM3.DLL V5.35.0.2
Dialog DLL:      DCM.DLL V1.17.3.0
Target DLL:      CMSIS_AGDI.dll V1.33.0.0
Dialog DLL:      TCM.DLL V1.53.0.0
 
<h2>Project:</h2>
d:\OneDrive\Desktop\Study\STM32\Demo\BusChargeSystem\USER\BusChargeSystem.uvprojx
Project File Date:  11/30/2021

<h2>Output:</h2>
*** Using Compiler 'V5.06 update 7 (build 960)', folder: 'D:\Keil_v5\ARM\ARMCC\Bin'
Build target 'BusChargeSystem'
assembling startup_stm32f40_41xxx.s...
compiling key.c...
compiling spi.c...
compiling rtc.c...
compiling delay.c...
compiling lcd.c...
compiling sys.c...
compiling exti.c...
compiling usart.c...
compiling led.c...
compiling system_stm32f4xx.c...
compiling main.c...
compiling stm32f4xx_it.c...
compiling timer.c...
compiling w25qxx.c...
compiling misc.c...
compiling beep.c...
..\HARDWARE\BEEP\beep.c(61): warning:  #1-D: last line of file ends without a newline
  }
..\HARDWARE\BEEP\beep.c: 1 warning, 0 errors
compiling stm32f4xx_gpio.c...
compiling stm32f4xx_syscfg.c...
compiling stm32f4xx_spi.c...
compiling stm32f4xx_pwr.c...
compiling stm32f4xx_fsmc.c...
compiling stm32f4xx_usart.c...
compiling RC522.c...
..\RCC522\RC522.c(9): warning:  #550-D: variable "teststate"  was set but never used
      u8 teststate;
..\RCC522\RC522.c(49): warning:  #550-D: variable "status"  was set but never used
      char status;
..\RCC522\RC522.c(160): warning:  #940-D: missing return statement at end of non-void function "ReadID" 
  }
..\RCC522\RC522.c(132): warning:  #550-D: variable "RC522ID"  was set but never used
      u8 RC522ID = 0;
..\RCC522\RC522.c(133): warning:  #177-D: variable "addr"  was declared but never referenced
      u8 addr = 0;
..\RCC522\RC522.c(163): warning:  #177-D: variable "i"  was declared but never referenced
      unsigned char i, ucAddr;
..\RCC522\RC522.c(449): warning:  #68-D: integer conversion resulted in a change of sign
                  status = MI_NOTAGERR;
..\RCC522\RC522.c: 7 warnings, 0 errors
compiling stm32f4xx_rcc.c...
compiling text.c...
compiling stm32f4xx_dma.c...
compiling stm32f4xx_exti.c...
compiling fontupd.c...
..\TEXT\fontupd.c(120): warning:  #940-D: missing return statement at end of non-void function "updata_fontx" 
  } 
..\TEXT\fontupd.c(207): warning:  #940-D: missing return statement at end of non-void function "update_font" 
  } 
..\TEXT\fontupd.c: 2 warnings, 0 errors
compiling stm32f4xx_rtc.c...
compiling stm32f4xx_tim.c...
linking...
Program Size: Code=39586 RO-data=6594 RW-data=76 ZI-data=5948  
FromELF: creating hex file...
"..\OBJ\BusChargeSystem.axf" - 0 Error(s), 10 Warning(s).

<h2>Software Packages used:</h2>

Package Vendor: Keil
                http://www.keil.com/pack/Keil.STM32F4xx_DFP.1.0.8.pack
                Keil.STM32F4xx_DFP.1.0.8
                STMicroelectronics STM32F4 Series Device Support, Drivers and Examples

<h2>Collection of Component include folders:</h2>
  D:\Keil_v5\Packs\Keil\STM32F4xx_DFP\1.0.8\Device\Include

<h2>Collection of Component Files used:</h2>
Build Time Elapsed:  00:00:07
</pre>
</body>
</html>
