Component: ARM Compiler 5.06 update 7 (build 960) Tool: armlink [4d3601]

==============================================================================

Section Cross References

    main.o(.text) refers to _printf_pad.o(.text) for _printf_pre_padding
    main.o(.text) refers to _printf_percent.o(.ARM.Collect$$_printf_percent$$00000000) for _printf_percent
    main.o(.text) refers to _printf_d.o(.ARM.Collect$$_printf_percent$$00000009) for _printf_d
    main.o(.text) refers to _printf_s.o(.ARM.Collect$$_printf_percent$$00000014) for _printf_s
    main.o(.text) refers to _printf_dec.o(.text) for _printf_int_dec
    main.o(.text) refers to _printf_str.o(.text) for _printf_str
    main.o(.text) refers to lcd.o(.text) for LCD_Clear
    main.o(.text) refers to rc522.o(.text) for PcdRequest
    main.o(.text) refers to w25qxx.o(.text) for W25QXX_Read
    main.o(.text) refers to stm32f4xx_rtc.o(.text) for RTC_GetTime
    main.o(.text) refers to h1_alloc.o(.text) for malloc
    main.o(.text) refers to noretval__2sprintf.o(.text) for __2sprintf
    main.o(.text) refers to h1_free.o(.text) for free
    main.o(.text) refers to beep.o(.text) for ERR_BEEP
    main.o(.text) refers to delay.o(.text) for delay_ms
    main.o(.text) refers to led.o(.text) for ERR_LED
    main.o(.text) refers to main.o(.data) for .data
    main.o(.text) refers to misc.o(.text) for NVIC_PriorityGroupConfig
    main.o(.text) refers to key.o(.text) for KEY_Init
    main.o(.text) refers to exti.o(.text) for EXTIX_Init
    main.o(.text) refers to usart.o(.text) for uart_init
    main.o(.text) refers to spi.o(.text) for RC522_SPI3_Init
    main.o(.text) refers to lcd.o(.data) for BACK_COLOR
    system_stm32f4xx.o(.text) refers to system_stm32f4xx.o(.data) for .data
    led.o(.text) refers to stm32f4xx_rcc.o(.text) for RCC_AHB1PeriphClockCmd
    led.o(.text) refers to stm32f4xx_gpio.o(.text) for GPIO_Init
    led.o(.text) refers to delay.o(.text) for delay_ms
    lcd.o(.text) refers to delay.o(.text) for delay_us
    lcd.o(.text) refers to lcd.o(.bss) for .bss
    lcd.o(.text) refers to dflt_clz.o(x$fpl$dfltu) for __aeabi_ui2d
    lcd.o(.text) refers to dmul.o(x$fpl$dmul) for __aeabi_dmul
    lcd.o(.text) refers to dfixu.o(x$fpl$dfixu) for __aeabi_d2uiz
    lcd.o(.text) refers to lcd.o(.data) for .data
    lcd.o(.text) refers to stm32f4xx_rcc.o(.text) for RCC_AHB1PeriphClockCmd
    lcd.o(.text) refers to stm32f4xx_gpio.o(.text) for GPIO_Init
    lcd.o(.text) refers to stm32f4xx_fsmc.o(.text) for FSMC_NORSRAMInit
    lcd.o(.text) refers to lcd.o(.constdata) for .constdata
    key.o(.text) refers to stm32f4xx_rcc.o(.text) for RCC_AHB1PeriphClockCmd
    key.o(.text) refers to stm32f4xx_gpio.o(.text) for GPIO_Init
    key.o(.text) refers to delay.o(.text) for delay_ms
    key.o(.text) refers to key.o(.data) for .data
    spi.o(.text) refers to stm32f4xx_spi.o(.text) for SPI_I2S_GetFlagStatus
    spi.o(.text) refers to stm32f4xx_rcc.o(.text) for RCC_AHB1PeriphClockCmd
    spi.o(.text) refers to stm32f4xx_gpio.o(.text) for GPIO_Init
    w25qxx.o(.text) refers to _printf_percent.o(.ARM.Collect$$_printf_percent$$00000000) for _printf_percent
    w25qxx.o(.text) refers to _printf_x.o(.ARM.Collect$$_printf_percent$$0000000C) for _printf_x
    w25qxx.o(.text) refers to _printf_hex_int.o(.text) for _printf_longlong_hex
    w25qxx.o(.text) refers to spi.o(.text) for SPI1_ReadWriteByte
    w25qxx.o(.text) refers to stm32f4xx_rcc.o(.text) for RCC_AHB1PeriphClockCmd
    w25qxx.o(.text) refers to stm32f4xx_gpio.o(.text) for GPIO_Init
    w25qxx.o(.text) refers to noretval__2printf.o(.text) for __2printf
    w25qxx.o(.text) refers to delay.o(.text) for delay_us
    w25qxx.o(.text) refers to w25qxx.o(.data) for .data
    w25qxx.o(.text) refers to w25qxx.o(.bss) for .bss
    rtc.o(.text) refers to stm32f4xx_rtc.o(.text) for RTC_SetTime
    rtc.o(.text) refers to stm32f4xx_rcc.o(.text) for RCC_APB1PeriphClockCmd
    rtc.o(.text) refers to stm32f4xx_pwr.o(.text) for PWR_BackupAccessCmd
    rtc.o(.text) refers to delay.o(.text) for delay_ms
    rtc.o(.text) refers to stm32f4xx_exti.o(.text) for EXTI_ClearITPendingBit
    rtc.o(.text) refers to misc.o(.text) for NVIC_Init
    rtc.o(.text) refers to noretval__2printf.o(.text) for __2printf
    rtc.o(.text) refers to rtc.o(.data) for .data
    timer.o(.text) refers to stm32f4xx_rcc.o(.text) for RCC_APB1PeriphClockCmd
    timer.o(.text) refers to stm32f4xx_tim.o(.text) for TIM_TimeBaseInit
    timer.o(.text) refers to misc.o(.text) for NVIC_Init
    beep.o(.text) refers to stm32f4xx_rcc.o(.text) for RCC_AHB1PeriphClockCmd
    beep.o(.text) refers to stm32f4xx_gpio.o(.text) for GPIO_Init
    beep.o(.text) refers to delay.o(.text) for delay_ms
    exti.o(.text) refers to delay.o(.text) for delay_ms
    exti.o(.text) refers to stm32f4xx_gpio.o(.text) for GPIO_ReadInputDataBit
    exti.o(.text) refers to stm32f4xx_exti.o(.text) for EXTI_ClearITPendingBit
    exti.o(.text) refers to key.o(.text) for KEY_Init
[...]
    .text                                    0x08005ca8   Section        0  exti.o(.text)
    .text                                    0x08005e04   Section        0  delay.o(.text)
    .text                                    0x08005ebc   Section        0  usart.o(.text)
    .text                                    0x08005fe8   Section       64  startup_stm32f40_41xxx.o(.text)
    $v0                                      0x08005fe8   Number         0  startup_stm32f40_41xxx.o(.text)
    .text                                    0x08006028   Section        0  misc.o(.text)
    .text                                    0x080060e4   Section        0  stm32f4xx_gpio.o(.text)
    .text                                    0x08006348   Section        0  stm32f4xx_fsmc.o(.text)
    .text                                    0x080067c8   Section        0  stm32f4xx_rcc.o(.text)
    .text                                    0x08006ca8   Section        0  stm32f4xx_usart.o(.text)
    .text                                    0x0800709c   Section        0  stm32f4xx_syscfg.o(.text)
    .text                                    0x08007114   Section        0  stm32f4xx_spi.o(.text)
    .text                                    0x080074c0   Section        0  stm32f4xx_rtc.o(.text)
    RTC_ByteToBcd2                           0x080076d9   Thumb Code    24  stm32f4xx_rtc.o(.text)
    RTC_Bcd2ToByte                           0x080076f1   Thumb Code    18  stm32f4xx_rtc.o(.text)
    .text                                    0x08007fcc   Section        0  stm32f4xx_exti.o(.text)
    .text                                    0x080080ac   Section        0  stm32f4xx_pwr.o(.text)
    .text                                    0x080081e8   Section        0  rc522.o(.text)
    .text                                    0x0800881a   Section        2  use_no_semi_2.o(.text)
    .text                                    0x0800881c   Section        0  h1_alloc.o(.text)
    .text                                    0x0800887a   Section        0  h1_free.o(.text)
    .text                                    0x080088c8   Section        0  noretval__2printf.o(.text)
    .text                                    0x080088e0   Section        0  noretval__2sprintf.o(.text)
    .text                                    0x08008908   Section        0  _printf_pad.o(.text)
    .text                                    0x08008956   Section        0  _printf_str.o(.text)
    .text                                    0x080089a8   Section        0  _printf_dec.o(.text)
    .text                                    0x08008a20   Section        0  _printf_hex_int.o(.text)
    .text                                    0x08008a78   Section        0  __printf_flags_wp.o(.text)
    .text                                    0x08008bb0   Section        0  heapauxi.o(.text)
    .text                                    0x08008bb6   Section        2  use_no_semi.o(.text)
    .text                                    0x08008bb8   Section        8  rt_heap_descriptor_intlibspace.o(.text)
    .text                                    0x08008bc0   Section        0  hguard.o(.text)
    .text                                    0x08008bc4   Section        0  init_alloc.o(.text)
    .text                                    0x08008c4e   Section        0  h1_init.o(.text)
    .text                                    0x08008c5c   Section        0  _printf_intcommon.o(.text)
    .text                                    0x08008d10   Section        0  _printf_char_common.o(.text)
    _printf_input_char                       0x08008d11   Thumb Code    10  _printf_char_common.o(.text)
    .text                                    0x08008d40   Section        0  _sputc.o(.text)
    .text                                    0x08008d4a   Section        0  _printf_char.o(.text)
    .text                                    0x08008d78   Section        0  _printf_char_file.o(.text)
    .text                                    0x08008d9c   Section        8  libspace.o(.text)
    .text                                    0x08008da4   Section        0  h1_extend.o(.text)
    .text                                    0x08008dd8   Section        0  ferror.o(.text)
    .text                                    0x08008de0   Section        0  defsig_rtmem_outer.o(.text)
    .text                                    0x08008dee   Section       74  sys_stackheap_outer.o(.text)
    .text                                    0x08008e38   Section        0  exit.o(.text)
    .text                                    0x08008e4a   Section        0  defsig_exit.o(.text)
    .text                                    0x08008e54   Section        0  defsig_rtmem_inner.o(.text)
    .text                                    0x08008ea4   Section        0  defsig_general.o(.text)
    i._is_digit                              0x08008ed6   Section        0  __printf_wp.o(i._is_digit)
    x$fpl$dfixu                              0x08008ee4   Section       90  dfixu.o(x$fpl$dfixu)
    $v0                                      0x08008ee4   Number         0  dfixu.o(x$fpl$dfixu)
    x$fpl$dfltu                              0x08008f3e   Section       38  dflt_clz.o(x$fpl$dfltu)
    $v0                                      0x08008f3e   Number         0  dflt_clz.o(x$fpl$dfltu)
    x$fpl$dmul                               0x08008f64   Section      340  dmul.o(x$fpl$dmul)
    $v0                                      0x08008f64   Number         0  dmul.o(x$fpl$dmul)
    x$fpl$dnaninf                            0x080090b8   Section      156  dnaninf.o(x$fpl$dnaninf)
    $v0                                      0x080090b8   Number         0  dnaninf.o(x$fpl$dnaninf)
    x$fpl$dretinf                            0x08009154   Section       12  dretinf.o(x$fpl$dretinf)
    $v0                                      0x08009154   Number         0  dretinf.o(x$fpl$dretinf)
    x$fpl$fpinit                             0x08009160   Section       10  fpinit.o(x$fpl$fpinit)
    $v0                                      0x08009160   Number         0  fpinit.o(x$fpl$fpinit)
    .constdata                               0x0800916a   Section     6080  lcd.o(.constdata)
    x$fpl$usenofp                            0x0800916a   Section        0  usenofp.o(x$fpl$usenofp)
    .constdata                               0x0800a92c   Section       28  stm32f4xx_fsmc.o(.constdata)
    .constdata                               0x0800a948   Section       40  _printf_hex_int.o(.constdata)
    uc_hextab                                0x0800a948   Data          20  _printf_hex_int.o(.constdata)
    lc_hextab                                0x0800a95c   Data          20  _printf_hex_int.o(.constdata)
    .constdata                               0x0800a970   Section       17  __printf_flags_wp.o(.constdata)
    maptable                                 0x0800a970   Data          17  __printf_flags_wp.o(.constdata)
    .data                                    0x20000000   Section        5  main.o(.data)
    .data                                    0x20000008   Section       20  system_stm32f4xx.o(.data)
    .data                                    0x2000001c   Section        4  lcd.o(.data)
    .data                                    0x20000020   Section        1  key.o(.data)
    key_up                                   0x20000020   Data           1  key.o(.data)
    .data                                    0x20000022   Section        2  w25qxx.o(.data)
    .data                                    0x20000024   Section        4  rtc.o(.data)
    .data                                    0x20000028   Section        4  delay.o(.data)
    fac_us                                   0x20000028   Data           1  delay.o(.data)
    fac_ms                                   0x2000002a   Data           2  delay.o(.data)
    .data                                    0x2000002c   Section        2  usart.o(.data)
    .data                                    0x20000030   Section        4  usart.o(.data)
    .data                                    0x20000034   Section       16  stm32f4xx_rcc.o(.data)
    APBAHBPrescTable                         0x20000034   Data          16  stm32f4xx_rcc.o(.data)
    .bss                                     0x20000044   Section       14  lcd.o(.bss)
    .bss                                     0x20000052   Section     4096  w25qxx.o(.bss)
    .bss                                     0x20001052   Section      200  usart.o(.bss)
    .bss                                     0x2000111c   Section       96  libspace.o(.bss)
    HEAP                                     0x20001180   Section      512  startup_stm32f40_41xxx.o(HEAP)
    Heap_Mem                                 0x20001180   Data         512  startup_stm32f40_41xxx.o(HEAP)
    STACK                                    0x20001380   Section     1024  startup_stm32f40_41xxx.o(STACK)
    Stack_Mem                                0x20001380   Data        1024  startup_stm32f40_41xxx.o(STACK)
    __initial_sp                             0x20001780   Data           0  startup_stm32f40_41xxx.o(STACK)

    Global Symbols

    Symbol Name                              Value     Ov Type        Size  Object(Section)

    BuildAttributes$$THM_ISAv4$E$P$D$K$B$S$7EM$VFPi3$EXTD16$VFPS$VFMA$PE$A:L22UL41UL21$X:L11$S22US41US21$IEEE1$IW$USESV6$~STKCKD$USESV7$~SHL$OTIME$ROPI$EBA8$UX$STANDARDLIB$REQ8$PRES8$EABIv2 0x00000000   Number         0  anon$$obj.o ABSOLUTE
    __ARM_use_no_argv                        0x00000000   Number         0  main.o ABSOLUTE
    _printf_flags                            0x00000000   Number         0  printf_stubs.o ABSOLUTE
    _printf_return_value                     0x00000000   Number         0  printf_stubs.o ABSOLUTE
    _printf_sizespec                         0x00000000   Number         0  printf_stubs.o ABSOLUTE
    _printf_widthprec                        0x00000000   Number         0  printf_stubs.o ABSOLUTE
    __ARM_exceptions_init                     - Undefined Weak Reference
    __alloca_initialize                       - Undefined Weak Reference
    __arm_fini_                               - Undefined Weak Reference
    __arm_preinit_                            - Undefined Weak Reference
    __cpp_initialize__aeabi_                  - Undefined Weak Reference
    __cxa_finalize                            - Undefined Weak Reference
    __rt_locale                               - Undefined Weak Reference
    __sigvec_lookup                           - Undefined Weak Reference
    __user_heap_extent                        - Undefined Weak Reference
    _atexit_init                              - Undefined Weak Reference
    _call_atexit_fns                          - Undefined Weak Reference
    _clock_init                               - Undefined Weak Reference
    _fp_trap_init                             - Undefined Weak Reference
    _fp_trap_shutdown                         - Undefined Weak Reference
    _get_lc_collate                           - Undefined Weak Reference
    _get_lc_ctype                             - Undefined Weak Reference
    _get_lc_monetary                          - Undefined Weak Reference
    _get_lc_numeric                           - Undefined Weak Reference
    _get_lc_time                              - Undefined Weak Reference
    _getenv_init                              - Undefined Weak Reference
    _handle_redirection                       - Undefined Weak Reference
    _initio                                   - Undefined Weak Reference
    _mutex_acquire                            - Undefined Weak Reference
    _mutex_free                               - Undefined Weak Reference
    _mutex_release                            - Undefined Weak Reference
    _printf_mbtowc                            - Undefined Weak Reference
    _printf_truncate_signed                   - Undefined Weak Reference
    _printf_truncate_unsigned                 - Undefined Weak Reference
    _rand_init                                - Undefined Weak Reference
    _signal_finish                            - Undefined Weak Reference
    _signal_init                              - Undefined Weak Reference
    _terminateio                              - Undefined Weak Reference
    __Vectors_Size                           0x00000188   Number         0  startup_stm32f40_41xxx.o ABSOLUTE
    __Vectors                                0x08000000   Data           4  startup_stm32f40_41xxx.o(RESET)
    __Vectors_End                            0x08000188   Data           0  startup_stm32f40_41xxx.o(RESET)
    __main                                   0x08000189   Thumb Code     8  __main.o(!!!main)
    __scatterload                            0x08000191   Thumb Code     0  __scatter.o(!!!scatter)
    __scatterload_rt2                        0x08000191   Thumb Code    44  __scatter.o(!!!scatter)
    __scatterload_rt2_thumb_only             0x08000191   Thumb Code     0  __scatter.o(!!!scatter)
    __scatterload_null                       0x0800019f   Thumb Code     0  __scatter.o(!!!scatter)
    __scatterload_copy                       0x080001c5   Thumb Code    26  __scatter_copy.o(!!handler_copy)
    __scatterload_zeroinit                   0x080001e1   Thumb Code    28  __scatter_zi.o(!!handler_zi)
    _printf_d                                0x080001fd   Thumb Code     0  _printf_d.o(.ARM.Collect$$_printf_percent$$00000009)
    _printf_percent                          0x080001fd   Thumb Code     0  _printf_percent.o(.ARM.Collect$$_printf_percent$$00000000)
    _printf_x                                0x08000203   Thumb Code     0  _printf_x.o(.ARM.Collect$$_printf_percent$$0000000C)
    _printf_s                                0x08000209   Thumb Code     0  _printf_s.o(.ARM.Collect$$_printf_percent$$00000014)
    _printf_percent_end                      0x0800020f   Thumb Code     0  _printf_percent_end.o(.ARM.Collect$$_printf_percent$$00000017)
    __rt_lib_init                            0x08000213   Thumb Code     0  libinit.o(.ARM.Collect$$libinit$$00000000)
    __rt_lib_init_fp_1                       0x08000215   Thumb Code     0  libinit2.o(.ARM.Collect$$libinit$$00000001)
    __rt_lib_init_heap_2                     0x08000219   Thumb Code     0  libinit2.o(.ARM.Collect$$libinit$$00000005)
    __rt_lib_init_preinit_1                  0x08000219   Thumb Code     0  libinit2.o(.ARM.Collect$$libinit$$00000004)
    __rt_lib_init_alloca_1                   0x08000221   Thumb Code     0  libinit2.o(.ARM.Collect$$libinit$$0000002E)
    __rt_lib_init_argv_1                     0x08000221   Thumb Code     0  libinit2.o(.ARM.Collect$$libinit$$0000002C)
    __rt_lib_init_atexit_1                   0x08000221   Thumb Code     0  libinit2.o(.ARM.Collect$$libinit$$0000001B)
    __rt_lib_init_clock_1                    0x08000221   Thumb Code     0  libinit2.o(.ARM.Collect$$libinit$$00000021)
    __rt_lib_init_cpp_1                      0x08000221   Thumb Code     0  libinit2.o(.ARM.Collect$$libinit$$00000032)
    __rt_lib_init_exceptions_1               0x08000221   Thumb Code     0  libinit2.o(.ARM.Collect$$libinit$$00000030)
    __rt_lib_init_fp_trap_1                  0x08000221   Thumb Code     0  libinit2.o(.ARM.Collect$$libinit$$0000001F)
    __rt_lib_init_getenv_1                   0x08000221   Thumb Code     0  libinit2.o(.ARM.Collect$$libinit$$00000023)
    __rt_lib_init_heap_1                     0x08000221   Thumb Code     0  libinit2.o(.ARM.Collect$$libinit$$0000000A)
    __rt_lib_init_lc_collate_1               0x08000221   Thumb Code     0  libinit2.o(.ARM.Collect$$libinit$$00000011)
    __rt_lib_init_lc_ctype_1                 0x08000221   Thumb Code     0  libinit2.o(.ARM.Collect$$libinit$$00000013)
    __rt_lib_init_lc_monetary_1              0x08000221   Thumb Code     0  libinit2.o(.ARM.Collect$$libinit$$00000015)
    __rt_lib_init_lc_numeric_1               0x08000221   Thumb Code     0  libinit2.o(.ARM.Collect$$libinit$$00000017)
    __rt_lib_init_lc_time_1                  0x08000221   Thumb Code     0  libinit2.o(.ARM.Collect$$libinit$$00000019)
    __rt_lib_init_rand_1                     0x08000221   Thumb Code     0  libinit2.o(.ARM.Collect$$libinit$$0000000E)
    __rt_lib_init_return                     0x08000221   Thumb Code     0  libinit2.o(.ARM.Collect$$libinit$$00000033)
    __rt_lib_init_signal_1                   0x08000221   Thumb Code     0  libinit2.o(.ARM.Collect$$libinit$$0000001D)
    __rt_lib_init_stdio_1                    0x08000221   Thumb Code     0  libinit2.o(.ARM.Collect$$libinit$$00000025)
    __rt_lib_init_user_alloc_1               0x08000221   Thumb Code     0  libinit2.o(.ARM.Collect$$libinit$$0000000C)
    __rt_lib_shutdown                        0x08000223   Thumb Code     0  libshutdown.o(.ARM.Collect$$libshutdown$$00000000)
    __rt_lib_shutdown_cpp_1                  0x08000225   Thumb Code     0  libshutdown2.o(.ARM.Collect$$libshutdown$$00000004)
    __rt_lib_shutdown_fini_1                 0x08000225   Thumb Code     0  libshutdown2.o(.ARM.Collect$$libshutdown$$00000002)
    __rt_lib_shutdown_fp_trap_1              0x08000225   Thumb Code     0  libshutdown2.o(.ARM.Collect$$libshutdown$$00000009)
    __rt_lib_shutdown_heap_1                 0x08000225   Thumb Code     0  libshutdown2.o(.ARM.Collect$$libshutdown$$00000011)
    __rt_lib_shutdown_return                 0x08000225   Thumb Code     0  libshutdown2.o(.ARM.Collect$$libshutdown$$00000012)
    __rt_lib_shutdown_signal_1               0x08000225   Thumb Code     0  libshutdown2.o(.ARM.Collect$$libshutdown$$0000000C)
    __rt_lib_shutdown_stdio_1                0x08000225   Thumb Code     0  libshutdown2.o(.ARM.Collect$$libshutdown$$00000006)
    __rt_lib_shutdown_user_alloc_1           0x08000225   Thumb Code     0  libshutdown2.o(.ARM.Collect$$libshutdown$$0000000E)
    __rt_entry                               0x08000227   Thumb Code     0  __rtentry.o(.ARM.Collect$$rtentry$$00000000)
    __rt_entry_presh_1                       0x08000227   Thumb Code     0  __rtentry2.o(.ARM.Collect$$rtentry$$00000002)
    __rt_entry_sh                            0x08000227   Thumb Code     0  __rtentry4.o(.ARM.Collect$$rtentry$$00000004)
    __rt_entry_li                            0x0800022d   Thumb Code     0  __rtentry2.o(.ARM.Collect$$rtentry$$0000000A)
    __rt_entry_postsh_1                      0x0800022d   Thumb Code     0  __rtentry2.o(.ARM.Collect$$rtentry$$00000009)
    __rt_entry_main                          0x08000231   Thumb Code     0  __rtentry2.o(.ARM.Collect$$rtentry$$0000000D)
    __rt_entry_postli_1                      0x08000231   Thumb Code     0  __rtentry2.o(.ARM.Collect$$rtentry$$0000000C)
    __rt_exit                                0x08000239   Thumb Code     0  rtexit.o(.ARM.Collect$$rtexit$$00000000)
    __rt_exit_ls                             0x0800023b   Thumb Code     0  rtexit2.o(.ARM.Collect$$rtexit$$00000003)
    __rt_exit_prels_1                        0x0800023b   Thumb Code     0  rtexit2.o(.ARM.Collect$$rtexit$$00000002)
    __rt_exit_exit                           0x0800023f   Thumb Code     0  rtexit2.o(.ARM.Collect$$rtexit$$00000004)
    ReadCardTips                             0x08000245   Thumb Code   102  main.o(.text)
    _maybe_terminate_alloc                   0x08000245   Thumb Code     0  maybetermalloc1.o(.emb_text)
    ReadCard                                 0x080002ab   Thumb Code    62  main.o(.text)
    IsEquals                                 0x080002e9   Thumb Code    36  main.o(.text)
    SerachID                                 0x0800030d   Thumb Code    64  main.o(.text)
    ShowTime                                 0x0800034d   Thumb Code   130  main.o(.text)
    ShowMenu                                 0x080003cf   Thumb Code   154  main.o(.text)
    AddUserID                                0x08000469   Thumb Code   240  main.o(.text)
    UserLogin                                0x08000559   Thumb Code   130  main.o(.text)
    LcdDesktop                               0x080005db   Thumb Code   618  main.o(.text)
    DCSRunning                               0x08000845   Thumb Code    58  main.o(.text)
    DCSInit                                  0x0800087f   Thumb Code   108  main.o(.text)
    main                                     0x080008eb   Thumb Code   202  main.o(.text)
    NMI_Handler                              0x08000aad   Thumb Code     2  stm32f4xx_it.o(.text)
    HardFault_Handler                        0x08000aaf   Thumb Code     2  stm32f4xx_it.o(.text)
    MemManage_Handler                        0x08000ab1   Thumb Code     2  stm32f4xx_it.o(.text)
    BusFault_Handler                         0x08000ab3   Thumb Code     2  stm32f4xx_it.o(.text)
    UsageFault_Handler                       0x08000ab5   Thumb Code     2  stm32f4xx_it.o(.text)
    SVC_Handler                              0x08000ab7   Thumb Code     2  stm32f4xx_it.o(.text)
    DebugMon_Handler                         0x08000ab9   Thumb Code     2  stm32f4xx_it.o(.text)
    PendSV_Handler                           0x08000abb   Thumb Code     2  stm32f4xx_it.o(.text)
    SysTick_Handler                          0x08000abd   Thumb Code     2  stm32f4xx_it.o(.text)
    SystemInit                               0x08000b69   Thumb Code    74  system_stm32f4xx.o(.text)
    SystemCoreClockUpdate                    0x08000bb3   Thumb Code   122  system_stm32f4xx.o(.text)
    LED_Init                                 0x08000c51   Thumb Code    58  led.o(.text)
    OK_LED                                   0x08000c8b   Thumb Code    22  led.o(.text)
    ERR_LED                                  0x08000ca1   Thumb Code    24  led.o(.text)
    LCD_WR_REG                               0x08000cc1   Thumb Code    18  lcd.o(.text)
    LCD_WR_DATA                              0x08000cd3   Thumb Code    20  lcd.o(.text)
    LCD_RD_DATA                              0x08000ce7   Thumb Code    16  lcd.o(.text)
    LCD_WriteReg                             0x08000cf7   Thumb Code     8  lcd.o(.text)
    LCD_ReadReg                              0x08000cff   Thumb Code    18  lcd.o(.text)
    LCD_WriteRAM_Prepare                     0x08000d11   Thumb Code    10  lcd.o(.text)
    LCD_WriteRAM                             0x08000d1b   Thumb Code     8  lcd.o(.text)
    LCD_BGR2RGB                              0x08000d23   Thumb Code    18  lcd.o(.text)
    opt_delay                                0x08000d35   Thumb Code     8  lcd.o(.text)
    LCD_SetCursor                            0x08000d3d   Thumb Code   362  lcd.o(.text)
    LCD_ReadPoint                            0x08000ea7   Thumb Code   270  lcd.o(.text)
    LCD_DisplayOn                            0x08000fb5   Thumb Code    62  lcd.o(.text)
    LCD_DisplayOff                           0x08000ff3   Thumb Code    60  lcd.o(.text)
    LCD_Scan_Dir                             0x0800102f   Thumb Code   532  lcd.o(.text)
    LCD_DrawPoint                            0x08001243   Thumb Code    20  lcd.o(.text)
    LCD_Fast_DrawPoint                       0x08001257   Thumb Code   314  lcd.o(.text)
    LCD_SSD_BackLightSet                     0x08001391   Thumb Code    70  lcd.o(.text)
    LCD_Display_Dir                          0x080013d7   Thumb Code   314  lcd.o(.text)
    LCD_Set_Window                           0x08001511   Thumb Code   506  lcd.o(.text)
    LCD_Clear                                0x0800170b   Thumb Code   104  lcd.o(.text)
    LCD_Init                                 0x08001773   Thumb Code 14164  lcd.o(.text)
    LCD_Fill                                 0x08004ec7   Thumb Code   140  lcd.o(.text)
    LCD_Color_Fill                           0x08004f53   Thumb Code    84  lcd.o(.text)
    LCD_DrawLine                             0x08004fa7   Thumb Code   160  lcd.o(.text)
    LCD_DrawRectangle                        0x08005047   Thumb Code    60  lcd.o(.text)
    LCD_Draw_Circle                          0x08005083   Thumb Code   180  lcd.o(.text)
    LCD_ShowChar                             0x08005137   Thumb Code   202  lcd.o(.text)
    LCD_Pow                                  0x08005201   Thumb Code    16  lcd.o(.text)
    LCD_ShowNum                              0x08005211   Thumb Code   122  lcd.o(.text)
    LCD_ShowxNum                             0x0800528b   Thumb Code   152  lcd.o(.text)
    LCD_ShowString                           0x08005323   Thumb Code    82  lcd.o(.text)
    KEY_Init                                 0x08005389   Thumb Code    58  key.o(.text)
    KEY_Scan                                 0x080053c3   Thumb Code   190  key.o(.text)
    SPI1_ReadWriteByte                       0x0800548d   Thumb Code    48  spi.o(.text)
    SPI1_Init                                0x080054bd   Thumb Code   186  spi.o(.text)
    SPI1_SetSpeed                            0x08005577   Thumb Code    24  spi.o(.text)
    SPI3_ReadWriteByte                       0x0800558f   Thumb Code    48  spi.o(.text)
    RC522_SPI3_Init                          0x080055bf   Thumb Code   222  spi.o(.text)
    W25QXX_ReadID                            0x080056b5   Thumb Code    56  w25qxx.o(.text)
    W25QXX_Init                              0x080056ed   Thumb Code   100  w25qxx.o(.text)
    W25QXX_ReadSR                            0x08005751   Thumb Code    26  w25qxx.o(.text)
    W25QXX_Write_SR                          0x0800576b   Thumb Code    28  w25qxx.o(.text)
    W25QXX_Write_Enable                      0x08005787   Thumb Code    20  w25qxx.o(.text)
    W25QXX_Write_Disable                     0x0800579b   Thumb Code    20  w25qxx.o(.text)
    W25QXX_Read                              0x080057af   Thumb Code    76  w25qxx.o(.text)
    W25QXX_Wait_Busy                         0x080057fb   Thumb Code    12  w25qxx.o(.text)
    W25QXX_Write_Page                        0x08005807   Thumb Code    80  w25qxx.o(.text)
    W25QXX_Write_NoCheck                     0x08005857   Thumb Code    60  w25qxx.o(.text)
    W25QXX_Erase_Sector                      0x08005893   Thumb Code    66  w25qxx.o(.text)
    W25QXX_Write                             0x080058d5   Thumb Code   158  w25qxx.o(.text)
    W25QXX_Erase_Chip                        0x08005973   Thumb Code    32  w25qxx.o(.text)
    W25QXX_PowerDown                         0x08005993   Thumb Code    28  w25qxx.o(.text)
    W25QXX_WAKEUP                            0x080059af   Thumb Code    28  w25qxx.o(.text)
    RTC_Set_Time                             0x080059ed   Thumb Code    28  rtc.o(.text)
    RTC_Set_Date                             0x08005a09   Thumb Code    28  rtc.o(.text)
    My_RTC_Init                              0x08005a25   Thumb Code   136  rtc.o(.text)
    RTC_Set_AlarmA                           0x08005aad   Thumb Code   152  rtc.o(.text)
    RTC_Set_WakeUp                           0x08005b45   Thumb Code   102  rtc.o(.text)
    RTC_Alarm_IRQHandler                     0x08005bab   Thumb Code    40  rtc.o(.text)
    RTC_WKUP_IRQHandler                      0x08005bd3   Thumb Code    52  rtc.o(.text)
    BEEP_Init                                0x08005c1d   Thumb Code    60  beep.o(.text)
    OK_BEEP                                  0x08005c59   Thumb Code    20  beep.o(.text)
    ERR_BEEP                                 0x08005c6d   Thumb Code    52  beep.o(.text)
    EXTI0_IRQHandler                         0x08005ca9   Thumb Code    36  exti.o(.text)
    EXTI2_IRQHandler                         0x08005ccd   Thumb Code    34  exti.o(.text)
    EXTI3_IRQHandler                         0x08005cef   Thumb Code    34  exti.o(.text)
    EXTI4_IRQHandler                         0x08005d11   Thumb Code    34  exti.o(.text)
    EXTIX_Init                               0x08005d33   Thumb Code   196  exti.o(.text)
    delay_init                               0x08005e05   Thumb Code    38  delay.o(.text)
    delay_us                                 0x08005e2b   Thumb Code    46  delay.o(.text)
    delay_xms                                0x08005e59   Thumb Code    46  delay.o(.text)
    delay_ms                                 0x08005e87   Thumb Code    50  delay.o(.text)
    _sys_exit                                0x08005ebd   Thumb Code     2  usart.o(.text)
    fputc                                    0x08005ebf   Thumb Code    14  usart.o(.text)
    _ttywrch                                 0x08005ecd   Thumb Code     2  usart.o(.text)
    uart_init                                0x08005ecf   Thumb Code   172  usart.o(.text)
    USART1_IRQHandler                        0x08005f7b   Thumb Code    92  usart.o(.text)
    Reset_Handler                            0x08005fe9   Thumb Code     8  startup_stm32f40_41xxx.o(.text)
    ADC_IRQHandler                           0x08006003   Thumb Code     0  startup_stm32f40_41xxx.o(.text)
    CAN1_RX0_IRQHandler                      0x08006003   Thumb Code     0  startup_stm32f40_41xxx.o(.text)
    CAN1_RX1_IRQHandler                      0x08006003   Thumb Code     0  startup_stm32f40_41xxx.o(.text)
    CAN1_SCE_IRQHandler                      0x08006003   Thumb Code     0  startup_stm32f40_41xxx.o(.text)
    CAN1_TX_IRQHandler                       0x08006003   Thumb Code     0  startup_stm32f40_41xxx.o(.text)
    CAN2_RX0_IRQHandler                      0x08006003   Thumb Code     0  startup_stm32f40_41xxx.o(.text)
    CAN2_RX1_IRQHandler                      0x08006003   Thumb Code     0  startup_stm32f40_41xxx.o(.text)
    CAN2_SCE_IRQHandler                      0x08006003   Thumb Code     0  startup_stm32f40_41xxx.o(.text)
    CAN2_TX_IRQHandler                       0x08006003   Thumb Code     0  startup_stm32f40_41xxx.o(.text)
    CRYP_IRQHandler                          0x08006003   Thumb Code     0  startup_stm32f40_41xxx.o(.text)
    DCMI_IRQHandler                          0x08006003   Thumb Code     0  startup_stm32f40_41xxx.o(.text)
    DMA1_Stream0_IRQHandler                  0x08006003   Thumb Code     0  startup_stm32f40_41xxx.o(.text)
    DMA1_Stream1_IRQHandler                  0x08006003   Thumb Code     0  startup_stm32f40_41xxx.o(.text)
    DMA1_Stream2_IRQHandler                  0x08006003   Thumb Code     0  startup_stm32f40_41xxx.o(.text)
    DMA1_Stream3_IRQHandler                  0x08006003   Thumb Code     0  startup_stm32f40_41xxx.o(.text)
    DMA1_Stream4_IRQHandler                  0x08006003   Thumb Code     0  startup_stm32f40_41xxx.o(.text)
    DMA1_Stream5_IRQHandler                  0x08006003   Thumb Code     0  startup_stm32f40_41xxx.o(.text)
    DMA1_Stream6_IRQHandler                  0x08006003   Thumb Code     0  startup_stm32f40_41xxx.o(.text)
    DMA1_Stream7_IRQHandler                  0x08006003   Thumb Code     0  startup_stm32f40_41xxx.o(.text)
    DMA2_Stream0_IRQHandler                  0x08006003   Thumb Code     0  startup_stm32f40_41xxx.o(.text)
    DMA2_Stream1_IRQHandler                  0x08006003   Thumb Code     0  startup_stm32f40_41xxx.o(.text)
    DMA2_Stream2_IRQHandler                  0x08006003   Thumb Code     0  startup_stm32f40_41xxx.o(.text)
    DMA2_Stream3_IRQHandler                  0x08006003   Thumb Code     0  startup_stm32f40_41xxx.o(.text)
    DMA2_Stream4_IRQHandler                  0x08006003   Thumb Code     0  startup_stm32f40_41xxx.o(.text)
    DMA2_Stream5_IRQHandler                  0x08006003   Thumb Code     0  startup_stm32f40_41xxx.o(.text)
    DMA2_Stream6_IRQHandler                  0x08006003   Thumb Code     0  startup_stm32f40_41xxx.o(.text)
    DMA2_Stream7_IRQHandler                  0x08006003   Thumb Code     0  startup_stm32f40_41xxx.o(.text)
    ETH_IRQHandler                           0x08006003   Thumb Code     0  startup_stm32f40_41xxx.o(.text)
    ETH_WKUP_IRQHandler                      0x08006003   Thumb Code     0  startup_stm32f40_41xxx.o(.text)
    EXTI15_10_IRQHandler                     0x08006003   Thumb Code     0  startup_stm32f40_41xxx.o(.text)
    EXTI1_IRQHandler                         0x08006003   Thumb Code     0  startup_stm32f40_41xxx.o(.text)
    EXTI9_5_IRQHandler                       0x08006003   Thumb Code     0  startup_stm32f40_41xxx.o(.text)
    FLASH_IRQHandler                         0x08006003   Thumb Code     0  startup_stm32f40_41xxx.o(.text)
    FPU_IRQHandler                           0x08006003   Thumb Code     0  startup_stm32f40_41xxx.o(.text)
    FSMC_IRQHandler                          0x08006003   Thumb Code     0  startup_stm32f40_41xxx.o(.text)
    HASH_RNG_IRQHandler                      0x08006003   Thumb Code     0  startup_stm32f40_41xxx.o(.text)
    I2C1_ER_IRQHandler                       0x08006003   Thumb Code     0  startup_stm32f40_41xxx.o(.text)
    I2C1_EV_IRQHandler                       0x08006003   Thumb Code     0  startup_stm32f40_41xxx.o(.text)
    I2C2_ER_IRQHandler                       0x08006003   Thumb Code     0  startup_stm32f40_41xxx.o(.text)
    I2C2_EV_IRQHandler                       0x08006003   Thumb Code     0  startup_stm32f40_41xxx.o(.text)
    I2C3_ER_IRQHandler                       0x08006003   Thumb Code     0  startup_stm32f40_41xxx.o(.text)
    I2C3_EV_IRQHandler                       0x08006003   Thumb Code     0  startup_stm32f40_41xxx.o(.text)
    OTG_FS_IRQHandler                        0x08006003   Thumb Code     0  startup_stm32f40_41xxx.o(.text)
    OTG_FS_WKUP_IRQHandler                   0x08006003   Thumb Code     0  startup_stm32f40_41xxx.o(.text)
    OTG_HS_EP1_IN_IRQHandler                 0x08006003   Thumb Code     0  startup_stm32f40_41xxx.o(.text)
    OTG_HS_EP1_OUT_IRQHandler                0x08006003   Thumb Code     0  startup_stm32f40_41xxx.o(.text)
    OTG_HS_IRQHandler                        0x08006003   Thumb Code     0  startup_stm32f40_41xxx.o(.text)
    OTG_HS_WKUP_IRQHandler                   0x08006003   Thumb Code     0  startup_stm32f40_41xxx.o(.text)
    PVD_IRQHandler                           0x08006003   Thumb Code     0  startup_stm32f40_41xxx.o(.text)
    RCC_IRQHandler                           0x08006003   Thumb Code     0  startup_stm32f40_41xxx.o(.text)
    SDIO_IRQHandler                          0x08006003   Thumb Code     0  startup_stm32f40_41xxx.o(.text)
    SPI1_IRQHandler                          0x08006003   Thumb Code     0  startup_stm32f40_41xxx.o(.text)
    SPI2_IRQHandler                          0x08006003   Thumb Code     0  startup_stm32f40_41xxx.o(.text)
    SPI3_IRQHandler                          0x08006003   Thumb Code     0  startup_stm32f40_41xxx.o(.text)
    TAMP_STAMP_IRQHandler                    0x08006003   Thumb Code     0  startup_stm32f40_41xxx.o(.text)
    TIM1_BRK_TIM9_IRQHandler                 0x08006003   Thumb Code     0  startup_stm32f40_41xxx.o(.text)
    TIM1_CC_IRQHandler                       0x08006003   Thumb Code     0  startup_stm32f40_41xxx.o(.text)
    TIM1_TRG_COM_TIM11_IRQHandler            0x08006003   Thumb Code     0  startup_stm32f40_41xxx.o(.text)
    TIM1_UP_TIM10_IRQHandler                 0x08006003   Thumb Code     0  startup_stm32f40_41xxx.o(.text)
    TIM2_IRQHandler                          0x08006003   Thumb Code     0  startup_stm32f40_41xxx.o(.text)
    TIM3_IRQHandler                          0x08006003   Thumb Code     0  startup_stm32f40_41xxx.o(.text)
    TIM4_IRQHandler                          0x08006003   Thumb Code     0  startup_stm32f40_41xxx.o(.text)
    TIM5_IRQHandler                          0x08006003   Thumb Code     0  startup_stm32f40_41xxx.o(.text)
    TIM6_DAC_IRQHandler                      0x08006003   Thumb Code     0  startup_stm32f40_41xxx.o(.text)
    TIM7_IRQHandler                          0x08006003   Thumb Code     0  startup_stm32f40_41xxx.o(.text)
    TIM8_BRK_TIM12_IRQHandler                0x08006003   Thumb Code     0  startup_stm32f40_41xxx.o(.text)
    TIM8_CC_IRQHandler                       0x08006003   Thumb Code     0  startup_stm32f40_41xxx.o(.text)
    TIM8_TRG_COM_TIM14_IRQHandler            0x08006003   Thumb Code     0  startup_stm32f40_41xxx.o(.text)
    TIM8_UP_TIM13_IRQHandler                 0x08006003   Thumb Code     0  startup_stm32f40_41xxx.o(.text)
    UART4_IRQHandler                         0x08006003   Thumb Code     0  startup_stm32f40_41xxx.o(.text)
    UART5_IRQHandler                         0x08006003   Thumb Code     0  startup_stm32f40_41xxx.o(.text)
    USART2_IRQHandler                        0x08006003   Thumb Code     0  startup_stm32f40_41xxx.o(.text)
    USART3_IRQHandler                        0x08006003   Thumb Code     0  startup_stm32f40_41xxx.o(.text)
    USART6_IRQHandler                        0x08006003   Thumb Code     0  startup_stm32f40_41xxx.o(.text)
    WWDG_IRQHandler                          0x08006003   Thumb Code     0  startup_stm32f40_41xxx.o(.text)
    __user_initial_stackheap                 0x08006005   Thumb Code     0  startup_stm32f40_41xxx.o(.text)
    NVIC_PriorityGroupConfig                 0x08006029   Thumb Code    10  misc.o(.text)
    NVIC_Init                                0x08006033   Thumb Code    98  misc.o(.text)
    NVIC_SetVectorTable                      0x08006095   Thumb Code    14  misc.o(.text)
    NVIC_SystemLPConfig                      0x080060a3   Thumb Code    24  misc.o(.text)
    SysTick_CLKSourceConfig                  0x080060bb   Thumb Code    28  misc.o(.text)
    GPIO_DeInit                              0x080060e5   Thumb Code   296  stm32f4xx_gpio.o(.text)
    GPIO_Init                                0x0800620d   Thumb Code   124  stm32f4xx_gpio.o(.text)
    GPIO_StructInit                          0x08006289   Thumb Code    18  stm32f4xx_gpio.o(.text)
    GPIO_PinLockConfig                       0x0800629b   Thumb Code    26  stm32f4xx_gpio.o(.text)
    GPIO_ReadInputDataBit                    0x080062b5   Thumb Code    14  stm32f4xx_gpio.o(.text)
    GPIO_ReadInputData                       0x080062c3   Thumb Code     6  stm32f4xx_gpio.o(.text)
    GPIO_ReadOutputDataBit                   0x080062c9   Thumb Code    14  stm32f4xx_gpio.o(.text)
    GPIO_ReadOutputData                      0x080062d7   Thumb Code     6  stm32f4xx_gpio.o(.text)
    GPIO_SetBits                             0x080062dd   Thumb Code     4  stm32f4xx_gpio.o(.text)
    GPIO_ResetBits                           0x080062e1   Thumb Code     4  stm32f4xx_gpio.o(.text)
    GPIO_WriteBit                            0x080062e5   Thumb Code    12  stm32f4xx_gpio.o(.text)
    GPIO_Write                               0x080062f1   Thumb Code     4  stm32f4xx_gpio.o(.text)
    GPIO_ToggleBits                          0x080062f5   Thumb Code     8  stm32f4xx_gpio.o(.text)
    GPIO_PinAFConfig                         0x080062fd   Thumb Code    32  stm32f4xx_gpio.o(.text)
    FSMC_NORSRAMDeInit                       0x08006349   Thumb Code    48  stm32f4xx_fsmc.o(.text)
    FSMC_NORSRAMInit                         0x08006379   Thumb Code   202  stm32f4xx_fsmc.o(.text)
    FSMC_NORSRAMStructInit                   0x08006443   Thumb Code    42  stm32f4xx_fsmc.o(.text)
    FSMC_NORSRAMCmd                          0x0800646d   Thumb Code    30  stm32f4xx_fsmc.o(.text)
    FSMC_NANDDeInit                          0x0800648b   Thumb Code    40  stm32f4xx_fsmc.o(.text)
    FSMC_NANDInit                            0x080064b3   Thumb Code   104  stm32f4xx_fsmc.o(.text)
    FSMC_NANDStructInit                      0x0800651b   Thumb Code    54  stm32f4xx_fsmc.o(.text)
    FSMC_NANDCmd                             0x08006551   Thumb Code    60  stm32f4xx_fsmc.o(.text)
    FSMC_NANDECCCmd                          0x0800658d   Thumb Code    60  stm32f4xx_fsmc.o(.text)
    FSMC_GetECC                              0x080065c9   Thumb Code    18  stm32f4xx_fsmc.o(.text)
    FSMC_PCCARDDeInit                        0x080065db   Thumb Code    22  stm32f4xx_fsmc.o(.text)
    FSMC_PCCARDInit                          0x080065f1   Thumb Code    98  stm32f4xx_fsmc.o(.text)
    FSMC_PCCARDStructInit                    0x08006653   Thumb Code    60  stm32f4xx_fsmc.o(.text)
    FSMC_PCCARDCmd                           0x0800668f   Thumb Code    34  stm32f4xx_fsmc.o(.text)
    FSMC_ITConfig                            0x080066b1   Thumb Code    86  stm32f4xx_fsmc.o(.text)
    FSMC_GetFlagStatus                       0x08006707   Thumb Code    40  stm32f4xx_fsmc.o(.text)
    FSMC_ClearFlag                           0x0800672f   Thumb Code    42  stm32f4xx_fsmc.o(.text)
    FSMC_GetITStatus                         0x08006759   Thumb Code    52  stm32f4xx_fsmc.o(.text)
    FSMC_ClearITPendingBit                   0x0800678d   Thumb Code    48  stm32f4xx_fsmc.o(.text)
    RCC_DeInit                               0x080067c9   Thumb Code    68  stm32f4xx_rcc.o(.text)
    RCC_HSEConfig                            0x0800680d   Thumb Code    12  stm32f4xx_rcc.o(.text)
    RCC_GetFlagStatus                        0x08006819   Thumb Code    50  stm32f4xx_rcc.o(.text)
    RCC_WaitForHSEStartUp                    0x0800684b   Thumb Code    48  stm32f4xx_rcc.o(.text)
    RCC_AdjustHSICalibrationValue            0x0800687b   Thumb Code    16  stm32f4xx_rcc.o(.text)
    RCC_HSICmd                               0x0800688b   Thumb Code     6  stm32f4xx_rcc.o(.text)
    RCC_LSEConfig                            0x08006891   Thumb Code    30  stm32f4xx_rcc.o(.text)
    RCC_LSICmd                               0x080068af   Thumb Code     6  stm32f4xx_rcc.o(.text)
    RCC_PLLConfig                            0x080068b5   Thumb Code    34  stm32f4xx_rcc.o(.text)
    RCC_PLLCmd                               0x080068d7   Thumb Code     6  stm32f4xx_rcc.o(.text)
    RCC_PLLI2SConfig                         0x080068dd   Thumb Code    14  stm32f4xx_rcc.o(.text)
    RCC_PLLI2SCmd                            0x080068eb   Thumb Code     6  stm32f4xx_rcc.o(.text)
    RCC_PLLSAIConfig                         0x080068f1   Thumb Code    18  stm32f4xx_rcc.o(.text)
    RCC_PLLSAICmd                            0x08006903   Thumb Code     6  stm32f4xx_rcc.o(.text)
    RCC_ClockSecuritySystemCmd               0x08006909   Thumb Code     6  stm32f4xx_rcc.o(.text)
    RCC_MCO1Config                           0x0800690f   Thumb Code    18  stm32f4xx_rcc.o(.text)
    RCC_MCO2Config                           0x08006921   Thumb Code    18  stm32f4xx_rcc.o(.text)
    RCC_SYSCLKConfig                         0x08006933   Thumb Code    16  stm32f4xx_rcc.o(.text)
    RCC_GetSYSCLKSource                      0x08006943   Thumb Code    12  stm32f4xx_rcc.o(.text)
    RCC_HCLKConfig                           0x0800694f   Thumb Code    16  stm32f4xx_rcc.o(.text)
    RCC_PCLK1Config                          0x0800695f   Thumb Code    16  stm32f4xx_rcc.o(.text)
    RCC_PCLK2Config                          0x0800696f   Thumb Code    18  stm32f4xx_rcc.o(.text)
    RCC_GetClocksFreq                        0x08006981   Thumb Code   150  stm32f4xx_rcc.o(.text)
    RCC_RTCCLKConfig                         0x08006a17   Thumb Code    42  stm32f4xx_rcc.o(.text)
    RCC_RTCCLKCmd                            0x08006a41   Thumb Code     8  stm32f4xx_rcc.o(.text)
    RCC_BackupResetCmd                       0x08006a49   Thumb Code     8  stm32f4xx_rcc.o(.text)
    RCC_I2SCLKConfig                         0x08006a51   Thumb Code     6  stm32f4xx_rcc.o(.text)
    RCC_SAIPLLI2SClkDivConfig                0x08006a57   Thumb Code    18  stm32f4xx_rcc.o(.text)
    RCC_SAIPLLSAIClkDivConfig                0x08006a69   Thumb Code    20  stm32f4xx_rcc.o(.text)
    RCC_SAIBlockACLKConfig                   0x08006a7d   Thumb Code    16  stm32f4xx_rcc.o(.text)
    RCC_SAIBlockBCLKConfig                   0x08006a8d   Thumb Code    16  stm32f4xx_rcc.o(.text)
    RCC_LTDCCLKDivConfig                     0x08006a9d   Thumb Code    16  stm32f4xx_rcc.o(.text)
    RCC_TIMCLKPresConfig                     0x08006aad   Thumb Code     6  stm32f4xx_rcc.o(.text)
    RCC_AHB1PeriphClockCmd                   0x08006ab3   Thumb Code    24  stm32f4xx_rcc.o(.text)
    RCC_AHB2PeriphClockCmd                   0x08006acb   Thumb Code    24  stm32f4xx_rcc.o(.text)
    RCC_AHB3PeriphClockCmd                   0x08006ae3   Thumb Code    24  stm32f4xx_rcc.o(.text)
    RCC_APB1PeriphClockCmd                   0x08006afb   Thumb Code    24  stm32f4xx_rcc.o(.text)
    RCC_APB2PeriphClockCmd                   0x08006b13   Thumb Code    24  stm32f4xx_rcc.o(.text)
    RCC_AHB1PeriphResetCmd                   0x08006b2b   Thumb Code    24  stm32f4xx_rcc.o(.text)
    RCC_AHB2PeriphResetCmd                   0x08006b43   Thumb Code    24  stm32f4xx_rcc.o(.text)
    RCC_AHB3PeriphResetCmd                   0x08006b5b   Thumb Code    24  stm32f4xx_rcc.o(.text)
    RCC_APB1PeriphResetCmd                   0x08006b73   Thumb Code    24  stm32f4xx_rcc.o(.text)
    RCC_APB2PeriphResetCmd                   0x08006b8b   Thumb Code    24  stm32f4xx_rcc.o(.text)
    RCC_AHB1PeriphClockLPModeCmd             0x08006ba3   Thumb Code    70  stm32f4xx_rcc.o(.text)
    RCC_AHB2PeriphClockLPModeCmd             0x08006be9   Thumb Code    22  stm32f4xx_rcc.o(.text)
    RCC_AHB3PeriphClockLPModeCmd             0x08006bff   Thumb Code    24  stm32f4xx_rcc.o(.text)
    RCC_APB1PeriphClockLPModeCmd             0x08006c17   Thumb Code    24  stm32f4xx_rcc.o(.text)
    RCC_APB2PeriphClockLPModeCmd             0x08006c2f   Thumb Code    24  stm32f4xx_rcc.o(.text)
    RCC_LSEModeConfig                        0x08006c47   Thumb Code    28  stm32f4xx_rcc.o(.text)
    RCC_ITConfig                             0x08006c63   Thumb Code    24  stm32f4xx_rcc.o(.text)
    RCC_ClearFlag                            0x08006c7b   Thumb Code    14  stm32f4xx_rcc.o(.text)
    RCC_GetITStatus                          0x08006c89   Thumb Code    18  stm32f4xx_rcc.o(.text)
    RCC_ClearITPendingBit                    0x08006c9b   Thumb Code     8  stm32f4xx_rcc.o(.text)
    USART_DeInit                             0x08006ca9   Thumb Code   224  stm32f4xx_usart.o(.text)
    USART_Init                               0x08006d89   Thumb Code   180  stm32f4xx_usart.o(.text)
    USART_StructInit                         0x08006e3d   Thumb Code    22  stm32f4xx_usart.o(.text)
    USART_ClockInit                          0x08006e53   Thumb Code    28  stm32f4xx_usart.o(.text)
    USART_ClockStructInit                    0x08006e6f   Thumb Code    12  stm32f4xx_usart.o(.text)
    USART_Cmd                                0x08006e7b   Thumb Code    24  stm32f4xx_usart.o(.text)
    USART_SetPrescaler                       0x08006e93   Thumb Code    16  stm32f4xx_usart.o(.text)
    USART_OverSampling8Cmd                   0x08006ea3   Thumb Code    24  stm32f4xx_usart.o(.text)
    USART_OneBitMethodCmd                    0x08006ebb   Thumb Code    24  stm32f4xx_usart.o(.text)
    USART_SendData                           0x08006ed3   Thumb Code     8  stm32f4xx_usart.o(.text)
    USART_ReceiveData                        0x08006edb   Thumb Code     8  stm32f4xx_usart.o(.text)
    USART_SetAddress                         0x08006ee3   Thumb Code    16  stm32f4xx_usart.o(.text)
    USART_ReceiverWakeUpCmd                  0x08006ef3   Thumb Code    24  stm32f4xx_usart.o(.text)
    USART_WakeUpConfig                       0x08006f0b   Thumb Code    16  stm32f4xx_usart.o(.text)
    USART_LINBreakDetectLengthConfig         0x08006f1b   Thumb Code    16  stm32f4xx_usart.o(.text)
    USART_LINCmd                             0x08006f2b   Thumb Code    24  stm32f4xx_usart.o(.text)
    USART_SendBreak                          0x08006f43   Thumb Code    10  stm32f4xx_usart.o(.text)
    USART_HalfDuplexCmd                      0x08006f4d   Thumb Code    24  stm32f4xx_usart.o(.text)
    USART_SetGuardTime                       0x08006f65   Thumb Code    16  stm32f4xx_usart.o(.text)
    USART_SmartCardCmd                       0x08006f75   Thumb Code    24  stm32f4xx_usart.o(.text)
    USART_SmartCardNACKCmd                   0x08006f8d   Thumb Code    24  stm32f4xx_usart.o(.text)
    USART_IrDAConfig                         0x08006fa5   Thumb Code    16  stm32f4xx_usart.o(.text)
    USART_IrDACmd                            0x08006fb5   Thumb Code    24  stm32f4xx_usart.o(.text)
    USART_DMACmd                             0x08006fcd   Thumb Code    20  stm32f4xx_usart.o(.text)
    USART_ITConfig                           0x08006fe1   Thumb Code    54  stm32f4xx_usart.o(.text)
    USART_GetFlagStatus                      0x08007017   Thumb Code    14  stm32f4xx_usart.o(.text)
    USART_ClearFlag                          0x08007025   Thumb Code     8  stm32f4xx_usart.o(.text)
    USART_GetITStatus                        0x0800702d   Thumb Code    64  stm32f4xx_usart.o(.text)
    USART_ClearITPendingBit                  0x0800706d   Thumb Code    16  stm32f4xx_usart.o(.text)
    SYSCFG_DeInit                            0x0800709d   Thumb Code    24  stm32f4xx_syscfg.o(.text)
    SYSCFG_MemoryRemapConfig                 0x080070b5   Thumb Code     6  stm32f4xx_syscfg.o(.text)
    SYSCFG_MemorySwappingBank                0x080070bb   Thumb Code     6  stm32f4xx_syscfg.o(.text)
    SYSCFG_EXTILineConfig                    0x080070c1   Thumb Code    38  stm32f4xx_syscfg.o(.text)
    SYSCFG_ETH_MediaInterfaceConfig          0x080070e7   Thumb Code     8  stm32f4xx_syscfg.o(.text)
    SYSCFG_CompensationCellCmd               0x080070ef   Thumb Code     6  stm32f4xx_syscfg.o(.text)
    SYSCFG_GetCompensationCellStatus         0x080070f5   Thumb Code    16  stm32f4xx_syscfg.o(.text)
    SPI_I2S_DeInit                           0x08007115   Thumb Code   172  stm32f4xx_spi.o(.text)
    SPI_Init                                 0x080071c1   Thumb Code    56  stm32f4xx_spi.o(.text)
    I2S_Init                                 0x080071f9   Thumb Code   226  stm32f4xx_spi.o(.text)
    SPI_StructInit                           0x080072db   Thumb Code    24  stm32f4xx_spi.o(.text)
    I2S_StructInit                           0x080072f3   Thumb Code    18  stm32f4xx_spi.o(.text)
    SPI_Cmd                                  0x08007305   Thumb Code    24  stm32f4xx_spi.o(.text)
    I2S_Cmd                                  0x0800731d   Thumb Code    24  stm32f4xx_spi.o(.text)
    SPI_DataSizeConfig                       0x08007335   Thumb Code    16  stm32f4xx_spi.o(.text)
    SPI_BiDirectionalLineConfig              0x08007345   Thumb Code    26  stm32f4xx_spi.o(.text)
    SPI_NSSInternalSoftwareConfig            0x0800735f   Thumb Code    28  stm32f4xx_spi.o(.text)
    SPI_SSOutputCmd                          0x0800737b   Thumb Code    24  stm32f4xx_spi.o(.text)
    SPI_TIModeCmd                            0x08007393   Thumb Code    24  stm32f4xx_spi.o(.text)
    I2S_FullDuplexConfig                     0x080073ab   Thumb Code    58  stm32f4xx_spi.o(.text)
    SPI_I2S_ReceiveData                      0x080073e5   Thumb Code     4  stm32f4xx_spi.o(.text)
    SPI_I2S_SendData                         0x080073e9   Thumb Code     4  stm32f4xx_spi.o(.text)
    SPI_CalculateCRC                         0x080073ed   Thumb Code    24  stm32f4xx_spi.o(.text)
    SPI_TransmitCRC                          0x08007405   Thumb Code    10  stm32f4xx_spi.o(.text)
    SPI_GetCRC                               0x0800740f   Thumb Code    12  stm32f4xx_spi.o(.text)
    SPI_GetCRCPolynomial                     0x0800741b   Thumb Code     4  stm32f4xx_spi.o(.text)
    SPI_I2S_DMACmd                           0x0800741f   Thumb Code    20  stm32f4xx_spi.o(.text)
    SPI_I2S_ITConfig                         0x08007433   Thumb Code    28  stm32f4xx_spi.o(.text)
    SPI_I2S_GetFlagStatus                    0x0800744f   Thumb Code    14  stm32f4xx_spi.o(.text)
    SPI_I2S_ClearFlag                        0x0800745d   Thumb Code     6  stm32f4xx_spi.o(.text)
    SPI_I2S_GetITStatus                      0x08007463   Thumb Code    44  stm32f4xx_spi.o(.text)
    SPI_I2S_ClearITPendingBit                0x0800748f   Thumb Code    14  stm32f4xx_spi.o(.text)
    RTC_WaitForSynchro                       0x080074c1   Thumb Code    72  stm32f4xx_rtc.o(.text)
    RTC_EnterInitMode                        0x08007509   Thumb Code    64  stm32f4xx_rtc.o(.text)
    RTC_DeInit                               0x08007549   Thumb Code   174  stm32f4xx_rtc.o(.text)
    RTC_ExitInitMode                         0x080075f7   Thumb Code    14  stm32f4xx_rtc.o(.text)
    RTC_Init                                 0x08007605   Thumb Code    74  stm32f4xx_rtc.o(.text)
    RTC_StructInit                           0x0800764f   Thumb Code    14  stm32f4xx_rtc.o(.text)
    RTC_WriteProtectionCmd                   0x0800765d   Thumb Code    22  stm32f4xx_rtc.o(.text)
    RTC_RefClockCmd                          0x08007673   Thumb Code    60  stm32f4xx_rtc.o(.text)
    RTC_BypassShadowCmd                      0x080076af   Thumb Code    42  stm32f4xx_rtc.o(.text)
    RTC_SetTime                              0x08007703   Thumb Code   160  stm32f4xx_rtc.o(.text)
    RTC_TimeStructInit                       0x080077a3   Thumb Code    12  stm32f4xx_rtc.o(.text)
    RTC_GetTime                              0x080077af   Thumb Code    70  stm32f4xx_rtc.o(.text)
    RTC_GetSubSecond                         0x080077f5   Thumb Code    14  stm32f4xx_rtc.o(.text)
    RTC_SetDate                              0x08007803   Thumb Code   156  stm32f4xx_rtc.o(.text)
    RTC_DateStructInit                       0x0800789f   Thumb Code    30  stm32f4xx_rtc.o(.text)
    RTC_GetDate                              0x080078bd   Thumb Code    64  stm32f4xx_rtc.o(.text)
    RTC_SetAlarm                             0x080078fd   Thumb Code   186  stm32f4xx_rtc.o(.text)
    RTC_AlarmStructInit                      0x080079b7   Thumb Code    20  stm32f4xx_rtc.o(.text)
    RTC_GetAlarm                             0x080079cb   Thumb Code   106  stm32f4xx_rtc.o(.text)
    RTC_AlarmCmd                             0x08007a35   Thumb Code    90  stm32f4xx_rtc.o(.text)
    RTC_AlarmSubSecondConfig                 0x08007a8f   Thumb Code    42  stm32f4xx_rtc.o(.text)
    RTC_GetAlarmSubSecond                    0x08007ab9   Thumb Code    30  stm32f4xx_rtc.o(.text)
    RTC_WakeUpClockConfig                    0x08007ad7   Thumb Code    36  stm32f4xx_rtc.o(.text)
    RTC_SetWakeUpCounter                     0x08007afb   Thumb Code    24  stm32f4xx_rtc.o(.text)
    RTC_GetWakeUpCounter                     0x08007b13   Thumb Code    10  stm32f4xx_rtc.o(.text)
    RTC_WakeUpCmd                            0x08007b1d   Thumb Code    92  stm32f4xx_rtc.o(.text)
    RTC_DayLightSavingConfig                 0x08007b79   Thumb Code    40  stm32f4xx_rtc.o(.text)
    RTC_GetStoreOperation                    0x08007ba1   Thumb Code    12  stm32f4xx_rtc.o(.text)
    RTC_OutputConfig                         0x08007bad   Thumb Code    40  stm32f4xx_rtc.o(.text)
    RTC_CoarseCalibConfig                    0x08007bd5   Thumb Code    48  stm32f4xx_rtc.o(.text)
    RTC_CoarseCalibCmd                       0x08007c05   Thumb Code    62  stm32f4xx_rtc.o(.text)
    RTC_CalibOutputCmd                       0x08007c43   Thumb Code    44  stm32f4xx_rtc.o(.text)
    RTC_CalibOutputConfig                    0x08007c6f   Thumb Code    36  stm32f4xx_rtc.o(.text)
    RTC_SmoothCalibConfig                    0x08007c93   Thumb Code    80  stm32f4xx_rtc.o(.text)
    RTC_TimeStampCmd                         0x08007ce3   Thumb Code    48  stm32f4xx_rtc.o(.text)
    RTC_GetTimeStamp                         0x08007d13   Thumb Code   130  stm32f4xx_rtc.o(.text)
    RTC_GetTimeStampSubSecond                0x08007d95   Thumb Code     8  stm32f4xx_rtc.o(.text)
    RTC_TamperTriggerConfig                  0x08007d9d   Thumb Code    28  stm32f4xx_rtc.o(.text)
    RTC_TamperCmd                            0x08007db9   Thumb Code    24  stm32f4xx_rtc.o(.text)
    RTC_TamperFilterConfig                   0x08007dd1   Thumb Code    20  stm32f4xx_rtc.o(.text)
    RTC_TamperSamplingFreqConfig             0x08007de5   Thumb Code    20  stm32f4xx_rtc.o(.text)
    RTC_TamperPinsPrechargeDuration          0x08007df9   Thumb Code    20  stm32f4xx_rtc.o(.text)
    RTC_TimeStampOnTamperDetectionCmd        0x08007e0d   Thumb Code    28  stm32f4xx_rtc.o(.text)
    RTC_TamperPullUpCmd                      0x08007e29   Thumb Code    28  stm32f4xx_rtc.o(.text)
    RTC_WriteBackupRegister                  0x08007e45   Thumb Code    18  stm32f4xx_rtc.o(.text)
    RTC_ReadBackupRegister                   0x08007e57   Thumb Code    18  stm32f4xx_rtc.o(.text)
    RTC_TamperPinSelection                   0x08007e69   Thumb Code    20  stm32f4xx_rtc.o(.text)
    RTC_TimeStampPinSelection                0x08007e7d   Thumb Code    20  stm32f4xx_rtc.o(.text)
    RTC_OutputTypeConfig                     0x08007e91   Thumb Code    20  stm32f4xx_rtc.o(.text)
    RTC_SynchroShiftConfig                   0x08007ea5   Thumb Code    92  stm32f4xx_rtc.o(.text)
    RTC_ITConfig                             0x08007f01   Thumb Code    66  stm32f4xx_rtc.o(.text)
    RTC_GetFlagStatus                        0x08007f43   Thumb Code    22  stm32f4xx_rtc.o(.text)
    RTC_ClearFlag                            0x08007f59   Thumb Code    24  stm32f4xx_rtc.o(.text)
    RTC_GetITStatus                          0x08007f71   Thumb Code    52  stm32f4xx_rtc.o(.text)
    RTC_ClearITPendingBit                    0x08007fa5   Thumb Code    26  stm32f4xx_rtc.o(.text)
    EXTI_DeInit                              0x08007fcd   Thumb Code    28  stm32f4xx_exti.o(.text)
    EXTI_Init                                0x08007fe9   Thumb Code   110  stm32f4xx_exti.o(.text)
    EXTI_StructInit                          0x08008057   Thumb Code    14  stm32f4xx_exti.o(.text)
    EXTI_GenerateSWInterrupt                 0x08008065   Thumb Code    12  stm32f4xx_exti.o(.text)
    EXTI_GetFlagStatus                       0x08008071   Thumb Code    18  stm32f4xx_exti.o(.text)
    EXTI_ClearFlag                           0x08008083   Thumb Code     8  stm32f4xx_exti.o(.text)
    EXTI_GetITStatus                         0x0800808b   Thumb Code    18  stm32f4xx_exti.o(.text)
    EXTI_ClearITPendingBit                   0x0800809d   Thumb Code     8  stm32f4xx_exti.o(.text)
    PWR_DeInit                               0x080080ad   Thumb Code    24  stm32f4xx_pwr.o(.text)
    PWR_BackupAccessCmd                      0x080080c5   Thumb Code     6  stm32f4xx_pwr.o(.text)
    PWR_PVDLevelConfig                       0x080080cb   Thumb Code    14  stm32f4xx_pwr.o(.text)
    PWR_PVDCmd                               0x080080d9   Thumb Code     6  stm32f4xx_pwr.o(.text)
    PWR_WakeUpPinCmd                         0x080080df   Thumb Code     8  stm32f4xx_pwr.o(.text)
    PWR_BackupRegulatorCmd                   0x080080e7   Thumb Code     8  stm32f4xx_pwr.o(.text)
    PWR_MainRegulatorModeConfig              0x080080ef   Thumb Code    14  stm32f4xx_pwr.o(.text)
    PWR_OverDriveCmd                         0x080080fd   Thumb Code     6  stm32f4xx_pwr.o(.text)
    PWR_OverDriveSWCmd                       0x08008103   Thumb Code     6  stm32f4xx_pwr.o(.text)
    PWR_UnderDriveCmd                        0x08008109   Thumb Code    26  stm32f4xx_pwr.o(.text)
    PWR_MainRegulatorLowVoltageCmd           0x08008123   Thumb Code    18  stm32f4xx_pwr.o(.text)
    PWR_LowRegulatorLowVoltageCmd            0x08008135   Thumb Code    18  stm32f4xx_pwr.o(.text)
    PWR_FlashPowerDownCmd                    0x08008147   Thumb Code     6  stm32f4xx_pwr.o(.text)
    PWR_EnterSTOPMode                        0x0800814d   Thumb Code    46  stm32f4xx_pwr.o(.text)
    PWR_EnterUnderDriveSTOPMode              0x0800817b   Thumb Code    46  stm32f4xx_pwr.o(.text)
    PWR_EnterSTANDBYMode                     0x080081a9   Thumb Code    24  stm32f4xx_pwr.o(.text)
    PWR_GetFlagStatus                        0x080081c1   Thumb Code    16  stm32f4xx_pwr.o(.text)
    PWR_ClearFlag                            0x080081d1   Thumb Code    12  stm32f4xx_pwr.o(.text)
    ReadRawRC                                0x080081e9   Thumb Code    34  rc522.o(.text)
    WriteRawRC                               0x0800820b   Thumb Code    40  rc522.o(.text)
    ClearBitMask                             0x08008233   Thumb Code    24  rc522.o(.text)
    SetBitMask                               0x0800824b   Thumb Code    24  rc522.o(.text)
    AntennaOn                                0x08008263   Thumb Code    38  rc522.o(.text)
    MFRC522_Reset                            0x08008289   Thumb Code   152  rc522.o(.text)
    MFRC522_Initializtion                    0x08008321   Thumb Code   122  rc522.o(.text)
    PcdComMF522                              0x0800839b   Thumb Code   280  rc522.o(.text)
    CalulateCRC                              0x080084b3   Thumb Code   100  rc522.o(.text)
    PcdHalt                                  0x08008517   Thumb Code    50  rc522.o(.text)
    ReadID                                   0x08008549   Thumb Code   114  rc522.o(.text)
    PcdRequest                               0x080085bb   Thumb Code    98  rc522.o(.text)
    PcdRead                                  0x0800861d   Thumb Code    76  rc522.o(.text)
    PcdWrite                                 0x08008669   Thumb Code   142  rc522.o(.text)
    PcdAuthState                             0x080086f7   Thumb Code    84  rc522.o(.text)
    PcdSelect                                0x0800874b   Thumb Code   102  rc522.o(.text)
    PcdAnticoll                              0x080087b1   Thumb Code   106  rc522.o(.text)
    __use_no_semihosting                     0x0800881b   Thumb Code     2  use_no_semi_2.o(.text)
    malloc                                   0x0800881d   Thumb Code    94  h1_alloc.o(.text)
    free                                     0x0800887b   Thumb Code    78  h1_free.o(.text)
    __2printf                                0x080088c9   Thumb Code    20  noretval__2printf.o(.text)
    __2sprintf                               0x080088e1   Thumb Code    34  noretval__2sprintf.o(.text)
    _printf_pre_padding                      0x08008909   Thumb Code    44  _printf_pad.o(.text)
    _printf_post_padding                     0x08008935   Thumb Code    34  _printf_pad.o(.text)
    _printf_str                              0x08008957   Thumb Code    82  _printf_str.o(.text)
    _printf_int_dec                          0x080089a9   Thumb Code   104  _printf_dec.o(.text)
    _printf_int_hex                          0x08008a21   Thumb Code    84  _printf_hex_int.o(.text)
    _printf_longlong_hex                     0x08008a21   Thumb Code     0  _printf_hex_int.o(.text)
    __printf                                 0x08008a79   Thumb Code   308  __printf_flags_wp.o(.text)
    __use_two_region_memory                  0x08008bb1   Thumb Code     2  heapauxi.o(.text)
    __rt_heap_escrow                         0x08008bb3   Thumb Code     2  heapauxi.o(.text)
    __rt_heap_expand                         0x08008bb5   Thumb Code     2  heapauxi.o(.text)
    __I$use$semihosting                      0x08008bb7   Thumb Code     0  use_no_semi.o(.text)
    __use_no_semihosting_swi                 0x08008bb7   Thumb Code     2  use_no_semi.o(.text)
    __rt_heap_descriptor                     0x08008bb9   Thumb Code     8  rt_heap_descriptor_intlibspace.o(.text)
    __use_no_heap                            0x08008bc1   Thumb Code     2  hguard.o(.text)
    __heap$guard                             0x08008bc3   Thumb Code     2  hguard.o(.text)
    _terminate_user_alloc                    0x08008bc5   Thumb Code     2  init_alloc.o(.text)
    _init_user_alloc                         0x08008bc7   Thumb Code     2  init_alloc.o(.text)
    __Heap_Full                              0x08008bc9   Thumb Code    34  init_alloc.o(.text)
    __Heap_Broken                            0x08008beb   Thumb Code     6  init_alloc.o(.text)
    _init_alloc                              0x08008bf1   Thumb Code    94  init_alloc.o(.text)
    __Heap_Initialize                        0x08008c4f   Thumb Code    10  h1_init.o(.text)
    __Heap_DescSize                          0x08008c59   Thumb Code     4  h1_init.o(.text)
    _printf_int_common                       0x08008c5d   Thumb Code   178  _printf_intcommon.o(.text)
    _printf_char_common                      0x08008d1b   Thumb Code    32  _printf_char_common.o(.text)
    _sputc                                   0x08008d41   Thumb Code    10  _sputc.o(.text)
    _printf_cs_common                        0x08008d4b   Thumb Code    20  _printf_char.o(.text)
    _printf_char                             0x08008d5f   Thumb Code    16  _printf_char.o(.text)
    _printf_string                           0x08008d6f   Thumb Code     8  _printf_char.o(.text)
    _printf_char_file                        0x08008d79   Thumb Code    32  _printf_char_file.o(.text)
    __user_libspace                          0x08008d9d   Thumb Code     8  libspace.o(.text)
    __user_perproc_libspace                  0x08008d9d   Thumb Code     0  libspace.o(.text)
    __user_perthread_libspace                0x08008d9d   Thumb Code     0  libspace.o(.text)
    __Heap_ProvideMemory                     0x08008da5   Thumb Code    52  h1_extend.o(.text)
    ferror                                   0x08008dd9   Thumb Code     8  ferror.o(.text)
    __rt_SIGRTMEM                            0x08008de1   Thumb Code    14  defsig_rtmem_outer.o(.text)
    __user_setup_stackheap                   0x08008def   Thumb Code    74  sys_stackheap_outer.o(.text)
    exit                                     0x08008e39   Thumb Code    18  exit.o(.text)
    __sig_exit                               0x08008e4b   Thumb Code    10  defsig_exit.o(.text)
    __rt_SIGRTMEM_inner                      0x08008e55   Thumb Code    22  defsig_rtmem_inner.o(.text)
    __default_signal_display                 0x08008ea5   Thumb Code    50  defsig_general.o(.text)
    _is_digit                                0x08008ed7   Thumb Code    14  __printf_wp.o(i._is_digit)
    __aeabi_d2uiz                            0x08008ee5   Thumb Code     0  dfixu.o(x$fpl$dfixu)
    _dfixu                                   0x08008ee5   Thumb Code    90  dfixu.o(x$fpl$dfixu)
    __aeabi_ui2d                             0x08008f3f   Thumb Code     0  dflt_clz.o(x$fpl$dfltu)
    _dfltu                                   0x08008f3f   Thumb Code    38  dflt_clz.o(x$fpl$dfltu)
    __aeabi_dmul                             0x08008f65   Thumb Code     0  dmul.o(x$fpl$dmul)
    _dmul                                    0x08008f65   Thumb Code   332  dmul.o(x$fpl$dmul)
    __fpl_dnaninf                            0x080090b9   Thumb Code   156  dnaninf.o(x$fpl$dnaninf)
    __fpl_dretinf                            0x08009155   Thumb Code    12  dretinf.o(x$fpl$dretinf)
    _fp_init                                 0x08009161   Thumb Code    10  fpinit.o(x$fpl$fpinit)
    __fplib_config_fpu_vfp                   0x08009169   Thumb Code     0  fpinit.o(x$fpl$fpinit)
    __fplib_config_pureend_doubles           0x08009169   Thumb Code     0  fpinit.o(x$fpl$fpinit)
    __I$use$fp                               0x0800916a   Number         0  usenofp.o(x$fpl$usenofp)
    asc2_1206                                0x0800916a   Data        1140  lcd.o(.constdata)
    asc2_1608                                0x080095de   Data        1520  lcd.o(.constdata)
    asc2_2412                                0x08009bce   Data        3420  lcd.o(.constdata)
    FSMC_DefaultTimingStruct                 0x0800a92c   Data          28  stm32f4xx_fsmc.o(.constdata)
    Region$$Table$$Base                      0x0800a984   Number         0  anon$$obj.o(Region$$Table)
    Region$$Table$$Limit                     0x0800a9a4   Number         0  anon$$obj.o(Region$$Table)
    keyFun                                   0x20000000   Data           1  main.o(.data)
    CardID                                   0x20000001   Data           4  main.o(.data)
    SystemCoreClock                          0x20000008   Data           4  system_stm32f4xx.o(.data)
    AHBPrescTable                            0x2000000c   Data          16  system_stm32f4xx.o(.data)
    POINT_COLOR                              0x2000001c   Data           2  lcd.o(.data)
    BACK_COLOR                               0x2000001e   Data           2  lcd.o(.data)
    W25QXX_TYPE                              0x20000022   Data           2  w25qxx.o(.data)
    NVIC_InitStructure                       0x20000024   Data           4  rtc.o(.data)
    USART_RX_STA                             0x2000002c   Data           2  usart.o(.data)
    __stdout                                 0x20000030   Data           4  usart.o(.data)
    lcddev                                   0x20000044   Data          14  lcd.o(.bss)
    W25QXX_BUFFER                            0x20000052   Data        4096  w25qxx.o(.bss)
    USART_RX_BUF                             0x20001052   Data         200  usart.o(.bss)
    __libspace_start                         0x2000111c   Data          96  libspace.o(.bss)
    __temporary_stack_top$libspace           0x2000117c   Data           0  libspace.o(.bss)



==============================================================================

Memory Map of the image

  Image Entry point : 0x08000189

  Load Region LR_IROM1 (Base: 0x08000000, Size: 0x0000a9e8, Max: 0x00100000, ABSOLUTE)

    Execution Region ER_IROM1 (Exec base: 0x08000000, Load base: 0x08000000, Size: 0x0000a9a4, Max: 0x00100000, ABSOLUTE)

    Exec Addr    Load Addr    Size         Type   Attr      Idx    E Section Name        Object

    0x08000000   0x08000000   0x00000188   Data   RO          684    RESET               startup_stm32f40_41xxx.o
    0x08000188   0x08000188   0x00000008   Code   RO         1162  * !!!main             c_w.l(__main.o)
    0x08000190   0x08000190   0x00000034   Code   RO         1397    !!!scatter          c_w.l(__scatter.o)
    0x080001c4   0x080001c4   0x0000001a   Code   RO         1399    !!handler_copy      c_w.l(__scatter_copy.o)
    0x080001de   0x080001de   0x00000002   PAD
    0x080001e0   0x080001e0   0x0000001c   Code   RO         1401    !!handler_zi        c_w.l(__scatter_zi.o)
    0x080001fc   0x080001fc   0x00000000   Code   RO         1157    .ARM.Collect$$_printf_percent$$00000000  c_w.l(_printf_percent.o)
    0x080001fc   0x080001fc   0x00000006   Code   RO         1156    .ARM.Collect$$_printf_percent$$00000009  c_w.l(_printf_d.o)
    0x08000202   0x08000202   0x00000006   Code   RO         1155    .ARM.Collect$$_printf_percent$$0000000C  c_w.l(_printf_x.o)
    0x08000208   0x08000208   0x00000006   Code   RO         1154    .ARM.Collect$$_printf_percent$$00000014  c_w.l(_printf_s.o)
    0x0800020e   0x0800020e   0x00000004   Code   RO         1216    .ARM.Collect$$_printf_percent$$00000017  c_w.l(_printf_percent_end.o)
    0x08000212   0x08000212   0x00000002   Code   RO         1338    .ARM.Collect$$libinit$$00000000  c_w.l(libinit.o)
    0x08000214   0x08000214   0x00000004   Code   RO         1221    .ARM.Collect$$libinit$$00000001  c_w.l(libinit2.o)
    0x08000218   0x08000218   0x00000000   Code   RO         1224    .ARM.Collect$$libinit$$00000004  c_w.l(libinit2.o)
    0x08000218   0x08000218   0x00000008   Code   RO         1225    .ARM.Collect$$libinit$$00000005  c_w.l(libinit2.o)
    0x08000220   0x08000220   0x00000000   Code   RO         1227    .ARM.Collect$$libinit$$0000000A  c_w.l(libinit2.o)
    0x08000220   0x08000220   0x00000000   Code   RO         1229    .ARM.Collect$$libinit$$0000000C  c_w.l(libinit2.o)
    0x08000220   0x08000220   0x00000000   Code   RO         1231    .ARM.Collect$$libinit$$0000000E  c_w.l(libinit2.o)
    0x08000220   0x08000220   0x00000000   Code   RO         1234    .ARM.Collect$$libinit$$00000011  c_w.l(libinit2.o)
    0x08000220   0x08000220   0x00000000   Code   RO         1236    .ARM.Collect$$libinit$$00000013  c_w.l(libinit2.o)
    0x08000220   0x08000220   0x00000000   Code   RO         1238    .ARM.Collect$$libinit$$00000015  c_w.l(libinit2.o)
    0x08000220   0x08000220   0x00000000   Code   RO         1240    .ARM.Collect$$libinit$$00000017  c_w.l(libinit2.o)
    0x08000220   0x08000220   0x00000000   Code   RO         1242    .ARM.Collect$$libinit$$00000019  c_w.l(libinit2.o)
    0x08000220   0x08000220   0x00000000   Code   RO         1244    .ARM.Collect$$libinit$$0000001B  c_w.l(libinit2.o)
    0x08000220   0x08000220   0x00000000   Code   RO         1246    .ARM.Collect$$libinit$$0000001D  c_w.l(libinit2.o)
    0x08000220   0x08000220   0x00000000   Code   RO         1248    .ARM.Collect$$libinit$$0000001F  c_w.l(libinit2.o)
    0x08000220   0x08000220   0x00000000   Code   RO         1250    .ARM.Collect$$libinit$$00000021  c_w.l(libinit2.o)
    0x08000220   0x08000220   0x00000000   Code   RO         1252    .ARM.Collect$$libinit$$00000023  c_w.l(libinit2.o)
    0x08000220   0x08000220   0x00000000   Code   RO         1254    .ARM.Collect$$libinit$$00000025  c_w.l(libinit2.o)
    0x08000220   0x08000220   0x00000000   Code   RO         1258    .ARM.Collect$$libinit$$0000002C  c_w.l(libinit2.o)
    0x08000220   0x08000220   0x00000000   Code   RO         1260    .ARM.Collect$$libinit$$0000002E  c_w.l(libinit2.o)
    0x08000220   0x08000220   0x00000000   Code   RO         1262    .ARM.Collect$$libinit$$00000030  c_w.l(libinit2.o)
    0x08000220   0x08000220   0x00000000   Code   RO         1264    .ARM.Collect$$libinit$$00000032  c_w.l(libinit2.o)
    0x08000220   0x08000220   0x00000002   Code   RO         1265    .ARM.Collect$$libinit$$00000033  c_w.l(libinit2.o)
    0x08000222   0x08000222   0x00000002   Code   RO         1394    .ARM.Collect$$libshutdown$$00000000  c_w.l(libshutdown.o)
    0x08000224   0x08000224   0x00000000   Code   RO         1350    .ARM.Collect$$libshutdown$$00000002  c_w.l(libshutdown2.o)
    0x08000224   0x08000224   0x00000000   Code   RO         1352    .ARM.Collect$$libshutdown$$00000004  c_w.l(libshutdown2.o)
    0x08000224   0x08000224   0x00000000   Code   RO         1354    .ARM.Collect$$libshutdown$$00000006  c_w.l(libshutdown2.o)
    0x08000224   0x08000224   0x00000000   Code   RO         1357    .ARM.Collect$$libshutdown$$00000009  c_w.l(libshutdown2.o)
    0x08000224   0x08000224   0x00000000   Code   RO         1360    .ARM.Collect$$libshutdown$$0000000C  c_w.l(libshutdown2.o)
    0x08000224   0x08000224   0x00000000   Code   RO         1362    .ARM.Collect$$libshutdown$$0000000E  c_w.l(libshutdown2.o)
    0x08000224   0x08000224   0x00000000   Code   RO         1365    .ARM.Collect$$libshutdown$$00000011  c_w.l(libshutdown2.o)
    0x08000224   0x08000224   0x00000002   Code   RO         1366    .ARM.Collect$$libshutdown$$00000012  c_w.l(libshutdown2.o)
    0x08000226   0x08000226   0x00000000   Code   RO         1180    .ARM.Collect$$rtentry$$00000000  c_w.l(__rtentry.o)
    0x08000226   0x08000226   0x00000000   Code   RO         1277    .ARM.Collect$$rtentry$$00000002  c_w.l(__rtentry2.o)
    0x08000226   0x08000226   0x00000006   Code   RO         1289    .ARM.Collect$$rtentry$$00000004  c_w.l(__rtentry4.o)
    0x0800022c   0x0800022c   0x00000000   Code   RO         1279    .ARM.Collect$$rtentry$$00000009  c_w.l(__rtentry2.o)
    0x0800022c   0x0800022c   0x00000004   Code   RO         1280    .ARM.Collect$$rtentry$$0000000A  c_w.l(__rtentry2.o)
    0x08000230   0x08000230   0x00000000   Code   RO         1282    .ARM.Collect$$rtentry$$0000000C  c_w.l(__rtentry2.o)
    0x08000230   0x08000230   0x00000008   Code   RO         1283    .ARM.Collect$$rtentry$$0000000D  c_w.l(__rtentry2.o)
    0x08000238   0x08000238   0x00000002   Code   RO         1339    .ARM.Collect$$rtexit$$00000000  c_w.l(rtexit.o)
    0x0800023a   0x0800023a   0x00000000   Code   RO         1368    .ARM.Collect$$rtexit$$00000002  c_w.l(rtexit2.o)
    0x0800023a   0x0800023a   0x00000004   Code   RO         1369    .ARM.Collect$$rtexit$$00000003  c_w.l(rtexit2.o)
    0x0800023e   0x0800023e   0x00000006   Code   RO         1370    .ARM.Collect$$rtexit$$00000004  c_w.l(rtexit2.o)
    0x08000244   0x08000244   0x00000000   Code   RO         1293    .emb_text           c_w.l(maybetermalloc1.o)
    0x08000244   0x08000244   0x00000868   Code   RO            3    .text               main.o
    0x08000aac   0x08000aac   0x00000012   Code   RO          191    .text               stm32f4xx_it.o
    0x08000abe   0x08000abe   0x00000002   PAD
    0x08000ac0   0x08000ac0   0x00000190   Code   RO          315    .text               system_stm32f4xx.o
    0x08000c50   0x08000c50   0x00000070   Code   RO          341    .text               led.o
    0x08000cc0   0x08000cc0   0x000046c8   Code   RO          396    .text               lcd.o
    0x08005388   0x08005388   0x00000104   Code   RO          434    .text               key.o
    0x0800548c   0x0800548c   0x00000228   Code   RO          458    .text               spi.o
    0x080056b4   0x080056b4   0x00000338   Code   RO          484    .text               w25qxx.o
    0x080059ec   0x080059ec   0x00000230   Code   RO          515    .text               rtc.o
    0x08005c1c   0x08005c1c   0x0000008c   Code   RO          565    .text               beep.o
    0x08005ca8   0x08005ca8   0x0000015c   Code   RO          588    .text               exti.o
    0x08005e04   0x08005e04   0x000000b8   Code   RO          612    .text               delay.o
    0x08005ebc   0x08005ebc   0x0000012c   Code   RO          652    .text               usart.o
    0x08005fe8   0x08005fe8   0x00000040   Code   RO          685    .text               startup_stm32f40_41xxx.o
    0x08006028   0x08006028   0x000000bc   Code   RO          691    .text               misc.o
    0x080060e4   0x080060e4   0x00000264   Code   RO          711    .text               stm32f4xx_gpio.o
    0x08006348   0x08006348   0x00000480   Code   RO          731    .text               stm32f4xx_fsmc.o
    0x080067c8   0x080067c8   0x000004e0   Code   RO          754    .text               stm32f4xx_rcc.o
    0x08006ca8   0x08006ca8   0x000003f4   Code   RO          776    .text               stm32f4xx_usart.o
    0x0800709c   0x0800709c   0x00000078   Code   RO          816    .text               stm32f4xx_syscfg.o
    0x08007114   0x08007114   0x000003ac   Code   RO          836    .text               stm32f4xx_spi.o
    0x080074c0   0x080074c0   0x00000b0c   Code   RO          876    .text               stm32f4xx_rtc.o
    0x08007fcc   0x08007fcc   0x000000e0   Code   RO          896    .text               stm32f4xx_exti.o
    0x080080ac   0x080080ac   0x0000013c   Code   RO          916    .text               stm32f4xx_pwr.o
    0x080081e8   0x080081e8   0x00000632   Code   RO         1010    .text               rc522.o
    0x0800881a   0x0800881a   0x00000002   Code   RO         1033    .text               c_w.l(use_no_semi_2.o)
    0x0800881c   0x0800881c   0x0000005e   Code   RO         1039    .text               c_w.l(h1_alloc.o)
    0x0800887a   0x0800887a   0x0000004e   Code   RO         1041    .text               c_w.l(h1_free.o)
    0x080088c8   0x080088c8   0x00000018   Code   RO         1101    .text               c_w.l(noretval__2printf.o)
    0x080088e0   0x080088e0   0x00000028   Code   RO         1103    .text               c_w.l(noretval__2sprintf.o)
    0x08008908   0x08008908   0x0000004e   Code   RO         1107    .text               c_w.l(_printf_pad.o)
    0x08008956   0x08008956   0x00000052   Code   RO         1109    .text               c_w.l(_printf_str.o)
    0x080089a8   0x080089a8   0x00000078   Code   RO         1111    .text               c_w.l(_printf_dec.o)
    0x08008a20   0x08008a20   0x00000058   Code   RO         1116    .text               c_w.l(_printf_hex_int.o)
    0x08008a78   0x08008a78   0x00000138   Code   RO         1146    .text               c_w.l(__printf_flags_wp.o)
    0x08008bb0   0x08008bb0   0x00000006   Code   RO         1160    .text               c_w.l(heapauxi.o)
    0x08008bb6   0x08008bb6   0x00000002   Code   RO         1176    .text               c_w.l(use_no_semi.o)
    0x08008bb8   0x08008bb8   0x00000008   Code   RO         1184    .text               c_w.l(rt_heap_descriptor_intlibspace.o)
    0x08008bc0   0x08008bc0   0x00000004   Code   RO         1186    .text               c_w.l(hguard.o)
    0x08008bc4   0x08008bc4   0x0000008a   Code   RO         1188    .text               c_w.l(init_alloc.o)
    0x08008c4e   0x08008c4e   0x0000000e   Code   RO         1192    .text               c_w.l(h1_init.o)
    0x08008c5c   0x08008c5c   0x000000b2   Code   RO         1206    .text               c_w.l(_printf_intcommon.o)
    0x08008d0e   0x08008d0e   0x00000002   PAD
    0x08008d10   0x08008d10   0x00000030   Code   RO         1208    .text               c_w.l(_printf_char_common.o)
    0x08008d40   0x08008d40   0x0000000a   Code   RO         1210    .text               c_w.l(_sputc.o)
    0x08008d4a   0x08008d4a   0x0000002c   Code   RO         1212    .text               c_w.l(_printf_char.o)
    0x08008d76   0x08008d76   0x00000002   PAD
    0x08008d78   0x08008d78   0x00000024   Code   RO         1214    .text               c_w.l(_printf_char_file.o)
    0x08008d9c   0x08008d9c   0x00000008   Code   RO         1273    .text               c_w.l(libspace.o)
    0x08008da4   0x08008da4   0x00000034   Code   RO         1295    .text               c_w.l(h1_extend.o)
    0x08008dd8   0x08008dd8   0x00000008   Code   RO         1301    .text               c_w.l(ferror.o)
    0x08008de0   0x08008de0   0x0000000e   Code   RO         1305    .text               c_w.l(defsig_rtmem_outer.o)
    0x08008dee   0x08008dee   0x0000004a   Code   RO         1317    .text               c_w.l(sys_stackheap_outer.o)
    0x08008e38   0x08008e38   0x00000012   Code   RO         1323    .text               c_w.l(exit.o)
    0x08008e4a   0x08008e4a   0x0000000a   Code   RO         1325    .text               c_w.l(defsig_exit.o)
    0x08008e54   0x08008e54   0x00000050   Code   RO         1327    .text               c_w.l(defsig_rtmem_inner.o)
    0x08008ea4   0x08008ea4   0x00000032   Code   RO         1347    .text               c_w.l(defsig_general.o)
    0x08008ed6   0x08008ed6   0x0000000e   Code   RO         1144    i._is_digit         c_w.l(__printf_wp.o)
    0x08008ee4   0x08008ee4   0x0000005a   Code   RO         1164    x$fpl$dfixu         fz_wm.l(dfixu.o)
    0x08008f3e   0x08008f3e   0x00000026   Code   RO         1168    x$fpl$dfltu         fz_wm.l(dflt_clz.o)
    0x08008f64   0x08008f64   0x00000154   Code   RO         1174    x$fpl$dmul          fz_wm.l(dmul.o)
    0x080090b8   0x080090b8   0x0000009c   Code   RO         1266    x$fpl$dnaninf       fz_wm.l(dnaninf.o)
    0x08009154   0x08009154   0x0000000c   Code   RO         1268    x$fpl$dretinf       fz_wm.l(dretinf.o)
    0x08009160   0x08009160   0x0000000a   Code   RO         1314    x$fpl$fpinit        fz_wm.l(fpinit.o)
    0x0800916a   0x0800916a   0x00000000   Code   RO         1270    x$fpl$usenofp       fz_wm.l(usenofp.o)
    0x0800916a   0x0800916a   0x000017c0   Data   RO          398    .constdata          lcd.o
    0x0800a92a   0x0800a92a   0x00000002   PAD
    0x0800a92c   0x0800a92c   0x0000001c   Data   RO          732    .constdata          stm32f4xx_fsmc.o
    0x0800a948   0x0800a948   0x00000028   Data   RO         1117    .constdata          c_w.l(_printf_hex_int.o)
    0x0800a970   0x0800a970   0x00000011   Data   RO         1147    .constdata          c_w.l(__printf_flags_wp.o)
    0x0800a981   0x0800a981   0x00000003   PAD
    0x0800a984   0x0800a984   0x00000020   Data   RO         1395    Region$$Table       anon$$obj.o


    Execution Region RW_IRAM1 (Exec base: 0x20000000, Load base: 0x0800a9a4, Size: 0x00001780, Max: 0x00020000, ABSOLUTE)

    Exec Addr    Load Addr    Size         Type   Attr      Idx    E Section Name        Object

    0x20000000   0x0800a9a4   0x00000005   Data   RW            6    .data               main.o
    0x20000005   0x0800a9a9   0x00000003   PAD
    0x20000008   0x0800a9ac   0x00000014   Data   RW          316    .data               system_stm32f4xx.o
    0x2000001c   0x0800a9c0   0x00000004   Data   RW          399    .data               lcd.o
    0x20000020   0x0800a9c4   0x00000001   Data   RW          435    .data               key.o
    0x20000021   0x0800a9c5   0x00000001   PAD
    0x20000022   0x0800a9c6   0x00000002   Data   RW          486    .data               w25qxx.o
    0x20000024   0x0800a9c8   0x00000004   Data   RW          516    .data               rtc.o
    0x20000028   0x0800a9cc   0x00000004   Data   RW          613    .data               delay.o
    0x2000002c   0x0800a9d0   0x00000002   Data   RW          654    .data               usart.o
    0x2000002e   0x0800a9d2   0x00000002   PAD
    0x20000030   0x0800a9d4   0x00000004   Data   RW          655    .data               usart.o
    0x20000034   0x0800a9d8   0x00000010   Data   RW          755    .data               stm32f4xx_rcc.o
    0x20000044        -       0x0000000e   Zero   RW          397    .bss                lcd.o
    0x20000052        -       0x00001000   Zero   RW          485    .bss                w25qxx.o
    0x20001052        -       0x000000c8   Zero   RW          653    .bss                usart.o
    0x2000111a   0x0800a9e8   0x00000002   PAD
    0x2000111c        -       0x00000060   Zero   RW         1274    .bss                c_w.l(libspace.o)
    0x2000117c   0x0800a9e8   0x00000004   PAD
    0x20001180        -       0x00000200   Zero   RW          683    HEAP                startup_stm32f40_41xxx.o
    0x20001380        -       0x00000400   Zero   RW          682    STACK               startup_stm32f40_41xxx.o


==============================================================================

Image component sizes


      Code (inc. data)   RO Data    RW Data    ZI Data      Debug   Object Name

       140          8          0          0          0        813   beep.o
       184          4          0          4          0       1537   delay.o
       348         14          0          0          0       1325   exti.o
       260         12          0          1          0        952   key.o
     18120        108       6080          4         14      23130   lcd.o
       112          8          0          0          0     232298   led.o
      2152        728          0          5          0     266673   main.o
       188         14          0          0          0       2041   misc.o
      1586         12          0          0          0       6923   rc522.o
       560         22          0          4          0       2820   rtc.o
       552         24          0          0          0       1660   spi.o
        64         26        392          0       1536        848   startup_stm32f40_41xxx.o
       224          8          0          0          0       2471   stm32f4xx_exti.o
      1152         12         28          0          0       6298   stm32f4xx_fsmc.o
       612         44          0          0          0       4797   stm32f4xx_gpio.o
        18          0          0          0          0      60334   stm32f4xx_it.o
       316         12          0          0          0       3899   stm32f4xx_pwr.o
      1248         52          0         16          0      13776   stm32f4xx_rcc.o
      2828         40          0          0          0      16352   stm32f4xx_rtc.o
       940         36          0          0          0       7765   stm32f4xx_spi.o
       120         16          0          0          0       1905   stm32f4xx_syscfg.o
      1012         32          0          0          0       8824   stm32f4xx_usart.o
       400         36          0         20          0       1931   system_stm32f4xx.o
       300         18          0          6        200       3511   usart.o
       824         34          0          2       4096       4777   w25qxx.o

    ----------------------------------------------------------------------
     34262       1320       6534         68       5848     677660   Object Totals
         0          0         32          0          0          0   (incl. Generated)
         2          0          2          6          2          0   (incl. Padding)

    ----------------------------------------------------------------------

      Code (inc. data)   RO Data    RW Data    ZI Data      Debug   Library Member Name

         8          0          0          0          0         68   __main.o
       312          4         17          0          0         92   __printf_flags_wp.o
        14          0          0          0          0         68   __printf_wp.o
         0          0          0          0          0          0   __rtentry.o
        12          0          0          0          0          0   __rtentry2.o
         6          0          0          0          0          0   __rtentry4.o
        52          8          0          0          0          0   __scatter.o
        26          0          0          0          0          0   __scatter_copy.o
        28          0          0          0          0          0   __scatter_zi.o
        44          0          0          0          0        108   _printf_char.o
        48          6          0          0          0         96   _printf_char_common.o
        36          4          0          0          0         80   _printf_char_file.o
         6          0          0          0          0          0   _printf_d.o
       120         16          0          0          0         92   _printf_dec.o
        88          4         40          0          0         88   _printf_hex_int.o
       178          0          0          0          0         88   _printf_intcommon.o
        78          0          0          0          0        108   _printf_pad.o
         0          0          0          0          0          0   _printf_percent.o
         4          0          0          0          0          0   _printf_percent_end.o
         6          0          0          0          0          0   _printf_s.o
        82          0          0          0          0         80   _printf_str.o
         6          0          0          0          0          0   _printf_x.o
        10          0          0          0          0         68   _sputc.o
        10          0          0          0          0         68   defsig_exit.o
        50          0          0          0          0         88   defsig_general.o
        80         58          0          0          0         76   defsig_rtmem_inner.o
        14          0          0          0          0         80   defsig_rtmem_outer.o
        18          0          0          0          0         80   exit.o
         8          0          0          0          0         68   ferror.o
        94          0          0          0          0         80   h1_alloc.o
        52          0          0          0          0         68   h1_extend.o
        78          0          0          0          0         80   h1_free.o
        14          0          0          0          0         84   h1_init.o
         6          0          0          0          0        152   heapauxi.o
         4          0          0          0          0        136   hguard.o
       138          0          0          0          0        168   init_alloc.o
         2          0          0          0          0          0   libinit.o
        14          0          0          0          0          0   libinit2.o
         2          0          0          0          0          0   libshutdown.o
         2          0          0          0          0          0   libshutdown2.o
         8          4          0          0         96         68   libspace.o
         0          0          0          0          0          0   maybetermalloc1.o
        24          4          0          0          0         84   noretval__2printf.o
        40          6          0          0          0         84   noretval__2sprintf.o
         8          4          0          0          0         68   rt_heap_descriptor_intlibspace.o
         2          0          0          0          0          0   rtexit.o
        10          0          0          0          0          0   rtexit2.o
        74          0          0          0          0         80   sys_stackheap_outer.o
         2          0          0          0          0         68   use_no_semi.o
         2          0          0          0          0         68   use_no_semi_2.o
        90          4          0          0          0        140   dfixu.o
        38          0          0          0          0        116   dflt_clz.o
       340         12          0          0          0        152   dmul.o
       156          4          0          0          0        140   dnaninf.o
        12          0          0          0          0        116   dretinf.o
        10          0          0          0          0        116   fpinit.o
         0          0          0          0          0          0   usenofp.o

    ----------------------------------------------------------------------
      2572        138         60          0        100       3564   Library Totals
         6          0          3          0          4          0   (incl. Padding)

    ----------------------------------------------------------------------

      Code (inc. data)   RO Data    RW Data    ZI Data      Debug   Library Name

      1920        118         57          0         96       2784   c_w.l
       646         20          0          0          0        780   fz_wm.l

    ----------------------------------------------------------------------
      2572        138         60          0        100       3564   Library Totals

    ----------------------------------------------------------------------

==============================================================================


      Code (inc. data)   RO Data    RW Data    ZI Data      Debug   

     36834       1458       6594         68       5948     673516   Grand Totals
     36834       1458       6594         68       5948     673516   ELF Image Totals
     36834       1458       6594         68          0          0   ROM Totals

==============================================================================

    Total RO  Size (Code + RO Data)                43428 (  42.41kB)
    Total RW  Size (RW Data + ZI Data)              6016 (   5.88kB)
    Total ROM Size (Code + RO Data + RW Data)      43496 (  42.48kB)

==============================================================================

